RESIDENT_EOS_R60_COMMIT accepted_energy=2283578 refused_energy=2283578.25 adjacent=1 accepted_bitmap=0x00000000 refused_bitmap=0x00000010 passed=1
RESIDENT_EOS_ARITHMETIC_BOUNDARY_SWEEP samples=4 temperature_classes=4 composition_classes=main_64_cell_fixture scale_min=0.750500023 scale_max=1.24950004 passed=1
RESIDENT_EOS_R203_CELL cell=0 temperature_K=300 observed_ratio=0.99999994039535522 fp64_projected_ratio=0.99999994039535522 bit_equal=1
RESIDENT_EOS_R203_CELL cell=1 temperature_K=300 observed_ratio=0.99999994039535522 fp64_projected_ratio=0.99999994039535522 bit_equal=1
RESIDENT_EOS_R203_CELL cell=2 temperature_K=300 observed_ratio=0.99999994039535522 fp64_projected_ratio=0.99999994039535522 bit_equal=1
RESIDENT_EOS_R203_CELL cell=3 temperature_K=300 observed_ratio=0.99999994039535522 fp64_projected_ratio=0.99999994039535522 bit_equal=1
RESIDENT_EOS_R203_CELL cell=4 temperature_K=300 observed_ratio=0.99999994039535522 fp64_projected_ratio=0.99999994039535522 bit_equal=1
RESIDENT_EOS_R203_CELL cell=5 temperature_K=300 observed_ratio=0.99999994039535522 fp64_projected_ratio=0.99999994039535522 bit_equal=1
RESIDENT_EOS_R203_CELL cell=6 temperature_K=300 observed_ratio=0.99999994039535522 fp64_projected_ratio=0.99999994039535522 bit_equal=1
RESIDENT_EOS_R203_CELL cell=7 temperature_K=300 observed_ratio=0.99999994039535522 fp64_projected_ratio=0.99999994039535522 bit_equal=1
RESIDENT_EOS_R203_CELL cell=8 temperature_K=300 observed_ratio=0.99999994039535522 fp64_projected_ratio=0.99999994039535522 bit_equal=1
RESIDENT_EOS_R203_CELL cell=9 temperature_K=300 observed_ratio=0.99999994039535522 fp64_projected_ratio=0.99999994039535522 bit_equal=1
RESIDENT_EOS_R203_CELL cell=10 temperature_K=300 observed_ratio=0.99999994039535522 fp64_projected_ratio=0.99999994039535522 bit_equal=1
RESIDENT_EOS_R203_CELL cell=11 temperature_K=300 observed_ratio=0.99999994039535522 fp64_projected_ratio=0.99999994039535522 bit_equal=1
RESIDENT_EOS_R203_CELL cell=12 temperature_K=300 observed_ratio=0.99999994039535522 fp64_projected_ratio=0.99999994039535522 bit_equal=1
RESIDENT_EOS_R203_CELL cell=13 temperature_K=300 observed_ratio=0.99999994039535522 fp64_projected_ratio=0.99999994039535522 bit_equal=1
RESIDENT_EOS_R203_CELL cell=14 temperature_K=300 observed_ratio=0.99999994039535522 fp64_projected_ratio=0.99999994039535522 bit_equal=1
RESIDENT_EOS_R203_CELL cell=15 temperature_K=300 observed_ratio=0.99999994039535522 fp64_projected_ratio=0.99999994039535522 bit_equal=1
RESIDENT_EOS_R203_CELL cell=16 temperature_K=300 observed_ratio=0.99999994039535522 fp64_projected_ratio=0.99999994039535522 bit_equal=1
RESIDENT_EOS_R203_CELL cell=17 temperature_K=300 observed_ratio=0.99999994039535522 fp64_projected_ratio=0.99999994039535522 bit_equal=1
RESIDENT_EOS_R203_CELL cell=18 temperature_K=300 observed_ratio=0.99999994039535522 fp64_projected_ratio=0.99999994039535522 bit_equal=1
RESIDENT_EOS_R203_CELL cell=19 temperature_K=300 observed_ratio=0.99999994039535522 fp64_projected_ratio=0.99999994039535522 bit_equal=1
RESIDENT_EOS_R203_CELL cell=20 temperature_K=300 observed_ratio=0.99999994039535522 fp64_projected_ratio=0.99999994039535522 bit_equal=1
RESIDENT_EOS_R203_CELL cell=21 temperature_K=300 observed_ratio=0.99999994039535522 fp64_projected_ratio=0.99999994039535522 bit_equal=1
RESIDENT_EOS_R203_CELL cell=22 temperature_K=300 observed_ratio=0.99999994039535522 fp64_projected_ratio=0.99999994039535522 bit_equal=1
RESIDENT_EOS_R203_CELL cell=23 temperature_K=300 observed_ratio=0.99999994039535522 fp64_projected_ratio=0.99999994039535522 bit_equal=1
RESIDENT_EOS_R203_CELL cell=24 temperature_K=300 observed_ratio=0.99999994039535522 fp64_projected_ratio=0.99999994039535522 bit_equal=1
RESIDENT_EOS_R203_CELL cell=25 temperature_K=300 observed_ratio=0.99999994039535522 fp64_projected_ratio=0.99999994039535522 bit_equal=1
RESIDENT_EOS_R203_CELL cell=26 temperature_K=300 observed_ratio=0.99999994039535522 fp64_projected_ratio=0.99999994039535522 bit_equal=1
RESIDENT_EOS_R203_CELL cell=27 temperature_K=300 observed_ratio=0.99999994039535522 fp64_projected_ratio=0.99999994039535522 bit_equal=1
RESIDENT_EOS_R203_CELL cell=28 temperature_K=300 observed_ratio=0.99999994039535522 fp64_projected_ratio=0.99999994039535522 bit_equal=1
RESIDENT_EOS_R203_CELL cell=29 temperature_K=300 observed_ratio=0.99999994039535522 fp64_projected_ratio=0.99999994039535522 bit_equal=1
RESIDENT_EOS_R203_CELL cell=30 temperature_K=300 observed_ratio=0.99999994039535522 fp64_projected_ratio=0.99999994039535522 bit_equal=1
RESIDENT_EOS_R203_CELL cell=31 temperature_K=300 observed_ratio=0.99999994039535522 fp64_projected_ratio=0.99999994039535522 bit_equal=1
RESIDENT_EOS_R203_CELL cell=32 temperature_K=300 observed_ratio=0.99999994039535522 fp64_projected_ratio=0.99999994039535522 bit_equal=1
RESIDENT_EOS_R203_CELL cell=33 temperature_K=300 observed_ratio=0.99999994039535522 fp64_projected_ratio=0.99999994039535522 bit_equal=1
RESIDENT_EOS_R203_CELL cell=34 temperature_K=300 observed_ratio=0.99999994039535522 fp64_projected_ratio=0.99999994039535522 bit_equal=1
RESIDENT_EOS_R203_CELL cell=35 temperature_K=300 observed_ratio=0.99999994039535522 fp64_projected_ratio=0.99999994039535522 bit_equal=1
RESIDENT_EOS_R203_CELL cell=36 temperature_K=300 observed_ratio=0.99999994039535522 fp64_projected_ratio=0.99999994039535522 bit_equal=1
RESIDENT_EOS_R203_CELL cell=37 temperature_K=300 observed_ratio=0.99999994039535522 fp64_projected_ratio=0.99999994039535522 bit_equal=1
RESIDENT_EOS_R203_CELL cell=38 temperature_K=300 observed_ratio=0.99999994039535522 fp64_projected_ratio=0.99999994039535522 bit_equal=1
RESIDENT_EOS_R203_CELL cell=39 temperature_K=300 observed_ratio=0.99999994039535522 fp64_projected_ratio=0.99999994039535522 bit_equal=1
RESIDENT_EOS_R203_CELL cell=40 temperature_K=300 observed_ratio=0.99999994039535522 fp64_projected_ratio=0.99999994039535522 bit_equal=1
RESIDENT_EOS_R203_CELL cell=41 temperature_K=300 observed_ratio=0.99999994039535522 fp64_projected_ratio=0.99999994039535522 bit_equal=1
RESIDENT_EOS_R203_CELL cell=42 temperature_K=300 observed_ratio=0.99999994039535522 fp64_projected_ratio=0.99999994039535522 bit_equal=1
RESIDENT_EOS_R203_CELL cell=43 temperature_K=300 observed_ratio=0.99999994039535522 fp64_projected_ratio=0.99999994039535522 bit_equal=1
RESIDENT_EOS_R203_CELL cell=44 temperature_K=300 observed_ratio=0.99999994039535522 fp64_projected_ratio=0.99999994039535522 bit_equal=1
RESIDENT_EOS_R203_CELL cell=45 temperature_K=300 observed_ratio=0.99999994039535522 fp64_projected_ratio=0.99999994039535522 bit_equal=1
RESIDENT_EOS_R203_CELL cell=46 temperature_K=300 observed_ratio=0.99999994039535522 fp64_projected_ratio=0.99999994039535522 bit_equal=1
RESIDENT_EOS_R203_CELL cell=47 temperature_K=300 observed_ratio=0.99999994039535522 fp64_projected_ratio=0.99999994039535522 bit_equal=1
RESIDENT_EOS_R203_CELL cell=48 temperature_K=300 observed_ratio=0.99999994039535522 fp64_projected_ratio=0.99999994039535522 bit_equal=1
RESIDENT_EOS_R203_CELL cell=49 temperature_K=300 observed_ratio=0.99999994039535522 fp64_projected_ratio=0.99999994039535522 bit_equal=1
RESIDENT_EOS_R203_CELL cell=50 temperature_K=300 observed_ratio=0.99999994039535522 fp64_projected_ratio=0.99999994039535522 bit_equal=1
RESIDENT_EOS_R203_CELL cell=51 temperature_K=300 observed_ratio=0.99999994039535522 fp64_projected_ratio=0.99999994039535522 bit_equal=1
RESIDENT_EOS_R203_CELL cell=52 temperature_K=300 observed_ratio=0.99999994039535522 fp64_projected_ratio=0.99999994039535522 bit_equal=1
RESIDENT_EOS_R203_CELL cell=53 temperature_K=300 observed_ratio=0.99999994039535522 fp64_projected_ratio=0.99999994039535522 bit_equal=1
RESIDENT_EOS_R203_CELL cell=54 temperature_K=300 observed_ratio=0.99999994039535522 fp64_projected_ratio=0.99999994039535522 bit_equal=1
RESIDENT_EOS_R203_CELL cell=55 temperature_K=300 observed_ratio=0.99999994039535522 fp64_projected_ratio=0.99999994039535522 bit_equal=1
RESIDENT_EOS_R203_CELL cell=56 temperature_K=300 observed_ratio=0.99999994039535522 fp64_projected_ratio=0.99999994039535522 bit_equal=1
RESIDENT_EOS_R203_CELL cell=57 temperature_K=300 observed_ratio=0.99999994039535522 fp64_projected_ratio=0.99999994039535522 bit_equal=1
RESIDENT_EOS_R203_CELL cell=58 temperature_K=300 observed_ratio=0.99999994039535522 fp64_projected_ratio=0.99999994039535522 bit_equal=1
RESIDENT_EOS_R203_CELL cell=59 temperature_K=300 observed_ratio=0.99999994039535522 fp64_projected_ratio=0.99999994039535522 bit_equal=1
RESIDENT_EOS_R203_CELL cell=60 temperature_K=300 observed_ratio=0.99999994039535522 fp64_projected_ratio=0.99999994039535522 bit_equal=1
RESIDENT_EOS_R203_CELL cell=61 temperature_K=300 observed_ratio=0.99999994039535522 fp64_projected_ratio=0.99999994039535522 bit_equal=1
RESIDENT_EOS_R203_CELL cell=62 temperature_K=300 observed_ratio=0.99999994039535522 fp64_projected_ratio=0.99999994039535522 bit_equal=1
RESIDENT_EOS_R203_CELL cell=63 temperature_K=300 observed_ratio=0.99999994039535522 fp64_projected_ratio=0.99999994039535522 bit_equal=1
RESIDENT_EOS_R203_REFUSAL_CELL passed=1 cells=64 error=
RESIDENT_EOS_LOG_ENCLOSURE samples=48693249 lattice=24346625 midpoints=24346624 max_residual_over_bound=0.5192248117002557 worst_index=1 ln2_binary64_projection_residual=0 ln2_bound=5.5511151231257827e-17 ln2_high_precision=1 libm_image=/usr/lib/system/libsystem_m.dylib os_build=25F84 os_release=25.5.0 machine=arm64 metal_device_registry_id=0x000000010000087d metal_device_name="Apple M4 Max" metal_device_family=apple9 metal_runtime_image=/System/Library/Frameworks/Metal.framework/Versions/A/Metal metal_runtime_bundle=com.apple.Metal metal_runtime_version=373.2 metal_language=3.2 metal_math_mode=safe metal_library_source_sha256=c2741b0ca6aae9a0fa86437ba108eb9c47c74fbf9535cda12fcaf461c45d841c metal_function_set_sha256=3b9f5d1d8ec01277c9263ea2ba2270e10f105a04ce083b845928d3e76096a89c metal_kernel=diagnose_eos_log_enclosure thread_execution_width=32 max_threads_per_threadgroup=1024 static_threadgroup_memory_bytes=0 metal_identity_consistent=1 passed=1
RESIDENT_EOS_CELL cell=0 field=temperature observed_K=300 expected_fp64_to_fp32_K=300 residual_K=0 local_projection_enclosure_K=1.52587890625e-05 residual_over_enclosure=0 bit_equal=1
RESIDENT_EOS_CELL cell=0 field=represented_pressure_ratio observed_ratio=1.00024414 expected_fp64_to_fp32_ratio=1.00024414 residual_ratio=0 local_projection_enclosure_ratio=5.9604644775390625e-08 residual_over_enclosure=0 bit_equal=1
RESIDENT_EOS_CELL cell=0 field=absolute_eos_deviation observed_ratio=0.000244140625 expected_fp64_to_fp32_ratio=0.000244140625 residual_ratio=0 local_rounding_aware_enclosure_ratio=2.9103830456733704e-11 residual_over_enclosure=0 bit_equal=1
RESIDENT_EOS_CELL cell=1 field=temperature observed_K=425 expected_fp64_to_fp32_K=425 residual_K=0 local_projection_enclosure_K=1.52587890625e-05 residual_over_enclosure=0 bit_equal=1
RESIDENT_EOS_CELL cell=1 field=represented_pressure_ratio observed_ratio=0.99987793 expected_fp64_to_fp32_ratio=0.99987793 residual_ratio=0 local_projection_enclosure_ratio=2.9802322387695312e-08 residual_over_enclosure=0 bit_equal=1
RESIDENT_EOS_CELL cell=1 field=absolute_eos_deviation observed_ratio=0.000122070312 expected_fp64_to_fp32_ratio=0.000122070312 residual_ratio=0 local_rounding_aware_enclosure_ratio=1.4551915228366852e-11 residual_over_enclosure=0 bit_equal=1
RESIDENT_EOS_CELL cell=2 field=temperature observed_K=949.999939 expected_fp64_to_fp32_K=949.999939 residual_K=0 local_projection_enclosure_K=3.0517578125e-05 residual_over_enclosure=0 bit_equal=1
RESIDENT_EOS_CELL cell=2 field=represented_pressure_ratio observed_ratio=0.99987787 expected_fp64_to_fp32_ratio=0.99987787 residual_ratio=0 local_projection_enclosure_ratio=2.9802322387695312e-08 residual_over_enclosure=0 bit_equal=1
RESIDENT_EOS_CELL cell=2 field=absolute_eos_deviation observed_ratio=0.000122129917 expected_fp64_to_fp32_ratio=0.000122129917 residual_ratio=0 local_rounding_aware_enclosure_ratio=1.4551915228366852e-11 residual_over_enclosure=0 bit_equal=1
RESIDENT_EOS_CELL cell=3 field=temperature observed_K=1000 expected_fp64_to_fp32_K=1000 residual_K=0 local_projection_enclosure_K=3.0517578125e-05 residual_over_enclosure=0 bit_equal=1
RESIDENT_EOS_CELL cell=3 field=represented_pressure_ratio observed_ratio=1.00024414 expected_fp64_to_fp32_ratio=1.00024414 residual_ratio=0 local_projection_enclosure_ratio=5.9604644775390625e-08 residual_over_enclosure=0 bit_equal=1
RESIDENT_EOS_CELL cell=3 field=absolute_eos_deviation observed_ratio=0.000244140625 expected_fp64_to_fp32_ratio=0.000244140625 residual_ratio=0 local_rounding_aware_enclosure_ratio=2.9103830456733704e-11 residual_over_enclosure=0 bit_equal=1
RESIDENT_EOS_CELL cell=4 field=temperature observed_K=1000.00104 expected_fp64_to_fp32_K=1000.00104 residual_K=0 local_projection_enclosure_K=3.0517578125e-05 residual_over_enclosure=0 bit_equal=1
RESIDENT_EOS_CELL cell=4 field=represented_pressure_ratio observed_ratio=0.99987787 expected_fp64_to_fp32_ratio=0.99987787 residual_ratio=0 local_projection_enclosure_ratio=2.9802322387695312e-08 residual_over_enclosure=0 bit_equal=1
RESIDENT_EOS_CELL cell=4 field=absolute_eos_deviation observed_ratio=0.000122129917 expected_fp64_to_fp32_ratio=0.000122129917 residual_ratio=0 local_rounding_aware_enclosure_ratio=1.4551915228366852e-11 residual_over_enclosure=0 bit_equal=1
RESIDENT_EOS_CELL cell=5 field=temperature observed_K=1500 expected_fp64_to_fp32_K=1500 residual_K=0 local_projection_enclosure_K=6.103515625e-05 residual_over_enclosure=0 bit_equal=1
RESIDENT_EOS_CELL cell=5 field=represented_pressure_ratio observed_ratio=0.99987793 expected_fp64_to_fp32_ratio=0.99987793 residual_ratio=0 local_projection_enclosure_ratio=2.9802322387695312e-08 residual_over_enclosure=0 bit_equal=1
RESIDENT_EOS_CELL cell=5 field=absolute_eos_deviation observed_ratio=0.000122070312 expected_fp64_to_fp32_ratio=0.000122070312 residual_ratio=0 local_rounding_aware_enclosure_ratio=1.4551915228366852e-11 residual_over_enclosure=0 bit_equal=1
RESIDENT_EOS_CELL cell=6 field=temperature observed_K=1900 expected_fp64_to_fp32_K=1900 residual_K=0 local_projection_enclosure_K=6.103515625e-05 residual_over_enclosure=0 bit_equal=1
RESIDENT_EOS_CELL cell=6 field=represented_pressure_ratio observed_ratio=1.00024414 expected_fp64_to_fp32_ratio=1.00024414 residual_ratio=0 local_projection_enclosure_ratio=5.9604644775390625e-08 residual_over_enclosure=0 bit_equal=1
RESIDENT_EOS_CELL cell=6 field=absolute_eos_deviation observed_ratio=0.000244140625 expected_fp64_to_fp32_ratio=0.000244140625 residual_ratio=0 local_rounding_aware_enclosure_ratio=2.9103830456733704e-11 residual_over_enclosure=0 bit_equal=1
RESIDENT_EOS_CELL cell=7 field=temperature observed_K=2200 expected_fp64_to_fp32_K=2200 residual_K=0 local_projection_enclosure_K=0.0001220703125 residual_over_enclosure=0 bit_equal=1
RESIDENT_EOS_CELL cell=7 field=represented_pressure_ratio observed_ratio=0.99987787 expected_fp64_to_fp32_ratio=0.99987787 residual_ratio=0 local_projection_enclosure_ratio=2.9802322387695312e-08 residual_over_enclosure=0 bit_equal=1
RESIDENT_EOS_CELL cell=7 field=absolute_eos_deviation observed_ratio=0.000122129917 expected_fp64_to_fp32_ratio=0.000122129917 residual_ratio=0 local_rounding_aware_enclosure_ratio=1.4551915228366852e-11 residual_over_enclosure=0 bit_equal=1
RESIDENT_EOS_CELL cell=8 field=temperature observed_K=300 expected_fp64_to_fp32_K=300 residual_K=0 local_projection_enclosure_K=1.52587890625e-05 residual_over_enclosure=0 bit_equal=1
RESIDENT_EOS_CELL cell=8 field=represented_pressure_ratio observed_ratio=0.99987793 expected_fp64_to_fp32_ratio=0.99987793 residual_ratio=0 local_projection_enclosure_ratio=2.9802322387695312e-08 residual_over_enclosure=0 bit_equal=1
RESIDENT_EOS_CELL cell=8 field=absolute_eos_deviation observed_ratio=0.000122070312 expected_fp64_to_fp32_ratio=0.000122070312 residual_ratio=0 local_rounding_aware_enclosure_ratio=1.4551915228366852e-11 residual_over_enclosure=0 bit_equal=1
RESIDENT_EOS_CELL cell=9 field=temperature observed_K=425 expected_fp64_to_fp32_K=425 residual_K=0 local_projection_enclosure_K=1.52587890625e-05 residual_over_enclosure=0 bit_equal=1
RESIDENT_EOS_CELL cell=9 field=represented_pressure_ratio observed_ratio=1.00024414 expected_fp64_to_fp32_ratio=1.00024414 residual_ratio=0 local_projection_enclosure_ratio=5.9604644775390625e-08 residual_over_enclosure=0 bit_equal=1
RESIDENT_EOS_CELL cell=9 field=absolute_eos_deviation observed_ratio=0.000244140625 expected_fp64_to_fp32_ratio=0.000244140625 residual_ratio=0 local_rounding_aware_enclosure_ratio=2.9103830456733704e-11 residual_over_enclosure=0 bit_equal=1
RESIDENT_EOS_CELL cell=10 field=temperature observed_K=950 expected_fp64_to_fp32_K=950 residual_K=0 local_projection_enclosure_K=3.0517578125e-05 residual_over_enclosure=0 bit_equal=1
RESIDENT_EOS_CELL cell=10 field=represented_pressure_ratio observed_ratio=0.99987793 expected_fp64_to_fp32_ratio=0.99987793 residual_ratio=0 local_projection_enclosure_ratio=2.9802322387695312e-08 residual_over_enclosure=0 bit_equal=1
RESIDENT_EOS_CELL cell=10 field=absolute_eos_deviation observed_ratio=0.000122070312 expected_fp64_to_fp32_ratio=0.000122070312 residual_ratio=0 local_rounding_aware_enclosure_ratio=1.4551915228366852e-11 residual_over_enclosure=0 bit_equal=1
RESIDENT_EOS_CELL cell=11 field=temperature observed_K=1000 expected_fp64_to_fp32_K=1000 residual_K=0 local_projection_enclosure_K=3.0517578125e-05 residual_over_enclosure=0 bit_equal=1
RESIDENT_EOS_CELL cell=11 field=represented_pressure_ratio observed_ratio=0.99987793 expected_fp64_to_fp32_ratio=0.99987793 residual_ratio=0 local_projection_enclosure_ratio=2.9802322387695312e-08 residual_over_enclosure=0 bit_equal=1
RESIDENT_EOS_CELL cell=11 field=absolute_eos_deviation observed_ratio=0.000122070312 expected_fp64_to_fp32_ratio=0.000122070312 residual_ratio=0 local_rounding_aware_enclosure_ratio=1.4551915228366852e-11 residual_over_enclosure=0 bit_equal=1
RESIDENT_EOS_CELL cell=12 field=temperature observed_K=1000.00098 expected_fp64_to_fp32_K=1000.00098 residual_K=0 local_projection_enclosure_K=3.0517578125e-05 residual_over_enclosure=0 bit_equal=1
RESIDENT_EOS_CELL cell=12 field=represented_pressure_ratio observed_ratio=1.00024414 expected_fp64_to_fp32_ratio=1.00024414 residual_ratio=0 local_projection_enclosure_ratio=5.9604644775390625e-08 residual_over_enclosure=0 bit_equal=1
RESIDENT_EOS_CELL cell=12 field=absolute_eos_deviation observed_ratio=0.000244140625 expected_fp64_to_fp32_ratio=0.000244140625 residual_ratio=0 local_rounding_aware_enclosure_ratio=2.9103830456733704e-11 residual_over_enclosure=0 bit_equal=1
RESIDENT_EOS_CELL cell=13 field=temperature observed_K=1500 expected_fp64_to_fp32_K=1500 residual_K=0 local_projection_enclosure_K=6.103515625e-05 residual_over_enclosure=0 bit_equal=1
RESIDENT_EOS_CELL cell=13 field=represented_pressure_ratio observed_ratio=0.99987793 expected_fp64_to_fp32_ratio=0.99987793 residual_ratio=0 local_projection_enclosure_ratio=2.9802322387695312e-08 residual_over_enclosure=0 bit_equal=1
RESIDENT_EOS_CELL cell=13 field=absolute_eos_deviation observed_ratio=0.000122070312 expected_fp64_to_fp32_ratio=0.000122070312 residual_ratio=0 local_rounding_aware_enclosure_ratio=1.4551915228366852e-11 residual_over_enclosure=0 bit_equal=1
RESIDENT_EOS_CELL cell=14 field=temperature observed_K=1900.00012 expected_fp64_to_fp32_K=1900.00012 residual_K=0 local_projection_enclosure_K=6.103515625e-05 residual_over_enclosure=0 bit_equal=1
RESIDENT_EOS_CELL cell=14 field=represented_pressure_ratio observed_ratio=0.99987793 expected_fp64_to_fp32_ratio=0.99987793 residual_ratio=0 local_projection_enclosure_ratio=2.9802322387695312e-08 residual_over_enclosure=0 bit_equal=1
RESIDENT_EOS_CELL cell=14 field=absolute_eos_deviation observed_ratio=0.000122070312 expected_fp64_to_fp32_ratio=0.000122070312 residual_ratio=0 local_rounding_aware_enclosure_ratio=1.4551915228366852e-11 residual_over_enclosure=0 bit_equal=1
RESIDENT_EOS_CELL cell=15 field=temperature observed_K=2200 expected_fp64_to_fp32_K=2200 residual_K=0 local_projection_enclosure_K=0.0001220703125 residual_over_enclosure=0 bit_equal=1
RESIDENT_EOS_CELL cell=15 field=represented_pressure_ratio observed_ratio=1.00024414 expected_fp64_to_fp32_ratio=1.00024414 residual_ratio=0 local_projection_enclosure_ratio=5.9604644775390625e-08 residual_over_enclosure=0 bit_equal=1
RESIDENT_EOS_CELL cell=15 field=absolute_eos_deviation observed_ratio=0.000244140625 expected_fp64_to_fp32_ratio=0.000244140625 residual_ratio=0 local_rounding_aware_enclosure_ratio=2.9103830456733704e-11 residual_over_enclosure=0 bit_equal=1
RESIDENT_EOS_CELL cell=16 field=temperature observed_K=300 expected_fp64_to_fp32_K=300 residual_K=0 local_projection_enclosure_K=1.52587890625e-05 residual_over_enclosure=0 bit_equal=1
RESIDENT_EOS_CELL cell=16 field=represented_pressure_ratio observed_ratio=0.99987793 expected_fp64_to_fp32_ratio=0.99987793 residual_ratio=0 local_projection_enclosure_ratio=2.9802322387695312e-08 residual_over_enclosure=0 bit_equal=1
RESIDENT_EOS_CELL cell=16 field=absolute_eos_deviation observed_ratio=0.000122070312 expected_fp64_to_fp32_ratio=0.000122070312 residual_ratio=0 local_rounding_aware_enclosure_ratio=1.4551915228366852e-11 residual_over_enclosure=0 bit_equal=1
RESIDENT_EOS_CELL cell=17 field=temperature observed_K=425 expected_fp64_to_fp32_K=425 residual_K=0 local_projection_enclosure_K=1.52587890625e-05 residual_over_enclosure=0 bit_equal=1
RESIDENT_EOS_CELL cell=17 field=represented_pressure_ratio observed_ratio=0.99987787 expected_fp64_to_fp32_ratio=0.99987787 residual_ratio=0 local_projection_enclosure_ratio=2.9802322387695312e-08 residual_over_enclosure=0 bit_equal=1
RESIDENT_EOS_CELL cell=17 field=absolute_eos_deviation observed_ratio=0.000122129917 expected_fp64_to_fp32_ratio=0.000122129917 residual_ratio=0 local_rounding_aware_enclosure_ratio=1.4551915228366852e-11 residual_over_enclosure=0 bit_equal=1
RESIDENT_EOS_CELL cell=18 field=temperature observed_K=950.000061 expected_fp64_to_fp32_K=950.000061 residual_K=0 local_projection_enclosure_K=3.0517578125e-05 residual_over_enclosure=0 bit_equal=1
RESIDENT_EOS_CELL cell=18 field=represented_pressure_ratio observed_ratio=1.00024414 expected_fp64_to_fp32_ratio=1.00024414 residual_ratio=0 local_projection_enclosure_ratio=5.9604644775390625e-08 residual_over_enclosure=0 bit_equal=1
RESIDENT_EOS_CELL cell=18 field=absolute_eos_deviation observed_ratio=0.000244140625 expected_fp64_to_fp32_ratio=0.000244140625 residual_ratio=0 local_rounding_aware_enclosure_ratio=2.9103830456733704e-11 residual_over_enclosure=0 bit_equal=1
RESIDENT_EOS_CELL cell=19 field=temperature observed_K=1000 expected_fp64_to_fp32_K=1000 residual_K=0 local_projection_enclosure_K=3.0517578125e-05 residual_over_enclosure=0 bit_equal=1
RESIDENT_EOS_CELL cell=19 field=represented_pressure_ratio observed_ratio=0.99987793 expected_fp64_to_fp32_ratio=0.99987793 residual_ratio=0 local_projection_enclosure_ratio=2.9802322387695312e-08 residual_over_enclosure=0 bit_equal=1
RESIDENT_EOS_CELL cell=19 field=absolute_eos_deviation observed_ratio=0.000122070312 expected_fp64_to_fp32_ratio=0.000122070312 residual_ratio=0 local_rounding_aware_enclosure_ratio=1.4551915228366852e-11 residual_over_enclosure=0 bit_equal=1
RESIDENT_EOS_CELL cell=20 field=temperature observed_K=1000.00098 expected_fp64_to_fp32_K=1000.00098 residual_K=0 local_projection_enclosure_K=3.0517578125e-05 residual_over_enclosure=0 bit_equal=1
RESIDENT_EOS_CELL cell=20 field=represented_pressure_ratio observed_ratio=0.999877989 expected_fp64_to_fp32_ratio=0.999877989 residual_ratio=0 local_projection_enclosure_ratio=2.9802322387695312e-08 residual_over_enclosure=0 bit_equal=1
RESIDENT_EOS_CELL cell=20 field=absolute_eos_deviation observed_ratio=0.000122010708 expected_fp64_to_fp32_ratio=0.000122010708 residual_ratio=0 local_rounding_aware_enclosure_ratio=7.2759576141834259e-12 residual_over_enclosure=0 bit_equal=1
RESIDENT_EOS_CELL cell=21 field=temperature observed_K=1500 expected_fp64_to_fp32_K=1500 residual_K=0 local_projection_enclosure_K=6.103515625e-05 residual_over_enclosure=0 bit_equal=1
RESIDENT_EOS_CELL cell=21 field=represented_pressure_ratio observed_ratio=1.00024414 expected_fp64_to_fp32_ratio=1.00024414 residual_ratio=0 local_projection_enclosure_ratio=5.9604644775390625e-08 residual_over_enclosure=0 bit_equal=1
RESIDENT_EOS_CELL cell=21 field=absolute_eos_deviation observed_ratio=0.000244140625 expected_fp64_to_fp32_ratio=0.000244140625 residual_ratio=0 local_rounding_aware_enclosure_ratio=2.9103830456733704e-11 residual_over_enclosure=0 bit_equal=1
RESIDENT_EOS_CELL cell=22 field=temperature observed_K=1900 expected_fp64_to_fp32_K=1900 residual_K=0 local_projection_enclosure_K=6.103515625e-05 residual_over_enclosure=0 bit_equal=1
RESIDENT_EOS_CELL cell=22 field=represented_pressure_ratio observed_ratio=0.99987793 expected_fp64_to_fp32_ratio=0.99987793 residual_ratio=0 local_projection_enclosure_ratio=2.9802322387695312e-08 residual_over_enclosure=0 bit_equal=1
RESIDENT_EOS_CELL cell=22 field=absolute_eos_deviation observed_ratio=0.000122070312 expected_fp64_to_fp32_ratio=0.000122070312 residual_ratio=0 local_rounding_aware_enclosure_ratio=1.4551915228366852e-11 residual_over_enclosure=0 bit_equal=1
RESIDENT_EOS_CELL cell=23 field=temperature observed_K=2200 expected_fp64_to_fp32_K=2200 residual_K=0 local_projection_enclosure_K=0.0001220703125 residual_over_enclosure=0 bit_equal=1
RESIDENT_EOS_CELL cell=23 field=represented_pressure_ratio observed_ratio=0.99987793 expected_fp64_to_fp32_ratio=0.99987793 residual_ratio=0 local_projection_enclosure_ratio=2.9802322387695312e-08 residual_over_enclosure=0 bit_equal=1
RESIDENT_EOS_CELL cell=23 field=absolute_eos_deviation observed_ratio=0.000122070312 expected_fp64_to_fp32_ratio=0.000122070312 residual_ratio=0 local_rounding_aware_enclosure_ratio=1.4551915228366852e-11 residual_over_enclosure=0 bit_equal=1
RESIDENT_EOS_CELL cell=24 field=temperature observed_K=300 expected_fp64_to_fp32_K=300 residual_K=0 local_projection_enclosure_K=1.52587890625e-05 residual_over_enclosure=0 bit_equal=1
RESIDENT_EOS_CELL cell=24 field=represented_pressure_ratio observed_ratio=1.00024414 expected_fp64_to_fp32_ratio=1.00024414 residual_ratio=0 local_projection_enclosure_ratio=5.9604644775390625e-08 residual_over_enclosure=0 bit_equal=1
RESIDENT_EOS_CELL cell=24 field=absolute_eos_deviation observed_ratio=0.000244140625 expected_fp64_to_fp32_ratio=0.000244140625 residual_ratio=0 local_rounding_aware_enclosure_ratio=2.9103830456733704e-11 residual_over_enclosure=0 bit_equal=1
RESIDENT_EOS_CELL cell=25 field=temperature observed_K=425 expected_fp64_to_fp32_K=425 residual_K=0 local_projection_enclosure_K=1.52587890625e-05 residual_over_enclosure=0 bit_equal=1
RESIDENT_EOS_CELL cell=25 field=represented_pressure_ratio observed_ratio=0.99987787 expected_fp64_to_fp32_ratio=0.99987787 residual_ratio=0 local_projection_enclosure_ratio=2.9802322387695312e-08 residual_over_enclosure=0 bit_equal=1
RESIDENT_EOS_CELL cell=25 field=absolute_eos_deviation observed_ratio=0.000122129917 expected_fp64_to_fp32_ratio=0.000122129917 residual_ratio=0 local_rounding_aware_enclosure_ratio=1.4551915228366852e-11 residual_over_enclosure=0 bit_equal=1
RESIDENT_EOS_CELL cell=26 field=temperature observed_K=950 expected_fp64_to_fp32_K=950 residual_K=0 local_projection_enclosure_K=3.0517578125e-05 residual_over_enclosure=0 bit_equal=1
RESIDENT_EOS_CELL cell=26 field=represented_pressure_ratio observed_ratio=0.99987793 expected_fp64_to_fp32_ratio=0.99987793 residual_ratio=0 local_projection_enclosure_ratio=2.9802322387695312e-08 residual_over_enclosure=0 bit_equal=1
RESIDENT_EOS_CELL cell=26 field=absolute_eos_deviation observed_ratio=0.000122070312 expected_fp64_to_fp32_ratio=0.000122070312 residual_ratio=0 local_rounding_aware_enclosure_ratio=1.4551915228366852e-11 residual_over_enclosure=0 bit_equal=1
RESIDENT_EOS_CELL cell=27 field=temperature observed_K=1000 expected_fp64_to_fp32_K=1000 residual_K=0 local_projection_enclosure_K=3.0517578125e-05 residual_over_enclosure=0 bit_equal=1
RESIDENT_EOS_CELL cell=27 field=represented_pressure_ratio observed_ratio=1.00024414 expected_fp64_to_fp32_ratio=1.00024414 residual_ratio=0 local_projection_enclosure_ratio=5.9604644775390625e-08 residual_over_enclosure=0 bit_equal=1
RESIDENT_EOS_CELL cell=27 field=absolute_eos_deviation observed_ratio=0.000244140625 expected_fp64_to_fp32_ratio=0.000244140625 residual_ratio=0 local_rounding_aware_enclosure_ratio=2.9103830456733704e-11 residual_over_enclosure=0 bit_equal=1
RESIDENT_EOS_CELL cell=28 field=temperature observed_K=1000.00098 expected_fp64_to_fp32_K=1000.00098 residual_K=0 local_projection_enclosure_K=3.0517578125e-05 residual_over_enclosure=0 bit_equal=1
RESIDENT_EOS_CELL cell=28 field=represented_pressure_ratio observed_ratio=0.99987787 expected_fp64_to_fp32_ratio=0.99987787 residual_ratio=0 local_projection_enclosure_ratio=2.9802322387695312e-08 residual_over_enclosure=0 bit_equal=1
RESIDENT_EOS_CELL cell=28 field=absolute_eos_deviation observed_ratio=0.000122129917 expected_fp64_to_fp32_ratio=0.000122129917 residual_ratio=0 local_rounding_aware_enclosure_ratio=1.4551915228366852e-11 residual_over_enclosure=0 bit_equal=1
RESIDENT_EOS_CELL cell=29 field=temperature observed_K=1500 expected_fp64_to_fp32_K=1500 residual_K=0 local_projection_enclosure_K=6.103515625e-05 residual_over_enclosure=0 bit_equal=1
RESIDENT_EOS_CELL cell=29 field=represented_pressure_ratio observed_ratio=0.99987793 expected_fp64_to_fp32_ratio=0.99987793 residual_ratio=0 local_projection_enclosure_ratio=2.9802322387695312e-08 residual_over_enclosure=0 bit_equal=1
RESIDENT_EOS_CELL cell=29 field=absolute_eos_deviation observed_ratio=0.000122070312 expected_fp64_to_fp32_ratio=0.000122070312 residual_ratio=0 local_rounding_aware_enclosure_ratio=1.4551915228366852e-11 residual_over_enclosure=0 bit_equal=1
RESIDENT_EOS_CELL cell=30 field=temperature observed_K=1900 expected_fp64_to_fp32_K=1900 residual_K=0 local_projection_enclosure_K=6.103515625e-05 residual_over_enclosure=0 bit_equal=1
RESIDENT_EOS_CELL cell=30 field=represented_pressure_ratio observed_ratio=1.00024414 expected_fp64_to_fp32_ratio=1.00024414 residual_ratio=0 local_projection_enclosure_ratio=5.9604644775390625e-08 residual_over_enclosure=0 bit_equal=1
RESIDENT_EOS_CELL cell=30 field=absolute_eos_deviation observed_ratio=0.000244140625 expected_fp64_to_fp32_ratio=0.000244140625 residual_ratio=0 local_rounding_aware_enclosure_ratio=2.9103830456733704e-11 residual_over_enclosure=0 bit_equal=1
RESIDENT_EOS_CELL cell=31 field=temperature observed_K=2200 expected_fp64_to_fp32_K=2200 residual_K=0 local_projection_enclosure_K=0.0001220703125 residual_over_enclosure=0 bit_equal=1
RESIDENT_EOS_CELL cell=31 field=represented_pressure_ratio observed_ratio=0.99987793 expected_fp64_to_fp32_ratio=0.99987793 residual_ratio=0 local_projection_enclosure_ratio=2.9802322387695312e-08 residual_over_enclosure=0 bit_equal=1
RESIDENT_EOS_CELL cell=31 field=absolute_eos_deviation observed_ratio=0.000122070312 expected_fp64_to_fp32_ratio=0.000122070312 residual_ratio=0 local_rounding_aware_enclosure_ratio=1.4551915228366852e-11 residual_over_enclosure=0 bit_equal=1
RESIDENT_EOS_CELL cell=32 field=temperature observed_K=300 expected_fp64_to_fp32_K=300 residual_K=0 local_projection_enclosure_K=1.52587890625e-05 residual_over_enclosure=0 bit_equal=1
RESIDENT_EOS_CELL cell=32 field=represented_pressure_ratio observed_ratio=0.999877989 expected_fp64_to_fp32_ratio=0.999877989 residual_ratio=0 local_projection_enclosure_ratio=2.9802322387695312e-08 residual_over_enclosure=0 bit_equal=1
RESIDENT_EOS_CELL cell=32 field=absolute_eos_deviation observed_ratio=0.000122010708 expected_fp64_to_fp32_ratio=0.000122010708 residual_ratio=0 local_rounding_aware_enclosure_ratio=7.2759576141834259e-12 residual_over_enclosure=0 bit_equal=1
RESIDENT_EOS_CELL cell=33 field=temperature observed_K=425 expected_fp64_to_fp32_K=425 residual_K=0 local_projection_enclosure_K=1.52587890625e-05 residual_over_enclosure=0 bit_equal=1
RESIDENT_EOS_CELL cell=33 field=represented_pressure_ratio observed_ratio=1.00024414 expected_fp64_to_fp32_ratio=1.00024414 residual_ratio=0 local_projection_enclosure_ratio=5.9604644775390625e-08 residual_over_enclosure=0 bit_equal=1
RESIDENT_EOS_CELL cell=33 field=absolute_eos_deviation observed_ratio=0.000244140625 expected_fp64_to_fp32_ratio=0.000244140625 residual_ratio=0 local_rounding_aware_enclosure_ratio=2.9103830456733704e-11 residual_over_enclosure=0 bit_equal=1
RESIDENT_EOS_CELL cell=34 field=temperature observed_K=949.999939 expected_fp64_to_fp32_K=949.999939 residual_K=0 local_projection_enclosure_K=3.0517578125e-05 residual_over_enclosure=0 bit_equal=1
RESIDENT_EOS_CELL cell=34 field=represented_pressure_ratio observed_ratio=0.99987787 expected_fp64_to_fp32_ratio=0.99987787 residual_ratio=0 local_projection_enclosure_ratio=2.9802322387695312e-08 residual_over_enclosure=0 bit_equal=1
RESIDENT_EOS_CELL cell=34 field=absolute_eos_deviation observed_ratio=0.000122129917 expected_fp64_to_fp32_ratio=0.000122129917 residual_ratio=0 local_rounding_aware_enclosure_ratio=1.4551915228366852e-11 residual_over_enclosure=0 bit_equal=1
RESIDENT_EOS_CELL cell=35 field=temperature observed_K=1000 expected_fp64_to_fp32_K=1000 residual_K=0 local_projection_enclosure_K=3.0517578125e-05 residual_over_enclosure=0 bit_equal=1
RESIDENT_EOS_CELL cell=35 field=represented_pressure_ratio observed_ratio=0.99987787 expected_fp64_to_fp32_ratio=0.99987787 residual_ratio=0 local_projection_enclosure_ratio=2.9802322387695312e-08 residual_over_enclosure=0 bit_equal=1
RESIDENT_EOS_CELL cell=35 field=absolute_eos_deviation observed_ratio=0.000122129917 expected_fp64_to_fp32_ratio=0.000122129917 residual_ratio=0 local_rounding_aware_enclosure_ratio=1.4551915228366852e-11 residual_over_enclosure=0 bit_equal=1
RESIDENT_EOS_CELL cell=36 field=temperature observed_K=1000.00104 expected_fp64_to_fp32_K=1000.00104 residual_K=0 local_projection_enclosure_K=3.0517578125e-05 residual_over_enclosure=0 bit_equal=1
RESIDENT_EOS_CELL cell=36 field=represented_pressure_ratio observed_ratio=1.00024414 expected_fp64_to_fp32_ratio=1.00024414 residual_ratio=0 local_projection_enclosure_ratio=5.9604644775390625e-08 residual_over_enclosure=0 bit_equal=1
RESIDENT_EOS_CELL cell=36 field=absolute_eos_deviation observed_ratio=0.000244140625 expected_fp64_to_fp32_ratio=0.000244140625 residual_ratio=0 local_rounding_aware_enclosure_ratio=2.9103830456733704e-11 residual_over_enclosure=0 bit_equal=1
RESIDENT_EOS_CELL cell=37 field=temperature observed_K=1500 expected_fp64_to_fp32_K=1500 residual_K=0 local_projection_enclosure_K=6.103515625e-05 residual_over_enclosure=0 bit_equal=1
RESIDENT_EOS_CELL cell=37 field=represented_pressure_ratio observed_ratio=0.99987793 expected_fp64_to_fp32_ratio=0.99987793 residual_ratio=0 local_projection_enclosure_ratio=2.9802322387695312e-08 residual_over_enclosure=0 bit_equal=1
RESIDENT_EOS_CELL cell=37 field=absolute_eos_deviation observed_ratio=0.000122070312 expected_fp64_to_fp32_ratio=0.000122070312 residual_ratio=0 local_rounding_aware_enclosure_ratio=1.4551915228366852e-11 residual_over_enclosure=0 bit_equal=1
RESIDENT_EOS_CELL cell=38 field=temperature observed_K=1900 expected_fp64_to_fp32_K=1900 residual_K=0 local_projection_enclosure_K=6.103515625e-05 residual_over_enclosure=0 bit_equal=1
RESIDENT_EOS_CELL cell=38 field=represented_pressure_ratio observed_ratio=0.99987787 expected_fp64_to_fp32_ratio=0.99987787 residual_ratio=0 local_projection_enclosure_ratio=2.9802322387695312e-08 residual_over_enclosure=0 bit_equal=1
RESIDENT_EOS_CELL cell=38 field=absolute_eos_deviation observed_ratio=0.000122129917 expected_fp64_to_fp32_ratio=0.000122129917 residual_ratio=0 local_rounding_aware_enclosure_ratio=1.4551915228366852e-11 residual_over_enclosure=0 bit_equal=1
RESIDENT_EOS_CELL cell=39 field=temperature observed_K=2200 expected_fp64_to_fp32_K=2200 residual_K=0 local_projection_enclosure_K=0.0001220703125 residual_over_enclosure=0 bit_equal=1
RESIDENT_EOS_CELL cell=39 field=represented_pressure_ratio observed_ratio=1.00024414 expected_fp64_to_fp32_ratio=1.00024414 residual_ratio=0 local_projection_enclosure_ratio=5.9604644775390625e-08 residual_over_enclosure=0 bit_equal=1
RESIDENT_EOS_CELL cell=39 field=absolute_eos_deviation observed_ratio=0.000244140625 expected_fp64_to_fp32_ratio=0.000244140625 residual_ratio=0 local_rounding_aware_enclosure_ratio=2.9103830456733704e-11 residual_over_enclosure=0 bit_equal=1
RESIDENT_EOS_CELL cell=40 field=temperature observed_K=300 expected_fp64_to_fp32_K=300 residual_K=0 local_projection_enclosure_K=1.52587890625e-05 residual_over_enclosure=0 bit_equal=1
RESIDENT_EOS_CELL cell=40 field=represented_pressure_ratio observed_ratio=0.99987793 expected_fp64_to_fp32_ratio=0.99987793 residual_ratio=0 local_projection_enclosure_ratio=2.9802322387695312e-08 residual_over_enclosure=0 bit_equal=1
RESIDENT_EOS_CELL cell=40 field=absolute_eos_deviation observed_ratio=0.000122070312 expected_fp64_to_fp32_ratio=0.000122070312 residual_ratio=0 local_rounding_aware_enclosure_ratio=1.4551915228366852e-11 residual_over_enclosure=0 bit_equal=1
RESIDENT_EOS_CELL cell=41 field=temperature observed_K=425 expected_fp64_to_fp32_K=425 residual_K=0 local_projection_enclosure_K=1.52587890625e-05 residual_over_enclosure=0 bit_equal=1
RESIDENT_EOS_CELL cell=41 field=represented_pressure_ratio observed_ratio=0.99987793 expected_fp64_to_fp32_ratio=0.99987793 residual_ratio=0 local_projection_enclosure_ratio=2.9802322387695312e-08 residual_over_enclosure=0 bit_equal=1
RESIDENT_EOS_CELL cell=41 field=absolute_eos_deviation observed_ratio=0.000122070312 expected_fp64_to_fp32_ratio=0.000122070312 residual_ratio=0 local_rounding_aware_enclosure_ratio=1.4551915228366852e-11 residual_over_enclosure=0 bit_equal=1
RESIDENT_EOS_CELL cell=42 field=temperature observed_K=950 expected_fp64_to_fp32_K=950 residual_K=0 local_projection_enclosure_K=3.0517578125e-05 residual_over_enclosure=0 bit_equal=1
RESIDENT_EOS_CELL cell=42 field=represented_pressure_ratio observed_ratio=1 expected_fp64_to_fp32_ratio=1 residual_ratio=0 local_projection_enclosure_ratio=5.9604644775390625e-08 residual_over_enclosure=0 bit_equal=1
RESIDENT_EOS_CELL cell=42 field=absolute_eos_deviation observed_ratio=0 expected_fp64_to_fp32_ratio=0 residual_ratio=0 local_rounding_aware_enclosure_ratio=1.4012984643248171e-45 residual_over_enclosure=0 bit_equal=1
RESIDENT_EOS_CELL cell=43 field=temperature observed_K=1000 expected_fp64_to_fp32_K=1000 residual_K=0 local_projection_enclosure_K=3.0517578125e-05 residual_over_enclosure=0 bit_equal=1
RESIDENT_EOS_CELL cell=43 field=represented_pressure_ratio observed_ratio=0.99987793 expected_fp64_to_fp32_ratio=0.99987793 residual_ratio=0 local_projection_enclosure_ratio=2.9802322387695312e-08 residual_over_enclosure=0 bit_equal=1
RESIDENT_EOS_CELL cell=43 field=absolute_eos_deviation observed_ratio=0.000122070312 expected_fp64_to_fp32_ratio=0.000122070312 residual_ratio=0 local_rounding_aware_enclosure_ratio=1.4551915228366852e-11 residual_over_enclosure=0 bit_equal=1
RESIDENT_EOS_CELL cell=44 field=temperature observed_K=1000.00098 expected_fp64_to_fp32_K=1000.00098 residual_K=0 local_projection_enclosure_K=3.0517578125e-05 residual_over_enclosure=0 bit_equal=1
RESIDENT_EOS_CELL cell=44 field=represented_pressure_ratio observed_ratio=0.99987793 expected_fp64_to_fp32_ratio=0.99987793 residual_ratio=0 local_projection_enclosure_ratio=2.9802322387695312e-08 residual_over_enclosure=0 bit_equal=1
RESIDENT_EOS_CELL cell=44 field=absolute_eos_deviation observed_ratio=0.000122070312 expected_fp64_to_fp32_ratio=0.000122070312 residual_ratio=0 local_rounding_aware_enclosure_ratio=1.4551915228366852e-11 residual_over_enclosure=0 bit_equal=1
RESIDENT_EOS_CELL cell=45 field=temperature observed_K=1500 expected_fp64_to_fp32_K=1500 residual_K=0 local_projection_enclosure_K=6.103515625e-05 residual_over_enclosure=0 bit_equal=1
RESIDENT_EOS_CELL cell=45 field=represented_pressure_ratio observed_ratio=1.00024414 expected_fp64_to_fp32_ratio=1.00024414 residual_ratio=0 local_projection_enclosure_ratio=5.9604644775390625e-08 residual_over_enclosure=0 bit_equal=1
RESIDENT_EOS_CELL cell=45 field=absolute_eos_deviation observed_ratio=0.000244140625 expected_fp64_to_fp32_ratio=0.000244140625 residual_ratio=0 local_rounding_aware_enclosure_ratio=2.9103830456733704e-11 residual_over_enclosure=0 bit_equal=1
RESIDENT_EOS_CELL cell=46 field=temperature observed_K=1900.00012 expected_fp64_to_fp32_K=1900.00012 residual_K=0 local_projection_enclosure_K=6.103515625e-05 residual_over_enclosure=0 bit_equal=1
RESIDENT_EOS_CELL cell=46 field=represented_pressure_ratio observed_ratio=0.99987793 expected_fp64_to_fp32_ratio=0.99987793 residual_ratio=0 local_projection_enclosure_ratio=2.9802322387695312e-08 residual_over_enclosure=0 bit_equal=1
RESIDENT_EOS_CELL cell=46 field=absolute_eos_deviation observed_ratio=0.000122070312 expected_fp64_to_fp32_ratio=0.000122070312 residual_ratio=0 local_rounding_aware_enclosure_ratio=1.4551915228366852e-11 residual_over_enclosure=0 bit_equal=1
RESIDENT_EOS_CELL cell=47 field=temperature observed_K=2200 expected_fp64_to_fp32_K=2200 residual_K=0 local_projection_enclosure_K=0.0001220703125 residual_over_enclosure=0 bit_equal=1
RESIDENT_EOS_CELL cell=47 field=represented_pressure_ratio observed_ratio=0.999877989 expected_fp64_to_fp32_ratio=0.999877989 residual_ratio=0 local_projection_enclosure_ratio=2.9802322387695312e-08 residual_over_enclosure=0 bit_equal=1
RESIDENT_EOS_CELL cell=47 field=absolute_eos_deviation observed_ratio=0.000122010708 expected_fp64_to_fp32_ratio=0.000122010708 residual_ratio=0 local_rounding_aware_enclosure_ratio=7.2759576141834259e-12 residual_over_enclosure=0 bit_equal=1
RESIDENT_EOS_CELL cell=48 field=temperature observed_K=300 expected_fp64_to_fp32_K=300 residual_K=0 local_projection_enclosure_K=1.52587890625e-05 residual_over_enclosure=0 bit_equal=1
RESIDENT_EOS_CELL cell=48 field=represented_pressure_ratio observed_ratio=1.00024414 expected_fp64_to_fp32_ratio=1.00024414 residual_ratio=0 local_projection_enclosure_ratio=5.9604644775390625e-08 residual_over_enclosure=0 bit_equal=1
RESIDENT_EOS_CELL cell=48 field=absolute_eos_deviation observed_ratio=0.000244140625 expected_fp64_to_fp32_ratio=0.000244140625 residual_ratio=0 local_rounding_aware_enclosure_ratio=2.9103830456733704e-11 residual_over_enclosure=0 bit_equal=1
RESIDENT_EOS_CELL cell=49 field=temperature observed_K=425 expected_fp64_to_fp32_K=425 residual_K=0 local_projection_enclosure_K=1.52587890625e-05 residual_over_enclosure=0 bit_equal=1
RESIDENT_EOS_CELL cell=49 field=represented_pressure_ratio observed_ratio=0.99987787 expected_fp64_to_fp32_ratio=0.99987787 residual_ratio=0 local_projection_enclosure_ratio=2.9802322387695312e-08 residual_over_enclosure=0 bit_equal=1
RESIDENT_EOS_CELL cell=49 field=absolute_eos_deviation observed_ratio=0.000122129917 expected_fp64_to_fp32_ratio=0.000122129917 residual_ratio=0 local_rounding_aware_enclosure_ratio=1.4551915228366852e-11 residual_over_enclosure=0 bit_equal=1
RESIDENT_EOS_CELL cell=50 field=temperature observed_K=950.000061 expected_fp64_to_fp32_K=950.000061 residual_K=0 local_projection_enclosure_K=3.0517578125e-05 residual_over_enclosure=0 bit_equal=1
RESIDENT_EOS_CELL cell=50 field=represented_pressure_ratio observed_ratio=0.99987793 expected_fp64_to_fp32_ratio=0.99987793 residual_ratio=0 local_projection_enclosure_ratio=2.9802322387695312e-08 residual_over_enclosure=0 bit_equal=1
RESIDENT_EOS_CELL cell=50 field=absolute_eos_deviation observed_ratio=0.000122070312 expected_fp64_to_fp32_ratio=0.000122070312 residual_ratio=0 local_rounding_aware_enclosure_ratio=1.4551915228366852e-11 residual_over_enclosure=0 bit_equal=1
RESIDENT_EOS_CELL cell=51 field=temperature observed_K=1000 expected_fp64_to_fp32_K=1000 residual_K=0 local_projection_enclosure_K=3.0517578125e-05 residual_over_enclosure=0 bit_equal=1
RESIDENT_EOS_CELL cell=51 field=represented_pressure_ratio observed_ratio=1.00024414 expected_fp64_to_fp32_ratio=1.00024414 residual_ratio=0 local_projection_enclosure_ratio=5.9604644775390625e-08 residual_over_enclosure=0 bit_equal=1
RESIDENT_EOS_CELL cell=51 field=absolute_eos_deviation observed_ratio=0.000244140625 expected_fp64_to_fp32_ratio=0.000244140625 residual_ratio=0 local_rounding_aware_enclosure_ratio=2.9103830456733704e-11 residual_over_enclosure=0 bit_equal=1
RESIDENT_EOS_CELL cell=52 field=temperature observed_K=1000.00098 expected_fp64_to_fp32_K=1000.00098 residual_K=0 local_projection_enclosure_K=3.0517578125e-05 residual_over_enclosure=0 bit_equal=1
RESIDENT_EOS_CELL cell=52 field=represented_pressure_ratio observed_ratio=0.999877989 expected_fp64_to_fp32_ratio=0.999877989 residual_ratio=0 local_projection_enclosure_ratio=2.9802322387695312e-08 residual_over_enclosure=0 bit_equal=1
RESIDENT_EOS_CELL cell=52 field=absolute_eos_deviation observed_ratio=0.000122010708 expected_fp64_to_fp32_ratio=0.000122010708 residual_ratio=0 local_rounding_aware_enclosure_ratio=7.2759576141834259e-12 residual_over_enclosure=0 bit_equal=1
RESIDENT_EOS_CELL cell=53 field=temperature observed_K=1500 expected_fp64_to_fp32_K=1500 residual_K=0 local_projection_enclosure_K=6.103515625e-05 residual_over_enclosure=0 bit_equal=1
RESIDENT_EOS_CELL cell=53 field=represented_pressure_ratio observed_ratio=0.99987787 expected_fp64_to_fp32_ratio=0.99987787 residual_ratio=0 local_projection_enclosure_ratio=2.9802322387695312e-08 residual_over_enclosure=0 bit_equal=1
RESIDENT_EOS_CELL cell=53 field=absolute_eos_deviation observed_ratio=0.000122129917 expected_fp64_to_fp32_ratio=0.000122129917 residual_ratio=0 local_rounding_aware_enclosure_ratio=1.4551915228366852e-11 residual_over_enclosure=0 bit_equal=1
RESIDENT_EOS_CELL cell=54 field=temperature observed_K=1900 expected_fp64_to_fp32_K=1900 residual_K=0 local_projection_enclosure_K=6.103515625e-05 residual_over_enclosure=0 bit_equal=1
RESIDENT_EOS_CELL cell=54 field=represented_pressure_ratio observed_ratio=1.00024414 expected_fp64_to_fp32_ratio=1.00024414 residual_ratio=0 local_projection_enclosure_ratio=5.9604644775390625e-08 residual_over_enclosure=0 bit_equal=1
RESIDENT_EOS_CELL cell=54 field=absolute_eos_deviation observed_ratio=0.000244140625 expected_fp64_to_fp32_ratio=0.000244140625 residual_ratio=0 local_rounding_aware_enclosure_ratio=2.9103830456733704e-11 residual_over_enclosure=0 bit_equal=1
RESIDENT_EOS_CELL cell=55 field=temperature observed_K=2200 expected_fp64_to_fp32_K=2200 residual_K=0 local_projection_enclosure_K=0.0001220703125 residual_over_enclosure=0 bit_equal=1
RESIDENT_EOS_CELL cell=55 field=represented_pressure_ratio observed_ratio=0.99987793 expected_fp64_to_fp32_ratio=0.99987793 residual_ratio=0 local_projection_enclosure_ratio=2.9802322387695312e-08 residual_over_enclosure=0 bit_equal=1
RESIDENT_EOS_CELL cell=55 field=absolute_eos_deviation observed_ratio=0.000122070312 expected_fp64_to_fp32_ratio=0.000122070312 residual_ratio=0 local_rounding_aware_enclosure_ratio=1.4551915228366852e-11 residual_over_enclosure=0 bit_equal=1
RESIDENT_EOS_CELL cell=56 field=temperature observed_K=300 expected_fp64_to_fp32_K=300 residual_K=0 local_projection_enclosure_K=1.52587890625e-05 residual_over_enclosure=0 bit_equal=1
RESIDENT_EOS_CELL cell=56 field=represented_pressure_ratio observed_ratio=0.99987793 expected_fp64_to_fp32_ratio=0.99987793 residual_ratio=0 local_projection_enclosure_ratio=2.9802322387695312e-08 residual_over_enclosure=0 bit_equal=1
RESIDENT_EOS_CELL cell=56 field=absolute_eos_deviation observed_ratio=0.000122070312 expected_fp64_to_fp32_ratio=0.000122070312 residual_ratio=0 local_rounding_aware_enclosure_ratio=1.4551915228366852e-11 residual_over_enclosure=0 bit_equal=1
RESIDENT_EOS_CELL cell=57 field=temperature observed_K=425 expected_fp64_to_fp32_K=425 residual_K=0 local_projection_enclosure_K=1.52587890625e-05 residual_over_enclosure=0 bit_equal=1
RESIDENT_EOS_CELL cell=57 field=represented_pressure_ratio observed_ratio=1.00024414 expected_fp64_to_fp32_ratio=1.00024414 residual_ratio=0 local_projection_enclosure_ratio=5.9604644775390625e-08 residual_over_enclosure=0 bit_equal=1
RESIDENT_EOS_CELL cell=57 field=absolute_eos_deviation observed_ratio=0.000244140625 expected_fp64_to_fp32_ratio=0.000244140625 residual_ratio=0 local_rounding_aware_enclosure_ratio=2.9103830456733704e-11 residual_over_enclosure=0 bit_equal=1
RESIDENT_EOS_CELL cell=58 field=temperature observed_K=950 expected_fp64_to_fp32_K=950 residual_K=0 local_projection_enclosure_K=3.0517578125e-05 residual_over_enclosure=0 bit_equal=1
RESIDENT_EOS_CELL cell=58 field=represented_pressure_ratio observed_ratio=0.99987793 expected_fp64_to_fp32_ratio=0.99987793 residual_ratio=0 local_projection_enclosure_ratio=2.9802322387695312e-08 residual_over_enclosure=0 bit_equal=1
RESIDENT_EOS_CELL cell=58 field=absolute_eos_deviation observed_ratio=0.000122070312 expected_fp64_to_fp32_ratio=0.000122070312 residual_ratio=0 local_rounding_aware_enclosure_ratio=1.4551915228366852e-11 residual_over_enclosure=0 bit_equal=1
RESIDENT_EOS_CELL cell=59 field=temperature observed_K=1000 expected_fp64_to_fp32_K=1000 residual_K=0 local_projection_enclosure_K=3.0517578125e-05 residual_over_enclosure=0 bit_equal=1
RESIDENT_EOS_CELL cell=59 field=represented_pressure_ratio observed_ratio=0.99987793 expected_fp64_to_fp32_ratio=0.99987793 residual_ratio=0 local_projection_enclosure_ratio=2.9802322387695312e-08 residual_over_enclosure=0 bit_equal=1
RESIDENT_EOS_CELL cell=59 field=absolute_eos_deviation observed_ratio=0.000122070312 expected_fp64_to_fp32_ratio=0.000122070312 residual_ratio=0 local_rounding_aware_enclosure_ratio=1.4551915228366852e-11 residual_over_enclosure=0 bit_equal=1
RESIDENT_EOS_CELL cell=60 field=temperature observed_K=1000.00098 expected_fp64_to_fp32_K=1000.00098 residual_K=0 local_projection_enclosure_K=3.0517578125e-05 residual_over_enclosure=0 bit_equal=1
RESIDENT_EOS_CELL cell=60 field=represented_pressure_ratio observed_ratio=1.00024414 expected_fp64_to_fp32_ratio=1.00024414 residual_ratio=0 local_projection_enclosure_ratio=5.9604644775390625e-08 residual_over_enclosure=0 bit_equal=1
RESIDENT_EOS_CELL cell=60 field=absolute_eos_deviation observed_ratio=0.000244140625 expected_fp64_to_fp32_ratio=0.000244140625 residual_ratio=0 local_rounding_aware_enclosure_ratio=2.9103830456733704e-11 residual_over_enclosure=0 bit_equal=1
RESIDENT_EOS_CELL cell=61 field=temperature observed_K=1500 expected_fp64_to_fp32_K=1500 residual_K=0 local_projection_enclosure_K=6.103515625e-05 residual_over_enclosure=0 bit_equal=1
RESIDENT_EOS_CELL cell=61 field=represented_pressure_ratio observed_ratio=0.99987793 expected_fp64_to_fp32_ratio=0.99987793 residual_ratio=0 local_projection_enclosure_ratio=2.9802322387695312e-08 residual_over_enclosure=0 bit_equal=1
RESIDENT_EOS_CELL cell=61 field=absolute_eos_deviation observed_ratio=0.000122070312 expected_fp64_to_fp32_ratio=0.000122070312 residual_ratio=0 local_rounding_aware_enclosure_ratio=1.4551915228366852e-11 residual_over_enclosure=0 bit_equal=1
RESIDENT_EOS_CELL cell=62 field=temperature observed_K=1900 expected_fp64_to_fp32_K=1900 residual_K=0 local_projection_enclosure_K=6.103515625e-05 residual_over_enclosure=0 bit_equal=1
RESIDENT_EOS_CELL cell=62 field=represented_pressure_ratio observed_ratio=0.99987793 expected_fp64_to_fp32_ratio=0.99987793 residual_ratio=0 local_projection_enclosure_ratio=2.9802322387695312e-08 residual_over_enclosure=0 bit_equal=1
RESIDENT_EOS_CELL cell=62 field=absolute_eos_deviation observed_ratio=0.000122070312 expected_fp64_to_fp32_ratio=0.000122070312 residual_ratio=0 local_rounding_aware_enclosure_ratio=1.4551915228366852e-11 residual_over_enclosure=0 bit_equal=1
RESIDENT_EOS_CELL cell=63 field=temperature observed_K=2200 expected_fp64_to_fp32_K=2200 residual_K=0 local_projection_enclosure_K=0.0001220703125 residual_over_enclosure=0 bit_equal=1
RESIDENT_EOS_CELL cell=63 field=represented_pressure_ratio observed_ratio=1.00024414 expected_fp64_to_fp32_ratio=1.00024414 residual_ratio=0 local_projection_enclosure_ratio=5.9604644775390625e-08 residual_over_enclosure=0 bit_equal=1
RESIDENT_EOS_CELL cell=63 field=absolute_eos_deviation observed_ratio=0.000244140625 expected_fp64_to_fp32_ratio=0.000244140625 residual_ratio=0 local_rounding_aware_enclosure_ratio=2.9103830456733704e-11 residual_over_enclosure=0 bit_equal=1
RESIDENT_EOS_RED name=r170_hard_bound_30_percent expected=0x00000400 observed=0x00000400 attempted=1 read=1 commands=1 staging=1 candidate_identity=0 eos_identity=0 passed=1
RESIDENT_EOS_RED name=pressure_midpoint_rounding_ambiguous expected=0x00000200 observed=0x00000200 attempted=1 read=1 commands=1 staging=1 candidate_identity=0 eos_identity=0 passed=1
RESIDENT_EOS_RED name=deviation_midpoint_rounding_ambiguous expected=0x00000200 observed=0x00000200 attempted=1 read=1 commands=1 staging=1 candidate_identity=0 eos_identity=0 passed=1
RESIDENT_EOS_ROUNDING_EDGE name=exact_zero_bin_center expected_bits=0x00000000 accepted=1 failure=0x00000000 error= passed=1
RESIDENT_EOS_ROUNDING_EDGE name=minimum_subnormal_bin_center expected_bits=0x00000001 accepted=1 failure=0x00000000 error= passed=1
RESIDENT_EOS_RED name=zero_lower_upper_bin_ambiguous expected=0x00000200 observed=0x00000200 attempted=1 read=1 commands=1 staging=1 candidate_identity=0 eos_identity=0 passed=1
RESIDENT_EOS_RED name=subnormal_lower_upper_bin_ambiguous expected=0x00000200 observed=0x00000200 attempted=1 read=1 commands=1 staging=1 candidate_identity=0 eos_identity=0 passed=1
RESIDENT_EOS_RED name=eos_lower_inversion_endpoint expected=0x000000d0 observed=0x000000d0 attempted=1 read=1 commands=1 staging=1 candidate_identity=0 eos_identity=0 passed=1
RESIDENT_EOS_RED name=eos_upper_inversion_endpoint expected=0x00000080 observed=0x00000080 attempted=1 read=1 commands=1 staging=1 candidate_identity=0 eos_identity=0 passed=1
RESIDENT_EOS_RED name=r170_exact_above_binary32_rounds_to_bound expected=0x00000400 observed=0x00000400 attempted=1 read=1 commands=1 staging=1 candidate_identity=0 eos_identity=0 passed=1
RESIDENT_EOS_RED name=forged_device_stage expected=0x00000050 observed=0x00000050 attempted=1 read=1 commands=1 staging=1 candidate_identity=0 eos_identity=0 passed=1
RESIDENT_EOS_RED name=forged_device_precision expected=0x00000050 observed=0x00000050 attempted=1 read=1 commands=1 staging=1 candidate_identity=0 eos_identity=0 passed=1
RESIDENT_EOS_RED name=forged_device_attempt expected=0x00000050 observed=0x00000050 attempted=1 read=1 commands=1 staging=1 candidate_identity=0 eos_identity=0 passed=1
RESIDENT_EOS_RED name=forged_device_cells expected=0x00000050 observed=0x00000050 attempted=1 read=1 commands=1 staging=1 candidate_identity=0 eos_identity=0 passed=1
RESIDENT_EOS_RED name=forged_device_timestep expected=0x00000050 observed=0x00000050 attempted=1 read=1 commands=1 staging=1 candidate_identity=0 eos_identity=0 passed=1
RESIDENT_EOS_RED name=paired_first_eos_failure_witness expected_failure=0x00000200 observed_failure=0x00000200 expected_cell=0 observed_cell=0 expected_term=0x00000001 observed_term=0x00000001 expected_second_cell=1 observed_second_cell=1 expected_second_term=0x00000002 observed_second_term=0x00000002 attempted=1 read=1 commands=1 staging=1 passed=1
RESIDENT_EOS passed=1 candidate_bit_equal=1 temperature_bit_equal=1 pressure_bit_equal=1 deviation_bit_equal=1 monitored_20_percent_accepted=1 hard_bound_refused=1 lower_envelope_accepted=1 lower_adjacent_refused=1 upper_adjacent_accepted=1 upper_envelope_refused=1 rounded_hard_bound_prepared=1 rounded_hard_bound_refused=1 unsealed_refused=1 mismatched_refused=1 cpu_refused=1 fp64_label_refused=1 short_refused=1 conservation_refused=1 qnplus1_without_owner_refused=1 wrong_producer_refused=1 eos_table_mutation_refused=1 parent_identity_distinct=1 minimum_shared_alpha=1 search_minimum_alpha=0.832918644 limited_shared_alpha=0.832918644 limited_cpu_solves=27 limited_device_attempts=1 limited_candidate_bit_equal=1 shared_alpha_bit_equal=1 split_stage_refused=1 split_precision_refused=1 split_attempt_refused=1 split_cells_refused=1 split_timestep_refused=1 split_case_refused=1 pressure_midpoint_refused=1 deviation_midpoint_refused=1 zero_bin_accepted=1 minsub_bin_accepted=1 zero_boundary_refused=1 minsub_boundary_refused=1 branch_bitmap=0x000003ff required=0x000003ff command=1 reads=1 transfers=0
RESIDENT_EOS_CELLWISE temperature_max_residual_K=0 pressure_ratio_max_residual=0 deviation_max_residual=0 temperature_worst_residual_over_local_projection_enclosure=0 pressure_worst_residual_over_local_projection_enclosure=0 deviation_worst_residual_over_local_rounding_aware_enclosure=0 maximum_monitored_deviation=0.000244140625 fixture_ws=1163264 actual_ws=128904 live_ws=294912 owner_ws=6908232
