RESIDENT_TRANSPORT_METAL_FP64 passed=1 host_fp32_dag_bit_equal=0 relative_scale_diagnostic_max=0.0020747848823717565 diffusivity_abs_m2_s=5.6840302565076757e-08 diffusivity_bound_m2_s=6.0545088408832234e-07 diffusivity_bound_fraction=0.093880947338388837 conductivity_abs_W_mK=6.0894076837687827e-05 conductivity_bound_W_mK=0.00064276065739293071 conductivity_bound_fraction=0.094738338660423374 molecular_nu_abs_m2_s=1.0286298429782598e-10 molecular_nu_bound_m2_s=5.7307613269775835e-09 molecular_nu_bound_fraction=0.017949270337537532 vreman_uncancelled=0.049928860855711937 branch_bitmap=0x0007fffb independent_bitmap=0x0007fffb missing_lineage_refused=1 seam_refused=1 invalid_device_refused=1 short_velocity_refused=1 cp_segment2_reachable=0 fixture_ws=44296 actual_ws=44296 live_increment_ws=131072 owner_peak_ws=6908232 live_increment_certified=1 owner_peak_certified=1 ws_parts=1/1/1/1 device_identity=79f753c117dcf2d5
RESIDENT_PHYSICAL_FLUX_METAL passed=1 donor_bit_equal=1 delta_bit_equal=1 mc_bit_equal=1 shared_fN=1 shared_mutant_refused=1 lineage_regenerated=1 missing_lineage_refused=1 parent_candidate_mismatch_refused=1 short_inflow_refused=1 oversized_basis_refused=1 understated_ws_refused=1 enthalpy_host_binary32_diagnostic_bit_equal=0 log_binary32_bit_equal=1 log_series_enclosure_passed=1 log_max_residual_over_local_bound=0.0051601568397958561 bounds_passed=1 branch_bitmap=0x00001dbf independent_branch_bitmap=0x00001dbf required_branch_bitmap=0x00001dbf fixture_ws=737280 actual_ws=168472 live_ws=294912 owner_ws=6908232 identity=92a8f75637837048
RESIDENT_PHYSICAL_FLUX_BOUND family=donor_advective field=rhoZ scope=every_face_sample residual_kg_m2_s=2.3283064365386963e-10 local_bound_kg_m2_s=1.1150575617442106e-08 worst_residual_over_local_bound=0.032765017605046541 passed=1
RESIDENT_PHYSICAL_FLUX_BOUND family=mc_muscl_advective field=rhoZ scope=every_face_sample residual_kg_m2_s=2.3283064365386963e-10 local_bound_kg_m2_s=6.5419018668959921e-06 worst_residual_over_local_bound=9.6998074238185324e-05 passed=1
RESIDENT_PHYSICAL_FLUX_BOUND family=low_composite field=rhoZ scope=every_face_sample residual_kg_m2_s=3.8507143502487795e-10 local_bound_kg_m2_s=2.2761731963406577e-06 worst_residual_over_local_bound=0.00032542878687470819 passed=1
RESIDENT_PHYSICAL_FLUX_BOUND family=high_composite field=rhoZ scope=every_face_sample residual_kg_m2_s=3.8507143502487795e-10 local_bound_kg_m2_s=3.903028478748578e-06 worst_residual_over_local_bound=0.00016316257720544512 passed=1
RESIDENT_PHYSICAL_FLUX_BOUND family=donor_advective field=CH4 scope=every_face_sample residual_kg_m2_s=2.1827872842550278e-10 local_bound_kg_m2_s=1.3313252437139747e-08 worst_residual_over_local_bound=0.038896300354072599 passed=1
RESIDENT_PHYSICAL_FLUX_BOUND family=mc_muscl_advective field=CH4 scope=every_face_sample residual_kg_m2_s=2.2764349715161114e-10 local_bound_kg_m2_s=1.979680106831824e-06 worst_residual_over_local_bound=0.00011499004125263441 passed=1
RESIDENT_PHYSICAL_FLUX_BOUND family=low_composite field=CH4 scope=every_face_sample residual_kg_m2_s=3.7112444280923418e-10 local_bound_kg_m2_s=2.5473790083097104e-06 worst_residual_over_local_bound=0.00027035868200768666 passed=1
RESIDENT_PHYSICAL_FLUX_BOUND family=high_composite field=CH4 scope=every_face_sample residual_kg_m2_s=3.7112444280923418e-10 local_bound_kg_m2_s=6.3600957887608819e-06 worst_residual_over_local_bound=0.00011904412703007776 passed=1
RESIDENT_PHYSICAL_FLUX_BOUND family=donor_advective field=O2 scope=every_face_sample residual_kg_m2_s=2.3283064365386963e-09 local_bound_kg_m2_s=1.238032921436861e-07 worst_residual_over_local_bound=0.033588423607133752 passed=1
RESIDENT_PHYSICAL_FLUX_BOUND family=mc_muscl_advective field=O2 scope=every_face_sample residual_kg_m2_s=2.5955269600252961e-09 local_bound_kg_m2_s=3.0539273398597727e-05 worst_residual_over_local_bound=0.00015869355669870702 passed=1
RESIDENT_PHYSICAL_FLUX_BOUND family=low_composite field=O2 scope=every_face_sample residual_kg_m2_s=2.7010073830324721e-09 local_bound_kg_m2_s=1.4526029608273568e-06 worst_residual_over_local_bound=0.0042875355453172023 passed=1
RESIDENT_PHYSICAL_FLUX_BOUND family=high_composite field=O2 scope=every_face_sample residual_kg_m2_s=2.8191426380830276e-09 local_bound_kg_m2_s=3.204280699188679e-05 worst_residual_over_local_bound=0.00012457806976208402 passed=1
RESIDENT_PHYSICAL_FLUX_BOUND family=donor_advective field=CO2 scope=every_face_sample residual_kg_m2_s=6.9849193096160889e-09 local_bound_kg_m2_s=1.9921451595237625e-07 worst_residual_over_local_bound=0.03506230093838085 passed=1
RESIDENT_PHYSICAL_FLUX_BOUND family=mc_muscl_advective field=CO2 scope=every_face_sample residual_kg_m2_s=1.2742227079032276e-08 local_bound_kg_m2_s=0.00011501485546202576 worst_residual_over_local_bound=0.00022132475937333758 passed=1
RESIDENT_PHYSICAL_FLUX_BOUND family=low_composite field=CO2 scope=every_face_sample residual_kg_m2_s=8.9058204422176601e-09 local_bound_kg_m2_s=8.964811002065212e-07 worst_residual_over_local_bound=0.0099341976536549831 passed=1
RESIDENT_PHYSICAL_FLUX_BOUND family=high_composite field=CO2 scope=every_face_sample residual_kg_m2_s=1.5868473424163199e-08 local_bound_kg_m2_s=0.0001157157406285327 worst_residual_over_local_bound=0.00020307817027690736 passed=1
RESIDENT_PHYSICAL_FLUX_BOUND family=donor_advective field=H2O scope=every_face_sample residual_kg_m2_s=1.1641532182693481e-10 local_bound_kg_m2_s=3.8710406686785018e-09 worst_residual_over_local_bound=0.046696905021949522 passed=1
RESIDENT_PHYSICAL_FLUX_BOUND family=mc_muscl_advective field=H2O scope=every_face_sample residual_kg_m2_s=1.3013316162505117e-10 local_bound_kg_m2_s=6.5832146156425661e-06 worst_residual_over_local_bound=1.9767418992514389e-05 passed=1
RESIDENT_PHYSICAL_FLUX_BOUND family=low_composite field=H2O scope=every_face_sample residual_kg_m2_s=1.4096014243000776e-10 local_bound_kg_m2_s=2.7488447799003416e-06 worst_residual_over_local_bound=0.0002819205591988236 passed=1
RESIDENT_PHYSICAL_FLUX_BOUND family=high_composite field=H2O scope=every_face_sample residual_kg_m2_s=1.392284143877931e-10 local_bound_kg_m2_s=1.3115334747984195e-05 worst_residual_over_local_bound=2.3176444024898497e-05 passed=1
RESIDENT_PHYSICAL_FLUX_BOUND family=donor_advective field=N2 scope=every_face_sample residual_kg_m2_s=1.0186340659856796e-10 local_bound_kg_m2_s=2.1789911159387311e-09 worst_residual_over_local_bound=0.046747967834042406 passed=1
RESIDENT_PHYSICAL_FLUX_BOUND family=mc_muscl_advective field=N2 scope=every_face_sample residual_kg_m2_s=1.0186340659856796e-10 local_bound_kg_m2_s=1.2945299663977908e-05 worst_residual_over_local_bound=1.8018857288310466e-05 passed=1
RESIDENT_PHYSICAL_FLUX_BOUND family=low_composite field=N2 scope=every_face_sample residual_kg_m2_s=1.854400954624455e-10 local_bound_kg_m2_s=1.8095386158427961e-06 worst_residual_over_local_bound=0.00028844553053822806 passed=1
RESIDENT_PHYSICAL_FLUX_BOUND family=high_composite field=N2 scope=every_face_sample residual_kg_m2_s=1.854400954624455e-10 local_bound_kg_m2_s=7.8072367704532411e-06 worst_residual_over_local_bound=9.2654143039028807e-05 passed=1
RESIDENT_PHYSICAL_FLUX_BOUND family=donor_advective field=CO scope=every_face_sample residual_kg_m2_s=0 local_bound_kg_m2_s=0 worst_residual_over_local_bound=0 passed=1
RESIDENT_PHYSICAL_FLUX_BOUND family=mc_muscl_advective field=CO scope=every_face_sample residual_kg_m2_s=6.4323093879378009e-11 local_bound_kg_m2_s=4.649066366191218e-06 worst_residual_over_local_bound=1.3835701367299512e-05 passed=1
RESIDENT_PHYSICAL_FLUX_BOUND family=low_composite field=CO scope=every_face_sample residual_kg_m2_s=7.5301994315444992e-11 local_bound_kg_m2_s=3.3011258208379351e-06 worst_residual_over_local_bound=6.1195088354450247e-05 passed=1
RESIDENT_PHYSICAL_FLUX_BOUND family=high_composite field=CO scope=every_face_sample residual_kg_m2_s=8.8002734292694869e-11 local_bound_kg_m2_s=8.2229830521092459e-06 worst_residual_over_local_bound=3.9264165257641158e-05 passed=1
RESIDENT_PHYSICAL_FLUX_BOUND family=donor_advective field=carbon scope=every_face_sample residual_kg_m2_s=0 local_bound_kg_m2_s=0 worst_residual_over_local_bound=0 passed=1
RESIDENT_PHYSICAL_FLUX_BOUND family=mc_muscl_advective field=carbon scope=every_face_sample residual_kg_m2_s=2.6804778882616453e-11 local_bound_kg_m2_s=1.2521253973757177e-06 worst_residual_over_local_bound=3.3107758910268585e-05 passed=1
RESIDENT_PHYSICAL_FLUX_BOUND family=low_composite field=carbon scope=every_face_sample residual_kg_m2_s=4.3788731306553292e-11 local_bound_kg_m2_s=5.5140257833368668e-07 worst_residual_over_local_bound=0.00010174165535253489 passed=1
RESIDENT_PHYSICAL_FLUX_BOUND family=high_composite field=carbon scope=every_face_sample residual_kg_m2_s=4.3788731306553292e-11 local_bound_kg_m2_s=1.2964184800899868e-06 worst_residual_over_local_bound=8.585472876752397e-05 passed=1
RESIDENT_PHYSICAL_FLUX_BOUND family=donor_advective field=sensible_energy scope=every_face_sample residual_W_m2=0.0029296875 local_bound_W_m2=0.13857713057798413 worst_residual_over_local_bound=0.050697956482785987 passed=1
RESIDENT_PHYSICAL_FLUX_BOUND family=mc_muscl_advective field=sensible_energy scope=every_face_sample residual_W_m2=0.0029296875 local_bound_W_m2=53.216840865912836 worst_residual_over_local_bound=0.00018856407362467437 passed=1
RESIDENT_PHYSICAL_FLUX_BOUND family=low_composite field=sensible_energy scope=every_face_sample residual_W_m2=0.0030290883369161747 local_bound_W_m2=16.585047572229982 worst_residual_over_local_bound=0.022170379756432136 passed=1
RESIDENT_PHYSICAL_FLUX_BOUND family=high_composite field=sensible_energy scope=every_face_sample residual_W_m2=0.0030290883369161747 local_bound_W_m2=51.682352658005726 worst_residual_over_local_bound=0.0017207804408556889 passed=1
RESIDENT_PHYSICAL_FLUX_BOUND family=physical_mass field=rhoZ scope=every_face_sample residual_kg_m2_s=4.5015094116715535e-10 local_bound_kg_m2_s=3.3859371855596619e-06 worst_residual_over_local_bound=0.00020150223533043669 passed=1
RESIDENT_PHYSICAL_FLUX_BOUND family=physical_mass field=CH4 scope=every_face_sample residual_kg_m2_s=3.7407252026033875e-10 local_bound_kg_m2_s=3.8857393485397979e-06 worst_residual_over_local_bound=0.00013994563636389787 passed=1
RESIDENT_PHYSICAL_FLUX_BOUND family=physical_mass field=O2 scope=every_face_sample residual_kg_m2_s=2.7829584511564415e-10 local_bound_kg_m2_s=2.7146596779738073e-06 worst_residual_over_local_bound=0.0001809433260100192 passed=1
RESIDENT_PHYSICAL_FLUX_BOUND family=physical_mass field=CO2 scope=every_face_sample residual_kg_m2_s=3.5124265583048484e-10 local_bound_kg_m2_s=2.597293122347424e-06 worst_residual_over_local_bound=0.00020309178466380829 passed=1
RESIDENT_PHYSICAL_FLUX_BOUND family=physical_mass field=H2O scope=every_face_sample residual_kg_m2_s=8.8860081077189734e-11 local_bound_kg_m2_s=5.3948238988246074e-06 worst_residual_over_local_bound=5.3185140226194141e-05 passed=1
RESIDENT_PHYSICAL_FLUX_BOUND family=physical_mass field=N2 scope=every_face_sample residual_kg_m2_s=1.7088818026457183e-10 local_bound_kg_m2_s=1.8083831047810184e-06 worst_residual_over_local_bound=0.00016454268097361238 passed=1
RESIDENT_PHYSICAL_FLUX_BOUND family=physical_mass field=CO scope=every_face_sample residual_kg_m2_s=7.5301994315444992e-11 local_bound_kg_m2_s=3.3011258208377551e-06 worst_residual_over_local_bound=6.1195088354474249e-05 passed=1
RESIDENT_PHYSICAL_FLUX_BOUND family=physical_mass field=carbon scope=every_face_sample residual_kg_m2_s=4.3788731306553292e-11 local_bound_kg_m2_s=5.5140257833368001e-07 worst_residual_over_local_bound=0.00010174165535254552 passed=1
RESIDENT_PHYSICAL_FLUX_BOUND family=physical_enthalpy field=CH4 scope=every_face_sample residual_J_kg=5.3949534595012665 local_bound_J_kg=1257.7618272534035 worst_residual_over_local_bound=0.0058180773403191379 passed=1
RESIDENT_PHYSICAL_FLUX_BOUND family=physical_enthalpy field=O2 scope=every_face_sample residual_J_kg=0.91189096309244633 local_bound_J_kg=110.53937824827065 worst_residual_over_local_bound=0.0082494670907624044 passed=1
RESIDENT_PHYSICAL_FLUX_BOUND family=physical_enthalpy field=CO2 scope=every_face_sample residual_J_kg=0.72298815567046404 local_bound_J_kg=120.44414012374006 worst_residual_over_local_bound=0.0060026843558158294 passed=1
RESIDENT_PHYSICAL_FLUX_BOUND family=physical_enthalpy field=H2O scope=every_face_sample residual_J_kg=0.23354101693257689 local_bound_J_kg=68.20971346688404 worst_residual_over_local_bound=0.0062401435896870926 passed=1
RESIDENT_PHYSICAL_FLUX_BOUND family=physical_enthalpy field=N2 scope=every_face_sample residual_J_kg=1.1853732280433178 local_bound_J_kg=216.1435712811938 worst_residual_over_local_bound=0.0073473684271260246 passed=1
RESIDENT_PHYSICAL_FLUX_BOUND family=physical_enthalpy field=CO scope=every_face_sample residual_J_kg=0.2962839319370687 local_bound_J_kg=106.61525626233154 worst_residual_over_local_bound=0.002909255953372273 passed=1
RESIDENT_PHYSICAL_FLUX_BOUND family=physical_enthalpy field=carbon scope=every_face_sample residual_J_kg=1.4903182480484247 local_bound_J_kg=345.59631972436028 worst_residual_over_local_bound=0.0044521535813757413 passed=1
RESIDENT_PHYSICAL_FLUX_BOUND family=physical_energy field=sensible_energy scope=every_face_sample residual_W_m2=0.00078509530442261166 local_bound_W_m2=18.073612232145148 worst_residual_over_local_bound=0.0017207804234051897 passed=1
RESIDENT_PHYSICAL_FLUX_BOUND family=physical_gas field=x scope=every_face_sample residual_kg_m2_s=5.0994588743715764e-11 local_bound_kg_m2_s=1.8004646026760023e-05 worst_residual_over_local_bound=3.260780693404052e-06 passed=1
RESIDENT_PHYSICAL_FLUX_BOUND family=physical_gas field=y scope=every_face_sample residual_kg_m2_s=3.0129328955141282e-11 local_bound_kg_m2_s=1.2494711883449905e-05 worst_residual_over_local_bound=3.31344723231733e-06 passed=1
RESIDENT_PHYSICAL_FLUX_BOUND family=physical_gas field=z scope=every_face_sample residual_kg_m2_s=1.5040702976594568e-11 local_bound_kg_m2_s=4.2243095944061873e-06 worst_residual_over_local_bound=3.5605115203941027e-06 passed=1
RESIDENT_EOS_R60_COMMIT accepted_energy=2283578 refused_energy=2283578.25 adjacent=1 accepted_bitmap=0x00000000 refused_bitmap=0x00000010 passed=1
RESIDENT_EOS_ARITHMETIC_BOUNDARY_SWEEP samples=4 temperature_classes=4 composition_classes=main_64_cell_fixture scale_min=0.750500023 scale_max=1.24950004 passed=1
RESIDENT_EOS_ENDPOINT_RESERVE_RED temperature_K=2299.999755859375 cpu_refused=0 device_refused=1 device_bitmap=128 cpu_error= passed=0
RESIDENT_EOS_R203_CELL cell=0 temperature_K=300 observed_ratio=0.99999994039535522 fp64_projected_ratio=0.99999994039535522 bit_equal=1
RESIDENT_EOS_R203_CELL cell=1 temperature_K=300 observed_ratio=0.99999994039535522 fp64_projected_ratio=0.99999994039535522 bit_equal=1
RESIDENT_EOS_R203_CELL cell=2 temperature_K=300 observed_ratio=0.99999994039535522 fp64_projected_ratio=0.99999994039535522 bit_equal=1
RESIDENT_EOS_R203_CELL cell=3 temperature_K=300 observed_ratio=0.99999994039535522 fp64_projected_ratio=0.99999994039535522 bit_equal=1
RESIDENT_EOS_R203_CELL cell=4 temperature_K=300 observed_ratio=0.99999994039535522 fp64_projected_ratio=0.99999994039535522 bit_equal=1
RESIDENT_EOS_R203_CELL cell=5 temperature_K=300 observed_ratio=0.99999994039535522 fp64_projected_ratio=0.99999994039535522 bit_equal=1
RESIDENT_EOS_R203_CELL cell=6 temperature_K=300 observed_ratio=0.99999994039535522 fp64_projected_ratio=0.99999994039535522 bit_equal=1
RESIDENT_EOS_R203_CELL cell=7 temperature_K=300 observed_ratio=0.99999994039535522 fp64_projected_ratio=0.99999994039535522 bit_equal=1
RESIDENT_EOS_R203_CELL cell=8 temperature_K=300 observed_ratio=0.99999994039535522 fp64_projected_ratio=0.99999994039535522 bit_equal=1
RESIDENT_EOS_R203_CELL cell=9 temperature_K=300 observed_ratio=0.99999994039535522 fp64_projected_ratio=0.99999994039535522 bit_equal=1
RESIDENT_EOS_R203_CELL cell=10 temperature_K=300 observed_ratio=0.99999994039535522 fp64_projected_ratio=0.99999994039535522 bit_equal=1
RESIDENT_EOS_R203_CELL cell=11 temperature_K=300 observed_ratio=0.99999994039535522 fp64_projected_ratio=0.99999994039535522 bit_equal=1
RESIDENT_EOS_R203_CELL cell=12 temperature_K=300 observed_ratio=0.99999994039535522 fp64_projected_ratio=0.99999994039535522 bit_equal=1
RESIDENT_EOS_R203_CELL cell=13 temperature_K=300 observed_ratio=0.99999994039535522 fp64_projected_ratio=0.99999994039535522 bit_equal=1
RESIDENT_EOS_R203_CELL cell=14 temperature_K=300 observed_ratio=0.99999994039535522 fp64_projected_ratio=0.99999994039535522 bit_equal=1
RESIDENT_EOS_R203_CELL cell=15 temperature_K=300 observed_ratio=0.99999994039535522 fp64_projected_ratio=0.99999994039535522 bit_equal=1
RESIDENT_EOS_R203_CELL cell=16 temperature_K=300 observed_ratio=0.99999994039535522 fp64_projected_ratio=0.99999994039535522 bit_equal=1
RESIDENT_EOS_R203_CELL cell=17 temperature_K=300 observed_ratio=0.99999994039535522 fp64_projected_ratio=0.99999994039535522 bit_equal=1
RESIDENT_EOS_R203_CELL cell=18 temperature_K=300 observed_ratio=0.99999994039535522 fp64_projected_ratio=0.99999994039535522 bit_equal=1
RESIDENT_EOS_R203_CELL cell=19 temperature_K=300 observed_ratio=0.99999994039535522 fp64_projected_ratio=0.99999994039535522 bit_equal=1
RESIDENT_EOS_R203_CELL cell=20 temperature_K=300 observed_ratio=0.99999994039535522 fp64_projected_ratio=0.99999994039535522 bit_equal=1
RESIDENT_EOS_R203_CELL cell=21 temperature_K=300 observed_ratio=0.99999994039535522 fp64_projected_ratio=0.99999994039535522 bit_equal=1
RESIDENT_EOS_R203_CELL cell=22 temperature_K=300 observed_ratio=0.99999994039535522 fp64_projected_ratio=0.99999994039535522 bit_equal=1
RESIDENT_EOS_R203_CELL cell=23 temperature_K=300 observed_ratio=0.99999994039535522 fp64_projected_ratio=0.99999994039535522 bit_equal=1
RESIDENT_EOS_R203_CELL cell=24 temperature_K=300 observed_ratio=0.99999994039535522 fp64_projected_ratio=0.99999994039535522 bit_equal=1
RESIDENT_EOS_R203_CELL cell=25 temperature_K=300 observed_ratio=0.99999994039535522 fp64_projected_ratio=0.99999994039535522 bit_equal=1
RESIDENT_EOS_R203_CELL cell=26 temperature_K=300 observed_ratio=0.99999994039535522 fp64_projected_ratio=0.99999994039535522 bit_equal=1
RESIDENT_EOS_R203_CELL cell=27 temperature_K=300 observed_ratio=0.99999994039535522 fp64_projected_ratio=0.99999994039535522 bit_equal=1
RESIDENT_EOS_R203_CELL cell=28 temperature_K=300 observed_ratio=0.99999994039535522 fp64_projected_ratio=0.99999994039535522 bit_equal=1
RESIDENT_EOS_R203_CELL cell=29 temperature_K=300 observed_ratio=0.99999994039535522 fp64_projected_ratio=0.99999994039535522 bit_equal=1
RESIDENT_EOS_R203_CELL cell=30 temperature_K=300 observed_ratio=0.99999994039535522 fp64_projected_ratio=0.99999994039535522 bit_equal=1
RESIDENT_EOS_R203_CELL cell=31 temperature_K=300 observed_ratio=0.99999994039535522 fp64_projected_ratio=0.99999994039535522 bit_equal=1
RESIDENT_EOS_R203_CELL cell=32 temperature_K=300 observed_ratio=0.99999994039535522 fp64_projected_ratio=0.99999994039535522 bit_equal=1
RESIDENT_EOS_R203_CELL cell=33 temperature_K=300 observed_ratio=0.99999994039535522 fp64_projected_ratio=0.99999994039535522 bit_equal=1
RESIDENT_EOS_R203_CELL cell=34 temperature_K=300 observed_ratio=0.99999994039535522 fp64_projected_ratio=0.99999994039535522 bit_equal=1
RESIDENT_EOS_R203_CELL cell=35 temperature_K=300 observed_ratio=0.99999994039535522 fp64_projected_ratio=0.99999994039535522 bit_equal=1
RESIDENT_EOS_R203_CELL cell=36 temperature_K=300 observed_ratio=0.99999994039535522 fp64_projected_ratio=0.99999994039535522 bit_equal=1
RESIDENT_EOS_R203_CELL cell=37 temperature_K=300 observed_ratio=0.99999994039535522 fp64_projected_ratio=0.99999994039535522 bit_equal=1
RESIDENT_EOS_R203_CELL cell=38 temperature_K=300 observed_ratio=0.99999994039535522 fp64_projected_ratio=0.99999994039535522 bit_equal=1
RESIDENT_EOS_R203_CELL cell=39 temperature_K=300 observed_ratio=0.99999994039535522 fp64_projected_ratio=0.99999994039535522 bit_equal=1
RESIDENT_EOS_R203_CELL cell=40 temperature_K=300 observed_ratio=0.99999994039535522 fp64_projected_ratio=0.99999994039535522 bit_equal=1
RESIDENT_EOS_R203_CELL cell=41 temperature_K=300 observed_ratio=0.99999994039535522 fp64_projected_ratio=0.99999994039535522 bit_equal=1
RESIDENT_EOS_R203_CELL cell=42 temperature_K=300 observed_ratio=0.99999994039535522 fp64_projected_ratio=0.99999994039535522 bit_equal=1
RESIDENT_EOS_R203_CELL cell=43 temperature_K=300 observed_ratio=0.99999994039535522 fp64_projected_ratio=0.99999994039535522 bit_equal=1
RESIDENT_EOS_R203_CELL cell=44 temperature_K=300 observed_ratio=0.99999994039535522 fp64_projected_ratio=0.99999994039535522 bit_equal=1
RESIDENT_EOS_R203_CELL cell=45 temperature_K=300 observed_ratio=0.99999994039535522 fp64_projected_ratio=0.99999994039535522 bit_equal=1
RESIDENT_EOS_R203_CELL cell=46 temperature_K=300 observed_ratio=0.99999994039535522 fp64_projected_ratio=0.99999994039535522 bit_equal=1
RESIDENT_EOS_R203_CELL cell=47 temperature_K=300 observed_ratio=0.99999994039535522 fp64_projected_ratio=0.99999994039535522 bit_equal=1
RESIDENT_EOS_R203_CELL cell=48 temperature_K=300 observed_ratio=0.99999994039535522 fp64_projected_ratio=0.99999994039535522 bit_equal=1
RESIDENT_EOS_R203_CELL cell=49 temperature_K=300 observed_ratio=0.99999994039535522 fp64_projected_ratio=0.99999994039535522 bit_equal=1
RESIDENT_EOS_R203_CELL cell=50 temperature_K=300 observed_ratio=0.99999994039535522 fp64_projected_ratio=0.99999994039535522 bit_equal=1
RESIDENT_EOS_R203_CELL cell=51 temperature_K=300 observed_ratio=0.99999994039535522 fp64_projected_ratio=0.99999994039535522 bit_equal=1
RESIDENT_EOS_R203_CELL cell=52 temperature_K=300 observed_ratio=0.99999994039535522 fp64_projected_ratio=0.99999994039535522 bit_equal=1
RESIDENT_EOS_R203_CELL cell=53 temperature_K=300 observed_ratio=0.99999994039535522 fp64_projected_ratio=0.99999994039535522 bit_equal=1
RESIDENT_EOS_R203_CELL cell=54 temperature_K=300 observed_ratio=0.99999994039535522 fp64_projected_ratio=0.99999994039535522 bit_equal=1
RESIDENT_EOS_R203_CELL cell=55 temperature_K=300 observed_ratio=0.99999994039535522 fp64_projected_ratio=0.99999994039535522 bit_equal=1
RESIDENT_EOS_R203_CELL cell=56 temperature_K=300 observed_ratio=0.99999994039535522 fp64_projected_ratio=0.99999994039535522 bit_equal=1
RESIDENT_EOS_R203_CELL cell=57 temperature_K=300 observed_ratio=0.99999994039535522 fp64_projected_ratio=0.99999994039535522 bit_equal=1
RESIDENT_EOS_R203_CELL cell=58 temperature_K=300 observed_ratio=0.99999994039535522 fp64_projected_ratio=0.99999994039535522 bit_equal=1
RESIDENT_EOS_R203_CELL cell=59 temperature_K=300 observed_ratio=0.99999994039535522 fp64_projected_ratio=0.99999994039535522 bit_equal=1
RESIDENT_EOS_R203_CELL cell=60 temperature_K=300 observed_ratio=0.99999994039535522 fp64_projected_ratio=0.99999994039535522 bit_equal=1
RESIDENT_EOS_R203_CELL cell=61 temperature_K=300 observed_ratio=0.99999994039535522 fp64_projected_ratio=0.99999994039535522 bit_equal=1
RESIDENT_EOS_R203_CELL cell=62 temperature_K=300 observed_ratio=0.99999994039535522 fp64_projected_ratio=0.99999994039535522 bit_equal=1
RESIDENT_EOS_R203_CELL cell=63 temperature_K=300 observed_ratio=0.99999994039535522 fp64_projected_ratio=0.99999994039535522 bit_equal=1
RESIDENT_EOS_R203_REFUSAL_CELL passed=1 cells=64 error=
RESIDENT_EOS_LOG_DOMAIN lower_K=300 upper_K=2300 scope=case_endpoints_and_all_binary32_lattice_midpoints
RESIDENT_EOS_LOG_ENCLOSURE samples=49512449 lattice=24756225 midpoints=24756224 max_residual_over_bound=0.5192248117002557 worst_index=1 ln2_binary64_projection_residual=0 ln2_bound=5.5511151231257827e-17 ln2_high_precision=1 libm_image=/usr/lib/system/libsystem_m.dylib os_build=25F84 os_release=25.5.0 machine=arm64 metal_device_registry_id=0x000000010000087d metal_device_name="Apple M4 Max" metal_device_family=apple9 metal_runtime_image=/System/Library/Frameworks/Metal.framework/Versions/A/Metal metal_runtime_bundle=com.apple.Metal metal_runtime_version=373.2 metal_language=3.2 metal_math_mode=safe metal_library_source_sha256=c2741b0ca6aae9a0fa86437ba108eb9c47c74fbf9535cda12fcaf461c45d841c metal_function_set_sha256=3b9f5d1d8ec01277c9263ea2ba2270e10f105a04ce083b845928d3e76096a89c metal_kernel=diagnose_eos_log_enclosure thread_execution_width=32 max_threads_per_threadgroup=1024 static_threadgroup_memory_bytes=0 metal_identity_consistent=1 passed=1
RESIDENT_EOS_CELL cell=0 field=temperature observed_K=300 expected_fp64_to_fp32_K=300 residual_K=0 local_projection_enclosure_K=1.52587890625e-05 residual_over_enclosure=0 bit_equal=1
RESIDENT_EOS_CELL cell=0 field=represented_pressure_ratio observed_ratio=1.00024414 expected_fp64_to_fp32_ratio=1.00024414 residual_ratio=0 local_projection_enclosure_ratio=5.9604644775390625e-08 residual_over_enclosure=0 bit_equal=1
RESIDENT_EOS_CELL cell=0 field=absolute_eos_deviation observed_ratio=0.000244140625 expected_fp64_to_fp32_ratio=0.000244140625 residual_ratio=0 local_rounding_aware_enclosure_ratio=2.9103830456733704e-11 residual_over_enclosure=0 bit_equal=1
RESIDENT_EOS_CELL cell=1 field=temperature observed_K=425 expected_fp64_to_fp32_K=425 residual_K=0 local_projection_enclosure_K=1.52587890625e-05 residual_over_enclosure=0 bit_equal=1
RESIDENT_EOS_CELL cell=1 field=represented_pressure_ratio observed_ratio=0.99987793 expected_fp64_to_fp32_ratio=0.99987793 residual_ratio=0 local_projection_enclosure_ratio=2.9802322387695312e-08 residual_over_enclosure=0 bit_equal=1
RESIDENT_EOS_CELL cell=1 field=absolute_eos_deviation observed_ratio=0.000122070312 expected_fp64_to_fp32_ratio=0.000122070312 residual_ratio=0 local_rounding_aware_enclosure_ratio=1.4551915228366852e-11 residual_over_enclosure=0 bit_equal=1
RESIDENT_EOS_CELL cell=2 field=temperature observed_K=949.999939 expected_fp64_to_fp32_K=949.999939 residual_K=0 local_projection_enclosure_K=3.0517578125e-05 residual_over_enclosure=0 bit_equal=1
RESIDENT_EOS_CELL cell=2 field=represented_pressure_ratio observed_ratio=0.99987787 expected_fp64_to_fp32_ratio=0.99987787 residual_ratio=0 local_projection_enclosure_ratio=2.9802322387695312e-08 residual_over_enclosure=0 bit_equal=1
RESIDENT_EOS_CELL cell=2 field=absolute_eos_deviation observed_ratio=0.000122129917 expected_fp64_to_fp32_ratio=0.000122129917 residual_ratio=0 local_rounding_aware_enclosure_ratio=1.4551915228366852e-11 residual_over_enclosure=0 bit_equal=1
RESIDENT_EOS_CELL cell=3 field=temperature observed_K=1000 expected_fp64_to_fp32_K=1000 residual_K=0 local_projection_enclosure_K=3.0517578125e-05 residual_over_enclosure=0 bit_equal=1
RESIDENT_EOS_CELL cell=3 field=represented_pressure_ratio observed_ratio=1.00024414 expected_fp64_to_fp32_ratio=1.00024414 residual_ratio=0 local_projection_enclosure_ratio=5.9604644775390625e-08 residual_over_enclosure=0 bit_equal=1
RESIDENT_EOS_CELL cell=3 field=absolute_eos_deviation observed_ratio=0.000244140625 expected_fp64_to_fp32_ratio=0.000244140625 residual_ratio=0 local_rounding_aware_enclosure_ratio=2.9103830456733704e-11 residual_over_enclosure=0 bit_equal=1
RESIDENT_EOS_CELL cell=4 field=temperature observed_K=1000.00104 expected_fp64_to_fp32_K=1000.00104 residual_K=0 local_projection_enclosure_K=3.0517578125e-05 residual_over_enclosure=0 bit_equal=1
RESIDENT_EOS_CELL cell=4 field=represented_pressure_ratio observed_ratio=0.99987787 expected_fp64_to_fp32_ratio=0.99987787 residual_ratio=0 local_projection_enclosure_ratio=2.9802322387695312e-08 residual_over_enclosure=0 bit_equal=1
RESIDENT_EOS_CELL cell=4 field=absolute_eos_deviation observed_ratio=0.000122129917 expected_fp64_to_fp32_ratio=0.000122129917 residual_ratio=0 local_rounding_aware_enclosure_ratio=1.4551915228366852e-11 residual_over_enclosure=0 bit_equal=1
RESIDENT_EOS_CELL cell=5 field=temperature observed_K=1500 expected_fp64_to_fp32_K=1500 residual_K=0 local_projection_enclosure_K=6.103515625e-05 residual_over_enclosure=0 bit_equal=1
RESIDENT_EOS_CELL cell=5 field=represented_pressure_ratio observed_ratio=0.99987793 expected_fp64_to_fp32_ratio=0.99987793 residual_ratio=0 local_projection_enclosure_ratio=2.9802322387695312e-08 residual_over_enclosure=0 bit_equal=1
RESIDENT_EOS_CELL cell=5 field=absolute_eos_deviation observed_ratio=0.000122070312 expected_fp64_to_fp32_ratio=0.000122070312 residual_ratio=0 local_rounding_aware_enclosure_ratio=1.4551915228366852e-11 residual_over_enclosure=0 bit_equal=1
RESIDENT_EOS_CELL cell=6 field=temperature observed_K=1900 expected_fp64_to_fp32_K=1900 residual_K=0 local_projection_enclosure_K=6.103515625e-05 residual_over_enclosure=0 bit_equal=1
RESIDENT_EOS_CELL cell=6 field=represented_pressure_ratio observed_ratio=1.00024414 expected_fp64_to_fp32_ratio=1.00024414 residual_ratio=0 local_projection_enclosure_ratio=5.9604644775390625e-08 residual_over_enclosure=0 bit_equal=1
RESIDENT_EOS_CELL cell=6 field=absolute_eos_deviation observed_ratio=0.000244140625 expected_fp64_to_fp32_ratio=0.000244140625 residual_ratio=0 local_rounding_aware_enclosure_ratio=2.9103830456733704e-11 residual_over_enclosure=0 bit_equal=1
RESIDENT_EOS_CELL cell=7 field=temperature observed_K=2200 expected_fp64_to_fp32_K=2200 residual_K=0 local_projection_enclosure_K=0.0001220703125 residual_over_enclosure=0 bit_equal=1
RESIDENT_EOS_CELL cell=7 field=represented_pressure_ratio observed_ratio=0.99987787 expected_fp64_to_fp32_ratio=0.99987787 residual_ratio=0 local_projection_enclosure_ratio=2.9802322387695312e-08 residual_over_enclosure=0 bit_equal=1
RESIDENT_EOS_CELL cell=7 field=absolute_eos_deviation observed_ratio=0.000122129917 expected_fp64_to_fp32_ratio=0.000122129917 residual_ratio=0 local_rounding_aware_enclosure_ratio=1.4551915228366852e-11 residual_over_enclosure=0 bit_equal=1
RESIDENT_EOS_CELL cell=8 field=temperature observed_K=300 expected_fp64_to_fp32_K=300 residual_K=0 local_projection_enclosure_K=1.52587890625e-05 residual_over_enclosure=0 bit_equal=1
RESIDENT_EOS_CELL cell=8 field=represented_pressure_ratio observed_ratio=0.99987793 expected_fp64_to_fp32_ratio=0.99987793 residual_ratio=0 local_projection_enclosure_ratio=2.9802322387695312e-08 residual_over_enclosure=0 bit_equal=1
RESIDENT_EOS_CELL cell=8 field=absolute_eos_deviation observed_ratio=0.000122070312 expected_fp64_to_fp32_ratio=0.000122070312 residual_ratio=0 local_rounding_aware_enclosure_ratio=1.4551915228366852e-11 residual_over_enclosure=0 bit_equal=1
RESIDENT_EOS_CELL cell=9 field=temperature observed_K=425 expected_fp64_to_fp32_K=425 residual_K=0 local_projection_enclosure_K=1.52587890625e-05 residual_over_enclosure=0 bit_equal=1
RESIDENT_EOS_CELL cell=9 field=represented_pressure_ratio observed_ratio=1.00024414 expected_fp64_to_fp32_ratio=1.00024414 residual_ratio=0 local_projection_enclosure_ratio=5.9604644775390625e-08 residual_over_enclosure=0 bit_equal=1
RESIDENT_EOS_CELL cell=9 field=absolute_eos_deviation observed_ratio=0.000244140625 expected_fp64_to_fp32_ratio=0.000244140625 residual_ratio=0 local_rounding_aware_enclosure_ratio=2.9103830456733704e-11 residual_over_enclosure=0 bit_equal=1
RESIDENT_EOS_CELL cell=10 field=temperature observed_K=950 expected_fp64_to_fp32_K=950 residual_K=0 local_projection_enclosure_K=3.0517578125e-05 residual_over_enclosure=0 bit_equal=1
RESIDENT_EOS_CELL cell=10 field=represented_pressure_ratio observed_ratio=0.99987793 expected_fp64_to_fp32_ratio=0.99987793 residual_ratio=0 local_projection_enclosure_ratio=2.9802322387695312e-08 residual_over_enclosure=0 bit_equal=1
RESIDENT_EOS_CELL cell=10 field=absolute_eos_deviation observed_ratio=0.000122070312 expected_fp64_to_fp32_ratio=0.000122070312 residual_ratio=0 local_rounding_aware_enclosure_ratio=1.4551915228366852e-11 residual_over_enclosure=0 bit_equal=1
RESIDENT_EOS_CELL cell=11 field=temperature observed_K=1000 expected_fp64_to_fp32_K=1000 residual_K=0 local_projection_enclosure_K=3.0517578125e-05 residual_over_enclosure=0 bit_equal=1
RESIDENT_EOS_CELL cell=11 field=represented_pressure_ratio observed_ratio=0.99987793 expected_fp64_to_fp32_ratio=0.99987793 residual_ratio=0 local_projection_enclosure_ratio=2.9802322387695312e-08 residual_over_enclosure=0 bit_equal=1
RESIDENT_EOS_CELL cell=11 field=absolute_eos_deviation observed_ratio=0.000122070312 expected_fp64_to_fp32_ratio=0.000122070312 residual_ratio=0 local_rounding_aware_enclosure_ratio=1.4551915228366852e-11 residual_over_enclosure=0 bit_equal=1
RESIDENT_EOS_CELL cell=12 field=temperature observed_K=1000.00098 expected_fp64_to_fp32_K=1000.00098 residual_K=0 local_projection_enclosure_K=3.0517578125e-05 residual_over_enclosure=0 bit_equal=1
RESIDENT_EOS_CELL cell=12 field=represented_pressure_ratio observed_ratio=1.00024414 expected_fp64_to_fp32_ratio=1.00024414 residual_ratio=0 local_projection_enclosure_ratio=5.9604644775390625e-08 residual_over_enclosure=0 bit_equal=1
RESIDENT_EOS_CELL cell=12 field=absolute_eos_deviation observed_ratio=0.000244140625 expected_fp64_to_fp32_ratio=0.000244140625 residual_ratio=0 local_rounding_aware_enclosure_ratio=2.9103830456733704e-11 residual_over_enclosure=0 bit_equal=1
RESIDENT_EOS_CELL cell=13 field=temperature observed_K=1500 expected_fp64_to_fp32_K=1500 residual_K=0 local_projection_enclosure_K=6.103515625e-05 residual_over_enclosure=0 bit_equal=1
RESIDENT_EOS_CELL cell=13 field=represented_pressure_ratio observed_ratio=0.99987793 expected_fp64_to_fp32_ratio=0.99987793 residual_ratio=0 local_projection_enclosure_ratio=2.9802322387695312e-08 residual_over_enclosure=0 bit_equal=1
RESIDENT_EOS_CELL cell=13 field=absolute_eos_deviation observed_ratio=0.000122070312 expected_fp64_to_fp32_ratio=0.000122070312 residual_ratio=0 local_rounding_aware_enclosure_ratio=1.4551915228366852e-11 residual_over_enclosure=0 bit_equal=1
RESIDENT_EOS_CELL cell=14 field=temperature observed_K=1900.00012 expected_fp64_to_fp32_K=1900.00012 residual_K=0 local_projection_enclosure_K=6.103515625e-05 residual_over_enclosure=0 bit_equal=1
RESIDENT_EOS_CELL cell=14 field=represented_pressure_ratio observed_ratio=0.99987793 expected_fp64_to_fp32_ratio=0.99987793 residual_ratio=0 local_projection_enclosure_ratio=2.9802322387695312e-08 residual_over_enclosure=0 bit_equal=1
RESIDENT_EOS_CELL cell=14 field=absolute_eos_deviation observed_ratio=0.000122070312 expected_fp64_to_fp32_ratio=0.000122070312 residual_ratio=0 local_rounding_aware_enclosure_ratio=1.4551915228366852e-11 residual_over_enclosure=0 bit_equal=1
RESIDENT_EOS_CELL cell=15 field=temperature observed_K=2200 expected_fp64_to_fp32_K=2200 residual_K=0 local_projection_enclosure_K=0.0001220703125 residual_over_enclosure=0 bit_equal=1
RESIDENT_EOS_CELL cell=15 field=represented_pressure_ratio observed_ratio=1.00024414 expected_fp64_to_fp32_ratio=1.00024414 residual_ratio=0 local_projection_enclosure_ratio=5.9604644775390625e-08 residual_over_enclosure=0 bit_equal=1
RESIDENT_EOS_CELL cell=15 field=absolute_eos_deviation observed_ratio=0.000244140625 expected_fp64_to_fp32_ratio=0.000244140625 residual_ratio=0 local_rounding_aware_enclosure_ratio=2.9103830456733704e-11 residual_over_enclosure=0 bit_equal=1
RESIDENT_EOS_CELL cell=16 field=temperature observed_K=300 expected_fp64_to_fp32_K=300 residual_K=0 local_projection_enclosure_K=1.52587890625e-05 residual_over_enclosure=0 bit_equal=1
RESIDENT_EOS_CELL cell=16 field=represented_pressure_ratio observed_ratio=0.99987793 expected_fp64_to_fp32_ratio=0.99987793 residual_ratio=0 local_projection_enclosure_ratio=2.9802322387695312e-08 residual_over_enclosure=0 bit_equal=1
RESIDENT_EOS_CELL cell=16 field=absolute_eos_deviation observed_ratio=0.000122070312 expected_fp64_to_fp32_ratio=0.000122070312 residual_ratio=0 local_rounding_aware_enclosure_ratio=1.4551915228366852e-11 residual_over_enclosure=0 bit_equal=1
RESIDENT_EOS_CELL cell=17 field=temperature observed_K=425 expected_fp64_to_fp32_K=425 residual_K=0 local_projection_enclosure_K=1.52587890625e-05 residual_over_enclosure=0 bit_equal=1
RESIDENT_EOS_CELL cell=17 field=represented_pressure_ratio observed_ratio=0.99987787 expected_fp64_to_fp32_ratio=0.99987787 residual_ratio=0 local_projection_enclosure_ratio=2.9802322387695312e-08 residual_over_enclosure=0 bit_equal=1
RESIDENT_EOS_CELL cell=17 field=absolute_eos_deviation observed_ratio=0.000122129917 expected_fp64_to_fp32_ratio=0.000122129917 residual_ratio=0 local_rounding_aware_enclosure_ratio=1.4551915228366852e-11 residual_over_enclosure=0 bit_equal=1
RESIDENT_EOS_CELL cell=18 field=temperature observed_K=950.000061 expected_fp64_to_fp32_K=950.000061 residual_K=0 local_projection_enclosure_K=3.0517578125e-05 residual_over_enclosure=0 bit_equal=1
RESIDENT_EOS_CELL cell=18 field=represented_pressure_ratio observed_ratio=1.00024414 expected_fp64_to_fp32_ratio=1.00024414 residual_ratio=0 local_projection_enclosure_ratio=5.9604644775390625e-08 residual_over_enclosure=0 bit_equal=1
RESIDENT_EOS_CELL cell=18 field=absolute_eos_deviation observed_ratio=0.000244140625 expected_fp64_to_fp32_ratio=0.000244140625 residual_ratio=0 local_rounding_aware_enclosure_ratio=2.9103830456733704e-11 residual_over_enclosure=0 bit_equal=1
RESIDENT_EOS_CELL cell=19 field=temperature observed_K=1000 expected_fp64_to_fp32_K=1000 residual_K=0 local_projection_enclosure_K=3.0517578125e-05 residual_over_enclosure=0 bit_equal=1
RESIDENT_EOS_CELL cell=19 field=represented_pressure_ratio observed_ratio=0.99987793 expected_fp64_to_fp32_ratio=0.99987793 residual_ratio=0 local_projection_enclosure_ratio=2.9802322387695312e-08 residual_over_enclosure=0 bit_equal=1
RESIDENT_EOS_CELL cell=19 field=absolute_eos_deviation observed_ratio=0.000122070312 expected_fp64_to_fp32_ratio=0.000122070312 residual_ratio=0 local_rounding_aware_enclosure_ratio=1.4551915228366852e-11 residual_over_enclosure=0 bit_equal=1
RESIDENT_EOS_CELL cell=20 field=temperature observed_K=1000.00098 expected_fp64_to_fp32_K=1000.00098 residual_K=0 local_projection_enclosure_K=3.0517578125e-05 residual_over_enclosure=0 bit_equal=1
RESIDENT_EOS_CELL cell=20 field=represented_pressure_ratio observed_ratio=0.999877989 expected_fp64_to_fp32_ratio=0.999877989 residual_ratio=0 local_projection_enclosure_ratio=2.9802322387695312e-08 residual_over_enclosure=0 bit_equal=1
RESIDENT_EOS_CELL cell=20 field=absolute_eos_deviation observed_ratio=0.000122010708 expected_fp64_to_fp32_ratio=0.000122010708 residual_ratio=0 local_rounding_aware_enclosure_ratio=7.2759576141834259e-12 residual_over_enclosure=0 bit_equal=1
RESIDENT_EOS_CELL cell=21 field=temperature observed_K=1500 expected_fp64_to_fp32_K=1500 residual_K=0 local_projection_enclosure_K=6.103515625e-05 residual_over_enclosure=0 bit_equal=1
RESIDENT_EOS_CELL cell=21 field=represented_pressure_ratio observed_ratio=1.00024414 expected_fp64_to_fp32_ratio=1.00024414 residual_ratio=0 local_projection_enclosure_ratio=5.9604644775390625e-08 residual_over_enclosure=0 bit_equal=1
RESIDENT_EOS_CELL cell=21 field=absolute_eos_deviation observed_ratio=0.000244140625 expected_fp64_to_fp32_ratio=0.000244140625 residual_ratio=0 local_rounding_aware_enclosure_ratio=2.9103830456733704e-11 residual_over_enclosure=0 bit_equal=1
RESIDENT_EOS_CELL cell=22 field=temperature observed_K=1900 expected_fp64_to_fp32_K=1900 residual_K=0 local_projection_enclosure_K=6.103515625e-05 residual_over_enclosure=0 bit_equal=1
RESIDENT_EOS_CELL cell=22 field=represented_pressure_ratio observed_ratio=0.99987793 expected_fp64_to_fp32_ratio=0.99987793 residual_ratio=0 local_projection_enclosure_ratio=2.9802322387695312e-08 residual_over_enclosure=0 bit_equal=1
RESIDENT_EOS_CELL cell=22 field=absolute_eos_deviation observed_ratio=0.000122070312 expected_fp64_to_fp32_ratio=0.000122070312 residual_ratio=0 local_rounding_aware_enclosure_ratio=1.4551915228366852e-11 residual_over_enclosure=0 bit_equal=1
RESIDENT_EOS_CELL cell=23 field=temperature observed_K=2200 expected_fp64_to_fp32_K=2200 residual_K=0 local_projection_enclosure_K=0.0001220703125 residual_over_enclosure=0 bit_equal=1
RESIDENT_EOS_CELL cell=23 field=represented_pressure_ratio observed_ratio=0.99987793 expected_fp64_to_fp32_ratio=0.99987793 residual_ratio=0 local_projection_enclosure_ratio=2.9802322387695312e-08 residual_over_enclosure=0 bit_equal=1
RESIDENT_EOS_CELL cell=23 field=absolute_eos_deviation observed_ratio=0.000122070312 expected_fp64_to_fp32_ratio=0.000122070312 residual_ratio=0 local_rounding_aware_enclosure_ratio=1.4551915228366852e-11 residual_over_enclosure=0 bit_equal=1
RESIDENT_EOS_CELL cell=24 field=temperature observed_K=300 expected_fp64_to_fp32_K=300 residual_K=0 local_projection_enclosure_K=1.52587890625e-05 residual_over_enclosure=0 bit_equal=1
RESIDENT_EOS_CELL cell=24 field=represented_pressure_ratio observed_ratio=1.00024414 expected_fp64_to_fp32_ratio=1.00024414 residual_ratio=0 local_projection_enclosure_ratio=5.9604644775390625e-08 residual_over_enclosure=0 bit_equal=1
RESIDENT_EOS_CELL cell=24 field=absolute_eos_deviation observed_ratio=0.000244140625 expected_fp64_to_fp32_ratio=0.000244140625 residual_ratio=0 local_rounding_aware_enclosure_ratio=2.9103830456733704e-11 residual_over_enclosure=0 bit_equal=1
RESIDENT_EOS_CELL cell=25 field=temperature observed_K=425 expected_fp64_to_fp32_K=425 residual_K=0 local_projection_enclosure_K=1.52587890625e-05 residual_over_enclosure=0 bit_equal=1
RESIDENT_EOS_CELL cell=25 field=represented_pressure_ratio observed_ratio=0.99987787 expected_fp64_to_fp32_ratio=0.99987787 residual_ratio=0 local_projection_enclosure_ratio=2.9802322387695312e-08 residual_over_enclosure=0 bit_equal=1
RESIDENT_EOS_CELL cell=25 field=absolute_eos_deviation observed_ratio=0.000122129917 expected_fp64_to_fp32_ratio=0.000122129917 residual_ratio=0 local_rounding_aware_enclosure_ratio=1.4551915228366852e-11 residual_over_enclosure=0 bit_equal=1
RESIDENT_EOS_CELL cell=26 field=temperature observed_K=950 expected_fp64_to_fp32_K=950 residual_K=0 local_projection_enclosure_K=3.0517578125e-05 residual_over_enclosure=0 bit_equal=1
RESIDENT_EOS_CELL cell=26 field=represented_pressure_ratio observed_ratio=0.99987793 expected_fp64_to_fp32_ratio=0.99987793 residual_ratio=0 local_projection_enclosure_ratio=2.9802322387695312e-08 residual_over_enclosure=0 bit_equal=1
RESIDENT_EOS_CELL cell=26 field=absolute_eos_deviation observed_ratio=0.000122070312 expected_fp64_to_fp32_ratio=0.000122070312 residual_ratio=0 local_rounding_aware_enclosure_ratio=1.4551915228366852e-11 residual_over_enclosure=0 bit_equal=1
RESIDENT_EOS_CELL cell=27 field=temperature observed_K=1000 expected_fp64_to_fp32_K=1000 residual_K=0 local_projection_enclosure_K=3.0517578125e-05 residual_over_enclosure=0 bit_equal=1
RESIDENT_EOS_CELL cell=27 field=represented_pressure_ratio observed_ratio=1.00024414 expected_fp64_to_fp32_ratio=1.00024414 residual_ratio=0 local_projection_enclosure_ratio=5.9604644775390625e-08 residual_over_enclosure=0 bit_equal=1
RESIDENT_EOS_CELL cell=27 field=absolute_eos_deviation observed_ratio=0.000244140625 expected_fp64_to_fp32_ratio=0.000244140625 residual_ratio=0 local_rounding_aware_enclosure_ratio=2.9103830456733704e-11 residual_over_enclosure=0 bit_equal=1
RESIDENT_EOS_CELL cell=28 field=temperature observed_K=1000.00098 expected_fp64_to_fp32_K=1000.00098 residual_K=0 local_projection_enclosure_K=3.0517578125e-05 residual_over_enclosure=0 bit_equal=1
RESIDENT_EOS_CELL cell=28 field=represented_pressure_ratio observed_ratio=0.99987787 expected_fp64_to_fp32_ratio=0.99987787 residual_ratio=0 local_projection_enclosure_ratio=2.9802322387695312e-08 residual_over_enclosure=0 bit_equal=1
RESIDENT_EOS_CELL cell=28 field=absolute_eos_deviation observed_ratio=0.000122129917 expected_fp64_to_fp32_ratio=0.000122129917 residual_ratio=0 local_rounding_aware_enclosure_ratio=1.4551915228366852e-11 residual_over_enclosure=0 bit_equal=1
RESIDENT_EOS_CELL cell=29 field=temperature observed_K=1500 expected_fp64_to_fp32_K=1500 residual_K=0 local_projection_enclosure_K=6.103515625e-05 residual_over_enclosure=0 bit_equal=1
RESIDENT_EOS_CELL cell=29 field=represented_pressure_ratio observed_ratio=0.99987793 expected_fp64_to_fp32_ratio=0.99987793 residual_ratio=0 local_projection_enclosure_ratio=2.9802322387695312e-08 residual_over_enclosure=0 bit_equal=1
RESIDENT_EOS_CELL cell=29 field=absolute_eos_deviation observed_ratio=0.000122070312 expected_fp64_to_fp32_ratio=0.000122070312 residual_ratio=0 local_rounding_aware_enclosure_ratio=1.4551915228366852e-11 residual_over_enclosure=0 bit_equal=1
RESIDENT_EOS_CELL cell=30 field=temperature observed_K=1900 expected_fp64_to_fp32_K=1900 residual_K=0 local_projection_enclosure_K=6.103515625e-05 residual_over_enclosure=0 bit_equal=1
RESIDENT_EOS_CELL cell=30 field=represented_pressure_ratio observed_ratio=1.00024414 expected_fp64_to_fp32_ratio=1.00024414 residual_ratio=0 local_projection_enclosure_ratio=5.9604644775390625e-08 residual_over_enclosure=0 bit_equal=1
RESIDENT_EOS_CELL cell=30 field=absolute_eos_deviation observed_ratio=0.000244140625 expected_fp64_to_fp32_ratio=0.000244140625 residual_ratio=0 local_rounding_aware_enclosure_ratio=2.9103830456733704e-11 residual_over_enclosure=0 bit_equal=1
RESIDENT_EOS_CELL cell=31 field=temperature observed_K=2200 expected_fp64_to_fp32_K=2200 residual_K=0 local_projection_enclosure_K=0.0001220703125 residual_over_enclosure=0 bit_equal=1
RESIDENT_EOS_CELL cell=31 field=represented_pressure_ratio observed_ratio=0.99987793 expected_fp64_to_fp32_ratio=0.99987793 residual_ratio=0 local_projection_enclosure_ratio=2.9802322387695312e-08 residual_over_enclosure=0 bit_equal=1
RESIDENT_EOS_CELL cell=31 field=absolute_eos_deviation observed_ratio=0.000122070312 expected_fp64_to_fp32_ratio=0.000122070312 residual_ratio=0 local_rounding_aware_enclosure_ratio=1.4551915228366852e-11 residual_over_enclosure=0 bit_equal=1
RESIDENT_EOS_CELL cell=32 field=temperature observed_K=300 expected_fp64_to_fp32_K=300 residual_K=0 local_projection_enclosure_K=1.52587890625e-05 residual_over_enclosure=0 bit_equal=1
RESIDENT_EOS_CELL cell=32 field=represented_pressure_ratio observed_ratio=0.999877989 expected_fp64_to_fp32_ratio=0.999877989 residual_ratio=0 local_projection_enclosure_ratio=2.9802322387695312e-08 residual_over_enclosure=0 bit_equal=1
RESIDENT_EOS_CELL cell=32 field=absolute_eos_deviation observed_ratio=0.000122010708 expected_fp64_to_fp32_ratio=0.000122010708 residual_ratio=0 local_rounding_aware_enclosure_ratio=7.2759576141834259e-12 residual_over_enclosure=0 bit_equal=1
RESIDENT_EOS_CELL cell=33 field=temperature observed_K=425 expected_fp64_to_fp32_K=425 residual_K=0 local_projection_enclosure_K=1.52587890625e-05 residual_over_enclosure=0 bit_equal=1
RESIDENT_EOS_CELL cell=33 field=represented_pressure_ratio observed_ratio=1.00024414 expected_fp64_to_fp32_ratio=1.00024414 residual_ratio=0 local_projection_enclosure_ratio=5.9604644775390625e-08 residual_over_enclosure=0 bit_equal=1
RESIDENT_EOS_CELL cell=33 field=absolute_eos_deviation observed_ratio=0.000244140625 expected_fp64_to_fp32_ratio=0.000244140625 residual_ratio=0 local_rounding_aware_enclosure_ratio=2.9103830456733704e-11 residual_over_enclosure=0 bit_equal=1
RESIDENT_EOS_CELL cell=34 field=temperature observed_K=949.999939 expected_fp64_to_fp32_K=949.999939 residual_K=0 local_projection_enclosure_K=3.0517578125e-05 residual_over_enclosure=0 bit_equal=1
RESIDENT_EOS_CELL cell=34 field=represented_pressure_ratio observed_ratio=0.99987787 expected_fp64_to_fp32_ratio=0.99987787 residual_ratio=0 local_projection_enclosure_ratio=2.9802322387695312e-08 residual_over_enclosure=0 bit_equal=1
RESIDENT_EOS_CELL cell=34 field=absolute_eos_deviation observed_ratio=0.000122129917 expected_fp64_to_fp32_ratio=0.000122129917 residual_ratio=0 local_rounding_aware_enclosure_ratio=1.4551915228366852e-11 residual_over_enclosure=0 bit_equal=1
RESIDENT_EOS_CELL cell=35 field=temperature observed_K=1000 expected_fp64_to_fp32_K=1000 residual_K=0 local_projection_enclosure_K=3.0517578125e-05 residual_over_enclosure=0 bit_equal=1
RESIDENT_EOS_CELL cell=35 field=represented_pressure_ratio observed_ratio=0.99987787 expected_fp64_to_fp32_ratio=0.99987787 residual_ratio=0 local_projection_enclosure_ratio=2.9802322387695312e-08 residual_over_enclosure=0 bit_equal=1
RESIDENT_EOS_CELL cell=35 field=absolute_eos_deviation observed_ratio=0.000122129917 expected_fp64_to_fp32_ratio=0.000122129917 residual_ratio=0 local_rounding_aware_enclosure_ratio=1.4551915228366852e-11 residual_over_enclosure=0 bit_equal=1
RESIDENT_EOS_CELL cell=36 field=temperature observed_K=1000.00104 expected_fp64_to_fp32_K=1000.00104 residual_K=0 local_projection_enclosure_K=3.0517578125e-05 residual_over_enclosure=0 bit_equal=1
RESIDENT_EOS_CELL cell=36 field=represented_pressure_ratio observed_ratio=1.00024414 expected_fp64_to_fp32_ratio=1.00024414 residual_ratio=0 local_projection_enclosure_ratio=5.9604644775390625e-08 residual_over_enclosure=0 bit_equal=1
RESIDENT_EOS_CELL cell=36 field=absolute_eos_deviation observed_ratio=0.000244140625 expected_fp64_to_fp32_ratio=0.000244140625 residual_ratio=0 local_rounding_aware_enclosure_ratio=2.9103830456733704e-11 residual_over_enclosure=0 bit_equal=1
RESIDENT_EOS_CELL cell=37 field=temperature observed_K=1500 expected_fp64_to_fp32_K=1500 residual_K=0 local_projection_enclosure_K=6.103515625e-05 residual_over_enclosure=0 bit_equal=1
RESIDENT_EOS_CELL cell=37 field=represented_pressure_ratio observed_ratio=0.99987793 expected_fp64_to_fp32_ratio=0.99987793 residual_ratio=0 local_projection_enclosure_ratio=2.9802322387695312e-08 residual_over_enclosure=0 bit_equal=1
RESIDENT_EOS_CELL cell=37 field=absolute_eos_deviation observed_ratio=0.000122070312 expected_fp64_to_fp32_ratio=0.000122070312 residual_ratio=0 local_rounding_aware_enclosure_ratio=1.4551915228366852e-11 residual_over_enclosure=0 bit_equal=1
RESIDENT_EOS_CELL cell=38 field=temperature observed_K=1900 expected_fp64_to_fp32_K=1900 residual_K=0 local_projection_enclosure_K=6.103515625e-05 residual_over_enclosure=0 bit_equal=1
RESIDENT_EOS_CELL cell=38 field=represented_pressure_ratio observed_ratio=0.99987787 expected_fp64_to_fp32_ratio=0.99987787 residual_ratio=0 local_projection_enclosure_ratio=2.9802322387695312e-08 residual_over_enclosure=0 bit_equal=1
RESIDENT_EOS_CELL cell=38 field=absolute_eos_deviation observed_ratio=0.000122129917 expected_fp64_to_fp32_ratio=0.000122129917 residual_ratio=0 local_rounding_aware_enclosure_ratio=1.4551915228366852e-11 residual_over_enclosure=0 bit_equal=1
RESIDENT_EOS_CELL cell=39 field=temperature observed_K=2200 expected_fp64_to_fp32_K=2200 residual_K=0 local_projection_enclosure_K=0.0001220703125 residual_over_enclosure=0 bit_equal=1
RESIDENT_EOS_CELL cell=39 field=represented_pressure_ratio observed_ratio=1.00024414 expected_fp64_to_fp32_ratio=1.00024414 residual_ratio=0 local_projection_enclosure_ratio=5.9604644775390625e-08 residual_over_enclosure=0 bit_equal=1
RESIDENT_EOS_CELL cell=39 field=absolute_eos_deviation observed_ratio=0.000244140625 expected_fp64_to_fp32_ratio=0.000244140625 residual_ratio=0 local_rounding_aware_enclosure_ratio=2.9103830456733704e-11 residual_over_enclosure=0 bit_equal=1
RESIDENT_EOS_CELL cell=40 field=temperature observed_K=300 expected_fp64_to_fp32_K=300 residual_K=0 local_projection_enclosure_K=1.52587890625e-05 residual_over_enclosure=0 bit_equal=1
RESIDENT_EOS_CELL cell=40 field=represented_pressure_ratio observed_ratio=0.99987793 expected_fp64_to_fp32_ratio=0.99987793 residual_ratio=0 local_projection_enclosure_ratio=2.9802322387695312e-08 residual_over_enclosure=0 bit_equal=1
RESIDENT_EOS_CELL cell=40 field=absolute_eos_deviation observed_ratio=0.000122070312 expected_fp64_to_fp32_ratio=0.000122070312 residual_ratio=0 local_rounding_aware_enclosure_ratio=1.4551915228366852e-11 residual_over_enclosure=0 bit_equal=1
RESIDENT_EOS_CELL cell=41 field=temperature observed_K=425 expected_fp64_to_fp32_K=425 residual_K=0 local_projection_enclosure_K=1.52587890625e-05 residual_over_enclosure=0 bit_equal=1
RESIDENT_EOS_CELL cell=41 field=represented_pressure_ratio observed_ratio=0.99987793 expected_fp64_to_fp32_ratio=0.99987793 residual_ratio=0 local_projection_enclosure_ratio=2.9802322387695312e-08 residual_over_enclosure=0 bit_equal=1
RESIDENT_EOS_CELL cell=41 field=absolute_eos_deviation observed_ratio=0.000122070312 expected_fp64_to_fp32_ratio=0.000122070312 residual_ratio=0 local_rounding_aware_enclosure_ratio=1.4551915228366852e-11 residual_over_enclosure=0 bit_equal=1
RESIDENT_EOS_CELL cell=42 field=temperature observed_K=950 expected_fp64_to_fp32_K=950 residual_K=0 local_projection_enclosure_K=3.0517578125e-05 residual_over_enclosure=0 bit_equal=1
RESIDENT_EOS_CELL cell=42 field=represented_pressure_ratio observed_ratio=1 expected_fp64_to_fp32_ratio=1 residual_ratio=0 local_projection_enclosure_ratio=5.9604644775390625e-08 residual_over_enclosure=0 bit_equal=1
RESIDENT_EOS_CELL cell=42 field=absolute_eos_deviation observed_ratio=0 expected_fp64_to_fp32_ratio=0 residual_ratio=0 local_rounding_aware_enclosure_ratio=1.4012984643248171e-45 residual_over_enclosure=0 bit_equal=1
RESIDENT_EOS_CELL cell=43 field=temperature observed_K=1000 expected_fp64_to_fp32_K=1000 residual_K=0 local_projection_enclosure_K=3.0517578125e-05 residual_over_enclosure=0 bit_equal=1
RESIDENT_EOS_CELL cell=43 field=represented_pressure_ratio observed_ratio=0.99987793 expected_fp64_to_fp32_ratio=0.99987793 residual_ratio=0 local_projection_enclosure_ratio=2.9802322387695312e-08 residual_over_enclosure=0 bit_equal=1
RESIDENT_EOS_CELL cell=43 field=absolute_eos_deviation observed_ratio=0.000122070312 expected_fp64_to_fp32_ratio=0.000122070312 residual_ratio=0 local_rounding_aware_enclosure_ratio=1.4551915228366852e-11 residual_over_enclosure=0 bit_equal=1
RESIDENT_EOS_CELL cell=44 field=temperature observed_K=1000.00098 expected_fp64_to_fp32_K=1000.00098 residual_K=0 local_projection_enclosure_K=3.0517578125e-05 residual_over_enclosure=0 bit_equal=1
RESIDENT_EOS_CELL cell=44 field=represented_pressure_ratio observed_ratio=0.99987793 expected_fp64_to_fp32_ratio=0.99987793 residual_ratio=0 local_projection_enclosure_ratio=2.9802322387695312e-08 residual_over_enclosure=0 bit_equal=1
RESIDENT_EOS_CELL cell=44 field=absolute_eos_deviation observed_ratio=0.000122070312 expected_fp64_to_fp32_ratio=0.000122070312 residual_ratio=0 local_rounding_aware_enclosure_ratio=1.4551915228366852e-11 residual_over_enclosure=0 bit_equal=1
RESIDENT_EOS_CELL cell=45 field=temperature observed_K=1500 expected_fp64_to_fp32_K=1500 residual_K=0 local_projection_enclosure_K=6.103515625e-05 residual_over_enclosure=0 bit_equal=1
RESIDENT_EOS_CELL cell=45 field=represented_pressure_ratio observed_ratio=1.00024414 expected_fp64_to_fp32_ratio=1.00024414 residual_ratio=0 local_projection_enclosure_ratio=5.9604644775390625e-08 residual_over_enclosure=0 bit_equal=1
RESIDENT_EOS_CELL cell=45 field=absolute_eos_deviation observed_ratio=0.000244140625 expected_fp64_to_fp32_ratio=0.000244140625 residual_ratio=0 local_rounding_aware_enclosure_ratio=2.9103830456733704e-11 residual_over_enclosure=0 bit_equal=1
RESIDENT_EOS_CELL cell=46 field=temperature observed_K=1900.00012 expected_fp64_to_fp32_K=1900.00012 residual_K=0 local_projection_enclosure_K=6.103515625e-05 residual_over_enclosure=0 bit_equal=1
RESIDENT_EOS_CELL cell=46 field=represented_pressure_ratio observed_ratio=0.99987793 expected_fp64_to_fp32_ratio=0.99987793 residual_ratio=0 local_projection_enclosure_ratio=2.9802322387695312e-08 residual_over_enclosure=0 bit_equal=1
RESIDENT_EOS_CELL cell=46 field=absolute_eos_deviation observed_ratio=0.000122070312 expected_fp64_to_fp32_ratio=0.000122070312 residual_ratio=0 local_rounding_aware_enclosure_ratio=1.4551915228366852e-11 residual_over_enclosure=0 bit_equal=1
RESIDENT_EOS_CELL cell=47 field=temperature observed_K=2200 expected_fp64_to_fp32_K=2200 residual_K=0 local_projection_enclosure_K=0.0001220703125 residual_over_enclosure=0 bit_equal=1
RESIDENT_EOS_CELL cell=47 field=represented_pressure_ratio observed_ratio=0.999877989 expected_fp64_to_fp32_ratio=0.999877989 residual_ratio=0 local_projection_enclosure_ratio=2.9802322387695312e-08 residual_over_enclosure=0 bit_equal=1
RESIDENT_EOS_CELL cell=47 field=absolute_eos_deviation observed_ratio=0.000122010708 expected_fp64_to_fp32_ratio=0.000122010708 residual_ratio=0 local_rounding_aware_enclosure_ratio=7.2759576141834259e-12 residual_over_enclosure=0 bit_equal=1
RESIDENT_EOS_CELL cell=48 field=temperature observed_K=300 expected_fp64_to_fp32_K=300 residual_K=0 local_projection_enclosure_K=1.52587890625e-05 residual_over_enclosure=0 bit_equal=1
RESIDENT_EOS_CELL cell=48 field=represented_pressure_ratio observed_ratio=1.00024414 expected_fp64_to_fp32_ratio=1.00024414 residual_ratio=0 local_projection_enclosure_ratio=5.9604644775390625e-08 residual_over_enclosure=0 bit_equal=1
RESIDENT_EOS_CELL cell=48 field=absolute_eos_deviation observed_ratio=0.000244140625 expected_fp64_to_fp32_ratio=0.000244140625 residual_ratio=0 local_rounding_aware_enclosure_ratio=2.9103830456733704e-11 residual_over_enclosure=0 bit_equal=1
RESIDENT_EOS_CELL cell=49 field=temperature observed_K=425 expected_fp64_to_fp32_K=425 residual_K=0 local_projection_enclosure_K=1.52587890625e-05 residual_over_enclosure=0 bit_equal=1
RESIDENT_EOS_CELL cell=49 field=represented_pressure_ratio observed_ratio=0.99987787 expected_fp64_to_fp32_ratio=0.99987787 residual_ratio=0 local_projection_enclosure_ratio=2.9802322387695312e-08 residual_over_enclosure=0 bit_equal=1
RESIDENT_EOS_CELL cell=49 field=absolute_eos_deviation observed_ratio=0.000122129917 expected_fp64_to_fp32_ratio=0.000122129917 residual_ratio=0 local_rounding_aware_enclosure_ratio=1.4551915228366852e-11 residual_over_enclosure=0 bit_equal=1
RESIDENT_EOS_CELL cell=50 field=temperature observed_K=950.000061 expected_fp64_to_fp32_K=950.000061 residual_K=0 local_projection_enclosure_K=3.0517578125e-05 residual_over_enclosure=0 bit_equal=1
RESIDENT_EOS_CELL cell=50 field=represented_pressure_ratio observed_ratio=0.99987793 expected_fp64_to_fp32_ratio=0.99987793 residual_ratio=0 local_projection_enclosure_ratio=2.9802322387695312e-08 residual_over_enclosure=0 bit_equal=1
RESIDENT_EOS_CELL cell=50 field=absolute_eos_deviation observed_ratio=0.000122070312 expected_fp64_to_fp32_ratio=0.000122070312 residual_ratio=0 local_rounding_aware_enclosure_ratio=1.4551915228366852e-11 residual_over_enclosure=0 bit_equal=1
RESIDENT_EOS_CELL cell=51 field=temperature observed_K=1000 expected_fp64_to_fp32_K=1000 residual_K=0 local_projection_enclosure_K=3.0517578125e-05 residual_over_enclosure=0 bit_equal=1
RESIDENT_EOS_CELL cell=51 field=represented_pressure_ratio observed_ratio=1.00024414 expected_fp64_to_fp32_ratio=1.00024414 residual_ratio=0 local_projection_enclosure_ratio=5.9604644775390625e-08 residual_over_enclosure=0 bit_equal=1
RESIDENT_EOS_CELL cell=51 field=absolute_eos_deviation observed_ratio=0.000244140625 expected_fp64_to_fp32_ratio=0.000244140625 residual_ratio=0 local_rounding_aware_enclosure_ratio=2.9103830456733704e-11 residual_over_enclosure=0 bit_equal=1
RESIDENT_EOS_CELL cell=52 field=temperature observed_K=1000.00098 expected_fp64_to_fp32_K=1000.00098 residual_K=0 local_projection_enclosure_K=3.0517578125e-05 residual_over_enclosure=0 bit_equal=1
RESIDENT_EOS_CELL cell=52 field=represented_pressure_ratio observed_ratio=0.999877989 expected_fp64_to_fp32_ratio=0.999877989 residual_ratio=0 local_projection_enclosure_ratio=2.9802322387695312e-08 residual_over_enclosure=0 bit_equal=1
RESIDENT_EOS_CELL cell=52 field=absolute_eos_deviation observed_ratio=0.000122010708 expected_fp64_to_fp32_ratio=0.000122010708 residual_ratio=0 local_rounding_aware_enclosure_ratio=7.2759576141834259e-12 residual_over_enclosure=0 bit_equal=1
RESIDENT_EOS_CELL cell=53 field=temperature observed_K=1500 expected_fp64_to_fp32_K=1500 residual_K=0 local_projection_enclosure_K=6.103515625e-05 residual_over_enclosure=0 bit_equal=1
RESIDENT_EOS_CELL cell=53 field=represented_pressure_ratio observed_ratio=0.99987787 expected_fp64_to_fp32_ratio=0.99987787 residual_ratio=0 local_projection_enclosure_ratio=2.9802322387695312e-08 residual_over_enclosure=0 bit_equal=1
RESIDENT_EOS_CELL cell=53 field=absolute_eos_deviation observed_ratio=0.000122129917 expected_fp64_to_fp32_ratio=0.000122129917 residual_ratio=0 local_rounding_aware_enclosure_ratio=1.4551915228366852e-11 residual_over_enclosure=0 bit_equal=1
RESIDENT_EOS_CELL cell=54 field=temperature observed_K=1900 expected_fp64_to_fp32_K=1900 residual_K=0 local_projection_enclosure_K=6.103515625e-05 residual_over_enclosure=0 bit_equal=1
RESIDENT_EOS_CELL cell=54 field=represented_pressure_ratio observed_ratio=1.00024414 expected_fp64_to_fp32_ratio=1.00024414 residual_ratio=0 local_projection_enclosure_ratio=5.9604644775390625e-08 residual_over_enclosure=0 bit_equal=1
RESIDENT_EOS_CELL cell=54 field=absolute_eos_deviation observed_ratio=0.000244140625 expected_fp64_to_fp32_ratio=0.000244140625 residual_ratio=0 local_rounding_aware_enclosure_ratio=2.9103830456733704e-11 residual_over_enclosure=0 bit_equal=1
RESIDENT_EOS_CELL cell=55 field=temperature observed_K=2200 expected_fp64_to_fp32_K=2200 residual_K=0 local_projection_enclosure_K=0.0001220703125 residual_over_enclosure=0 bit_equal=1
RESIDENT_EOS_CELL cell=55 field=represented_pressure_ratio observed_ratio=0.99987793 expected_fp64_to_fp32_ratio=0.99987793 residual_ratio=0 local_projection_enclosure_ratio=2.9802322387695312e-08 residual_over_enclosure=0 bit_equal=1
RESIDENT_EOS_CELL cell=55 field=absolute_eos_deviation observed_ratio=0.000122070312 expected_fp64_to_fp32_ratio=0.000122070312 residual_ratio=0 local_rounding_aware_enclosure_ratio=1.4551915228366852e-11 residual_over_enclosure=0 bit_equal=1
RESIDENT_EOS_CELL cell=56 field=temperature observed_K=300 expected_fp64_to_fp32_K=300 residual_K=0 local_projection_enclosure_K=1.52587890625e-05 residual_over_enclosure=0 bit_equal=1
RESIDENT_EOS_CELL cell=56 field=represented_pressure_ratio observed_ratio=0.99987793 expected_fp64_to_fp32_ratio=0.99987793 residual_ratio=0 local_projection_enclosure_ratio=2.9802322387695312e-08 residual_over_enclosure=0 bit_equal=1
RESIDENT_EOS_CELL cell=56 field=absolute_eos_deviation observed_ratio=0.000122070312 expected_fp64_to_fp32_ratio=0.000122070312 residual_ratio=0 local_rounding_aware_enclosure_ratio=1.4551915228366852e-11 residual_over_enclosure=0 bit_equal=1
RESIDENT_EOS_CELL cell=57 field=temperature observed_K=425 expected_fp64_to_fp32_K=425 residual_K=0 local_projection_enclosure_K=1.52587890625e-05 residual_over_enclosure=0 bit_equal=1
RESIDENT_EOS_CELL cell=57 field=represented_pressure_ratio observed_ratio=1.00024414 expected_fp64_to_fp32_ratio=1.00024414 residual_ratio=0 local_projection_enclosure_ratio=5.9604644775390625e-08 residual_over_enclosure=0 bit_equal=1
RESIDENT_EOS_CELL cell=57 field=absolute_eos_deviation observed_ratio=0.000244140625 expected_fp64_to_fp32_ratio=0.000244140625 residual_ratio=0 local_rounding_aware_enclosure_ratio=2.9103830456733704e-11 residual_over_enclosure=0 bit_equal=1
RESIDENT_EOS_CELL cell=58 field=temperature observed_K=950 expected_fp64_to_fp32_K=950 residual_K=0 local_projection_enclosure_K=3.0517578125e-05 residual_over_enclosure=0 bit_equal=1
RESIDENT_EOS_CELL cell=58 field=represented_pressure_ratio observed_ratio=0.99987793 expected_fp64_to_fp32_ratio=0.99987793 residual_ratio=0 local_projection_enclosure_ratio=2.9802322387695312e-08 residual_over_enclosure=0 bit_equal=1
RESIDENT_EOS_CELL cell=58 field=absolute_eos_deviation observed_ratio=0.000122070312 expected_fp64_to_fp32_ratio=0.000122070312 residual_ratio=0 local_rounding_aware_enclosure_ratio=1.4551915228366852e-11 residual_over_enclosure=0 bit_equal=1
RESIDENT_EOS_CELL cell=59 field=temperature observed_K=1000 expected_fp64_to_fp32_K=1000 residual_K=0 local_projection_enclosure_K=3.0517578125e-05 residual_over_enclosure=0 bit_equal=1
RESIDENT_EOS_CELL cell=59 field=represented_pressure_ratio observed_ratio=0.99987793 expected_fp64_to_fp32_ratio=0.99987793 residual_ratio=0 local_projection_enclosure_ratio=2.9802322387695312e-08 residual_over_enclosure=0 bit_equal=1
RESIDENT_EOS_CELL cell=59 field=absolute_eos_deviation observed_ratio=0.000122070312 expected_fp64_to_fp32_ratio=0.000122070312 residual_ratio=0 local_rounding_aware_enclosure_ratio=1.4551915228366852e-11 residual_over_enclosure=0 bit_equal=1
RESIDENT_EOS_CELL cell=60 field=temperature observed_K=1000.00098 expected_fp64_to_fp32_K=1000.00098 residual_K=0 local_projection_enclosure_K=3.0517578125e-05 residual_over_enclosure=0 bit_equal=1
RESIDENT_EOS_CELL cell=60 field=represented_pressure_ratio observed_ratio=1.00024414 expected_fp64_to_fp32_ratio=1.00024414 residual_ratio=0 local_projection_enclosure_ratio=5.9604644775390625e-08 residual_over_enclosure=0 bit_equal=1
RESIDENT_EOS_CELL cell=60 field=absolute_eos_deviation observed_ratio=0.000244140625 expected_fp64_to_fp32_ratio=0.000244140625 residual_ratio=0 local_rounding_aware_enclosure_ratio=2.9103830456733704e-11 residual_over_enclosure=0 bit_equal=1
RESIDENT_EOS_CELL cell=61 field=temperature observed_K=1500 expected_fp64_to_fp32_K=1500 residual_K=0 local_projection_enclosure_K=6.103515625e-05 residual_over_enclosure=0 bit_equal=1
RESIDENT_EOS_CELL cell=61 field=represented_pressure_ratio observed_ratio=0.99987793 expected_fp64_to_fp32_ratio=0.99987793 residual_ratio=0 local_projection_enclosure_ratio=2.9802322387695312e-08 residual_over_enclosure=0 bit_equal=1
RESIDENT_EOS_CELL cell=61 field=absolute_eos_deviation observed_ratio=0.000122070312 expected_fp64_to_fp32_ratio=0.000122070312 residual_ratio=0 local_rounding_aware_enclosure_ratio=1.4551915228366852e-11 residual_over_enclosure=0 bit_equal=1
RESIDENT_EOS_CELL cell=62 field=temperature observed_K=1900 expected_fp64_to_fp32_K=1900 residual_K=0 local_projection_enclosure_K=6.103515625e-05 residual_over_enclosure=0 bit_equal=1
RESIDENT_EOS_CELL cell=62 field=represented_pressure_ratio observed_ratio=0.99987793 expected_fp64_to_fp32_ratio=0.99987793 residual_ratio=0 local_projection_enclosure_ratio=2.9802322387695312e-08 residual_over_enclosure=0 bit_equal=1
RESIDENT_EOS_CELL cell=62 field=absolute_eos_deviation observed_ratio=0.000122070312 expected_fp64_to_fp32_ratio=0.000122070312 residual_ratio=0 local_rounding_aware_enclosure_ratio=1.4551915228366852e-11 residual_over_enclosure=0 bit_equal=1
RESIDENT_EOS_CELL cell=63 field=temperature observed_K=2200 expected_fp64_to_fp32_K=2200 residual_K=0 local_projection_enclosure_K=0.0001220703125 residual_over_enclosure=0 bit_equal=1
RESIDENT_EOS_CELL cell=63 field=represented_pressure_ratio observed_ratio=1.00024414 expected_fp64_to_fp32_ratio=1.00024414 residual_ratio=0 local_projection_enclosure_ratio=5.9604644775390625e-08 residual_over_enclosure=0 bit_equal=1
RESIDENT_EOS_CELL cell=63 field=absolute_eos_deviation observed_ratio=0.000244140625 expected_fp64_to_fp32_ratio=0.000244140625 residual_ratio=0 local_rounding_aware_enclosure_ratio=2.9103830456733704e-11 residual_over_enclosure=0 bit_equal=1
RESIDENT_EOS_RED name=r170_hard_bound_30_percent expected=0x00000400 observed=0x00000400 attempted=1 read=1 commands=1 staging=1 candidate_identity=0 eos_identity=0 passed=1
RESIDENT_EOS_RED name=pressure_midpoint_rounding_ambiguous expected=0x00000200 observed=0x00000200 attempted=1 read=1 commands=1 staging=1 candidate_identity=0 eos_identity=0 passed=1
RESIDENT_EOS_RED name=deviation_midpoint_rounding_ambiguous expected=0x00000200 observed=0x00000200 attempted=1 read=1 commands=1 staging=1 candidate_identity=0 eos_identity=0 passed=1
RESIDENT_EOS_ROUNDING_EDGE name=exact_zero_bin_center expected_bits=0x00000000 accepted=1 failure=0x00000000 error= passed=1
RESIDENT_EOS_ROUNDING_EDGE name=minimum_subnormal_bin_center expected_bits=0x00000001 accepted=1 failure=0x00000000 error= passed=1
RESIDENT_EOS_RED name=zero_lower_upper_bin_ambiguous expected=0x00000200 observed=0x00000200 attempted=1 read=1 commands=1 staging=1 candidate_identity=0 eos_identity=0 passed=1
RESIDENT_EOS_RED name=subnormal_lower_upper_bin_ambiguous expected=0x00000200 observed=0x00000200 attempted=1 read=1 commands=1 staging=1 candidate_identity=0 eos_identity=0 passed=1
RESIDENT_EOS_RED name=eos_lower_inversion_endpoint expected=0x000000d0 observed=0x000000d0 attempted=1 read=1 commands=1 staging=1 candidate_identity=0 eos_identity=0 passed=1
RESIDENT_EOS_RED name=eos_upper_inversion_endpoint expected=0x00000080 observed=0x00000080 attempted=1 read=1 commands=1 staging=1 candidate_identity=0 eos_identity=0 passed=1
RESIDENT_EOS_RED name=r170_exact_above_binary32_rounds_to_bound expected=0x00000400 observed=0x00000400 attempted=1 read=1 commands=1 staging=1 candidate_identity=0 eos_identity=0 passed=1
RESIDENT_EOS_RED name=forged_device_stage expected=0x00000050 observed=0x00000050 attempted=1 read=1 commands=1 staging=1 candidate_identity=0 eos_identity=0 passed=1
RESIDENT_EOS_RED name=forged_device_precision expected=0x00000050 observed=0x00000050 attempted=1 read=1 commands=1 staging=1 candidate_identity=0 eos_identity=0 passed=1
RESIDENT_EOS_RED name=forged_device_attempt expected=0x00000050 observed=0x00000050 attempted=1 read=1 commands=1 staging=1 candidate_identity=0 eos_identity=0 passed=1
RESIDENT_EOS_RED name=forged_device_cells expected=0x00000050 observed=0x00000050 attempted=1 read=1 commands=1 staging=1 candidate_identity=0 eos_identity=0 passed=1
RESIDENT_EOS_RED name=forged_device_timestep expected=0x00000050 observed=0x00000050 attempted=1 read=1 commands=1 staging=1 candidate_identity=0 eos_identity=0 passed=1
RESIDENT_EOS_RED name=paired_first_eos_failure_witness expected_failure=0x00000200 observed_failure=0x00000200 expected_cell=0 observed_cell=0 expected_term=0x00000001 observed_term=0x00000001 expected_second_cell=1 observed_second_cell=1 expected_second_term=0x00000002 observed_second_term=0x00000002 attempted=1 read=1 commands=1 staging=1 passed=1
RESIDENT_EOS passed=0 candidate_bit_equal=1 temperature_bit_equal=1 pressure_bit_equal=1 deviation_bit_equal=1 monitored_20_percent_accepted=1 hard_bound_refused=1 lower_envelope_accepted=1 lower_adjacent_refused=1 upper_adjacent_accepted=1 upper_envelope_refused=1 rounded_hard_bound_prepared=1 rounded_hard_bound_refused=1 unsealed_refused=1 mismatched_refused=1 cpu_refused=1 fp64_label_refused=1 short_refused=1 conservation_refused=1 qnplus1_without_owner_refused=1 wrong_producer_refused=1 eos_table_mutation_refused=1 parent_identity_distinct=1 minimum_shared_alpha=1 search_minimum_alpha=0.832918644 limited_shared_alpha=0.832918644 limited_cpu_solves=27 limited_device_attempts=1 limited_candidate_bit_equal=1 shared_alpha_bit_equal=1 split_stage_refused=1 split_precision_refused=1 split_attempt_refused=1 split_cells_refused=1 split_timestep_refused=1 split_case_refused=1 pressure_midpoint_refused=1 deviation_midpoint_refused=1 zero_bin_accepted=1 minsub_bin_accepted=1 zero_boundary_refused=1 minsub_boundary_refused=1 branch_bitmap=0x000003ff required=0x000003ff command=1 reads=1 transfers=0
RESIDENT_EOS_CELLWISE temperature_max_residual_K=0 pressure_ratio_max_residual=0 deviation_max_residual=0 temperature_worst_residual_over_local_projection_enclosure=0 pressure_worst_residual_over_local_projection_enclosure=0 deviation_worst_residual_over_local_rounding_aware_enclosure=0 maximum_monitored_deviation=0.000244140625 fixture_ws=1163264 actual_ws=128904 live_ws=294912 owner_ws=6908232
