OWNER_COST_SNAPSHOT_SCOPE_RED count=2 passed=1
capstone probe workers=8 target=0.00493879791 grid=69x69x106 dx=0.0305931161 t_ft=2.09320803
capstone step-start=0 speed=0 gprime=0 nu=2.23472097e-05 selected=5.23521035 previous=0
capstone event-step=0.00164626597 pilot_ceiling=0.0115509308 ramp_end=0.209320803
EOS_ITERATIONS_V1 stage=0 raw_iteration=4294967295 cells=504666 total=504666 bisections=2500 refused=0 bit_mismatch=0 lower_endpoint=504566 previous_temperature_bit_equal=504566 Tmin=300 Tmax=2300 scope=diagnostic_extra_dispatch histogram=504566,0,0,0,0,0,0,0,0,0,0,0,0,0,0,0,0,0,0,0,0,0,0,0,0,100,0,0,0,0,0,0,0
EOS_ITERATIONS_V1 stage=0 raw_iteration=0 cells=504666 total=504666 bisections=2491 refused=0 bit_mismatch=0 lower_endpoint=504566 previous_temperature_bit_equal=504566 Tmin=300 Tmax=2300 scope=diagnostic_extra_dispatch histogram=504566,0,0,0,0,0,0,0,0,0,0,0,0,0,0,0,0,0,0,0,0,0,0,0,9,91,0,0,0,0,0,0,0
EOS_ITERATIONS_V1 stage=0 raw_iteration=1 cells=504666 total=504666 bisections=2491 refused=0 bit_mismatch=0 lower_endpoint=504566 previous_temperature_bit_equal=504566 Tmin=300 Tmax=2300 scope=diagnostic_extra_dispatch histogram=504566,0,0,0,0,0,0,0,0,0,0,0,0,0,0,0,0,0,0,0,0,0,0,0,9,91,0,0,0,0,0,0,0
EOS_ITERATIONS_V1 stage=0 raw_iteration=2147483649 cells=504666 total=504666 bisections=2491 refused=0 bit_mismatch=0 lower_endpoint=504566 previous_temperature_bit_equal=504566 Tmin=300 Tmax=2300 scope=diagnostic_extra_dispatch histogram=504566,0,0,0,0,0,0,0,0,0,0,0,0,0,0,0,0,0,0,0,0,0,0,0,9,91,0,0,0,0,0,0,0
EOS_ITERATIONS_V1 stage=1 raw_iteration=4294967295 cells=504666 total=504666 bisections=2476 refused=0 bit_mismatch=0 lower_endpoint=504566 previous_temperature_bit_equal=504566 Tmin=300 Tmax=2300 scope=diagnostic_extra_dispatch histogram=504566,0,0,0,0,0,0,0,0,0,0,0,0,0,0,0,0,0,0,0,0,0,0,0,24,76,0,0,0,0,0,0,0
EOS_ITERATIONS_V1 stage=1 raw_iteration=0 cells=504666 total=504666 bisections=2471 refused=0 bit_mismatch=0 lower_endpoint=504566 previous_temperature_bit_equal=504566 Tmin=300 Tmax=2300 scope=diagnostic_extra_dispatch histogram=504566,0,0,0,0,0,0,0,0,0,0,0,0,0,0,0,0,0,0,0,0,0,0,0,29,71,0,0,0,0,0,0,0
EOS_ITERATIONS_V1 stage=1 raw_iteration=1 cells=504666 total=504666 bisections=2473 refused=0 bit_mismatch=0 lower_endpoint=504566 previous_temperature_bit_equal=504566 Tmin=300 Tmax=2300 scope=diagnostic_extra_dispatch histogram=504566,0,0,0,0,0,0,0,0,0,0,0,0,0,0,0,0,0,0,0,0,0,0,0,27,73,0,0,0,0,0,0,0
EOS_ITERATIONS_V1 stage=1 raw_iteration=2147483649 cells=504666 total=504666 bisections=2473 refused=0 bit_mismatch=0 lower_endpoint=504566 previous_temperature_bit_equal=504566 Tmin=300 Tmax=2300 scope=diagnostic_extra_dispatch histogram=504566,0,0,0,0,0,0,0,0,0,0,0,0,0,0,0,0,0,0,0,0,0,0,0,27,73,0,0,0,0,0,0,0
EOS_ITERATIONS_V1 stage=2 raw_iteration=4294967295 cells=504666 total=504666 bisections=2473 refused=0 bit_mismatch=0 lower_endpoint=504566 previous_temperature_bit_equal=504666 Tmin=300 Tmax=2300 scope=diagnostic_extra_dispatch histogram=504566,0,0,0,0,0,0,0,0,0,0,0,0,0,0,0,0,0,0,0,0,0,0,0,27,73,0,0,0,0,0,0,0
EOS_ITERATIONS_V1 stage=2 raw_iteration=0 cells=504666 total=504666 bisections=2473 refused=0 bit_mismatch=0 lower_endpoint=504566 previous_temperature_bit_equal=504666 Tmin=300 Tmax=2300 scope=diagnostic_extra_dispatch histogram=504566,0,0,0,0,0,0,0,0,0,0,0,0,0,0,0,0,0,0,0,0,0,0,0,27,73,0,0,0,0,0,0,0
EOS_ITERATIONS_V1 stage=2 raw_iteration=1 cells=504666 total=504666 bisections=2473 refused=0 bit_mismatch=0 lower_endpoint=504566 previous_temperature_bit_equal=504666 Tmin=300 Tmax=2300 scope=diagnostic_extra_dispatch histogram=504566,0,0,0,0,0,0,0,0,0,0,0,0,0,0,0,0,0,0,0,0,0,0,0,27,73,0,0,0,0,0,0,0
EOS_ITERATIONS_V1 stage=2 raw_iteration=2147483649 cells=504666 total=504666 bisections=2473 refused=0 bit_mismatch=0 lower_endpoint=504566 previous_temperature_bit_equal=504666 Tmin=300 Tmax=2300 scope=diagnostic_extra_dispatch histogram=504566,0,0,0,0,0,0,0,0,0,0,0,0,0,0,0,0,0,0,0,0,0,0,0,27,73,0,0,0,0,0,0,0
capstone accepted step=1 time=0.00164626597 dt=0.00164626597 Tmax=302.592941 qmax=0 eos_max=1.45011372e-05 approach_eos_max=1.45011372e-05 limiter_class=continuous limiter_discrepancy=0 active_set_class=continuous active_set_discrepancy=0 active_set_cycle=0 active_set_faces=0
capstone step-start=1 speed=0.129151717 gprime=0.0884640856 nu=8.61405907e-05 selected=0.00181089257 previous=0.00164626597
capstone event-step=0.00164626597 pilot_ceiling=0.0115509308 ramp_end=0.209320803
EOS_ITERATIONS_V1 stage=0 raw_iteration=4294967295 cells=504666 total=504666 bisections=2466 refused=0 bit_mismatch=0 lower_endpoint=504566 previous_temperature_bit_equal=504566 Tmin=300 Tmax=2300 scope=diagnostic_extra_dispatch histogram=504566,0,0,0,0,0,0,0,0,0,0,0,0,0,0,0,0,0,0,0,0,0,0,0,34,66,0,0,0,0,0,0,0
EOS_ITERATIONS_V1 stage=0 raw_iteration=0 cells=504666 total=504666 bisections=2479 refused=0 bit_mismatch=0 lower_endpoint=504566 previous_temperature_bit_equal=504566 Tmin=300 Tmax=2300 scope=diagnostic_extra_dispatch histogram=504566,0,0,0,0,0,0,0,0,0,0,0,0,0,0,0,0,0,0,0,0,0,0,0,21,79,0,0,0,0,0,0,0
EOS_ITERATIONS_V1 stage=0 raw_iteration=1 cells=504666 total=504666 bisections=2470 refused=0 bit_mismatch=0 lower_endpoint=504566 previous_temperature_bit_equal=504566 Tmin=300 Tmax=2300 scope=diagnostic_extra_dispatch histogram=504566,0,0,0,0,0,0,0,0,0,0,0,0,0,0,0,0,0,0,0,0,0,0,0,30,70,0,0,0,0,0,0,0
EOS_ITERATIONS_V1 stage=0 raw_iteration=2 cells=504666 total=504666 bisections=2470 refused=0 bit_mismatch=0 lower_endpoint=504566 previous_temperature_bit_equal=504566 Tmin=300 Tmax=2300 scope=diagnostic_extra_dispatch histogram=504566,0,0,0,0,0,0,0,0,0,0,0,0,0,0,0,0,0,0,0,0,0,0,0,30,70,0,0,0,0,0,0,0
EOS_ITERATIONS_V1 stage=0 raw_iteration=2147483650 cells=504666 total=504666 bisections=2470 refused=0 bit_mismatch=0 lower_endpoint=504566 previous_temperature_bit_equal=504566 Tmin=300 Tmax=2300 scope=diagnostic_extra_dispatch histogram=504566,0,0,0,0,0,0,0,0,0,0,0,0,0,0,0,0,0,0,0,0,0,0,0,30,70,0,0,0,0,0,0,0
EOS_ITERATIONS_V1 stage=1 raw_iteration=4294967295 cells=504666 total=504666 bisections=2487 refused=0 bit_mismatch=0 lower_endpoint=504566 previous_temperature_bit_equal=504566 Tmin=300 Tmax=2300 scope=diagnostic_extra_dispatch histogram=504566,0,0,0,0,0,0,0,0,0,0,0,0,0,0,0,0,0,0,0,0,0,0,0,13,87,0,0,0,0,0,0,0
EOS_ITERATIONS_V1 stage=1 raw_iteration=0 cells=504666 total=504666 bisections=2481 refused=0 bit_mismatch=0 lower_endpoint=504566 previous_temperature_bit_equal=504566 Tmin=300 Tmax=2300 scope=diagnostic_extra_dispatch histogram=504566,0,0,0,0,0,0,0,0,0,0,0,0,0,0,0,0,0,0,0,0,0,0,0,19,81,0,0,0,0,0,0,0
EOS_ITERATIONS_V1 stage=1 raw_iteration=1 cells=504666 total=504666 bisections=2476 refused=0 bit_mismatch=0 lower_endpoint=504566 previous_temperature_bit_equal=504566 Tmin=300 Tmax=2300 scope=diagnostic_extra_dispatch histogram=504566,0,0,0,0,0,0,0,0,0,0,0,0,0,0,0,0,0,0,0,0,0,0,0,24,76,0,0,0,0,0,0,0
EOS_ITERATIONS_V1 stage=1 raw_iteration=2 cells=504666 total=504666 bisections=2476 refused=0 bit_mismatch=0 lower_endpoint=504566 previous_temperature_bit_equal=504566 Tmin=300 Tmax=2300 scope=diagnostic_extra_dispatch histogram=504566,0,0,0,0,0,0,0,0,0,0,0,0,0,0,0,0,0,0,0,0,0,0,0,24,76,0,0,0,0,0,0,0
EOS_ITERATIONS_V1 stage=1 raw_iteration=2147483650 cells=504666 total=504666 bisections=2476 refused=0 bit_mismatch=0 lower_endpoint=504566 previous_temperature_bit_equal=504566 Tmin=300 Tmax=2300 scope=diagnostic_extra_dispatch histogram=504566,0,0,0,0,0,0,0,0,0,0,0,0,0,0,0,0,0,0,0,0,0,0,0,24,76,0,0,0,0,0,0,0
EOS_ITERATIONS_V1 stage=2 raw_iteration=4294967295 cells=504666 total=504666 bisections=2476 refused=0 bit_mismatch=0 lower_endpoint=504566 previous_temperature_bit_equal=504666 Tmin=300 Tmax=2300 scope=diagnostic_extra_dispatch histogram=504566,0,0,0,0,0,0,0,0,0,0,0,0,0,0,0,0,0,0,0,0,0,0,0,24,76,0,0,0,0,0,0,0
EOS_ITERATIONS_V1 stage=2 raw_iteration=0 cells=504666 total=504666 bisections=2476 refused=0 bit_mismatch=0 lower_endpoint=504566 previous_temperature_bit_equal=504666 Tmin=300 Tmax=2300 scope=diagnostic_extra_dispatch histogram=504566,0,0,0,0,0,0,0,0,0,0,0,0,0,0,0,0,0,0,0,0,0,0,0,24,76,0,0,0,0,0,0,0
EOS_ITERATIONS_V1 stage=2 raw_iteration=1 cells=504666 total=504666 bisections=2476 refused=0 bit_mismatch=0 lower_endpoint=504566 previous_temperature_bit_equal=504666 Tmin=300 Tmax=2300 scope=diagnostic_extra_dispatch histogram=504566,0,0,0,0,0,0,0,0,0,0,0,0,0,0,0,0,0,0,0,0,0,0,0,24,76,0,0,0,0,0,0,0
EOS_ITERATIONS_V1 stage=2 raw_iteration=2 cells=504666 total=504666 bisections=2476 refused=0 bit_mismatch=0 lower_endpoint=504566 previous_temperature_bit_equal=504666 Tmin=300 Tmax=2300 scope=diagnostic_extra_dispatch histogram=504566,0,0,0,0,0,0,0,0,0,0,0,0,0,0,0,0,0,0,0,0,0,0,0,24,76,0,0,0,0,0,0,0
EOS_ITERATIONS_V1 stage=2 raw_iteration=2147483650 cells=504666 total=504666 bisections=2476 refused=0 bit_mismatch=0 lower_endpoint=504566 previous_temperature_bit_equal=504666 Tmin=300 Tmax=2300 scope=diagnostic_extra_dispatch histogram=504566,0,0,0,0,0,0,0,0,0,0,0,0,0,0,0,0,0,0,0,0,0,0,0,24,76,0,0,0,0,0,0,0
capstone accepted step=2 time=0.00329253194 dt=0.00164626597 Tmax=305.218193 qmax=0 eos_max=4.70601489e-05 approach_eos_max=4.70601489e-05 limiter_class=continuous limiter_discrepancy=0 active_set_class=continuous active_set_discrepancy=0 active_set_cycle=0 active_set_faces=0
capstone step-start=2 speed=0.154281661 gprime=0.178086095 nu=0.000104673754 selected=0.00181089257 previous=0.00164626597
capstone event-step=0.00164626597 pilot_ceiling=0.0115509308 ramp_end=0.209320803
EOS_ITERATIONS_V1 stage=0 raw_iteration=4294967295 cells=504666 total=504666 bisections=2454 refused=0 bit_mismatch=0 lower_endpoint=504566 previous_temperature_bit_equal=504566 Tmin=300 Tmax=2300 scope=diagnostic_extra_dispatch histogram=504566,0,0,0,0,0,0,0,0,0,0,0,0,0,0,0,0,0,0,0,0,0,0,0,46,54,0,0,0,0,0,0,0
EOS_ITERATIONS_V1 stage=0 raw_iteration=0 cells=504666 total=504666 bisections=2474 refused=0 bit_mismatch=0 lower_endpoint=504566 previous_temperature_bit_equal=504566 Tmin=300 Tmax=2300 scope=diagnostic_extra_dispatch histogram=504566,0,0,0,0,0,0,0,0,0,0,0,0,0,0,0,0,0,0,0,0,0,0,0,26,74,0,0,0,0,0,0,0
EOS_ITERATIONS_V1 stage=0 raw_iteration=1 cells=504666 total=504666 bisections=2469 refused=0 bit_mismatch=0 lower_endpoint=504566 previous_temperature_bit_equal=504566 Tmin=300 Tmax=2300 scope=diagnostic_extra_dispatch histogram=504566,0,0,0,0,0,0,0,0,0,0,0,0,0,0,0,0,0,0,0,0,0,0,0,31,69,0,0,0,0,0,0,0
EOS_ITERATIONS_V1 stage=0 raw_iteration=2 cells=504666 total=504666 bisections=2469 refused=0 bit_mismatch=0 lower_endpoint=504566 previous_temperature_bit_equal=504566 Tmin=300 Tmax=2300 scope=diagnostic_extra_dispatch histogram=504566,0,0,0,0,0,0,0,0,0,0,0,0,0,0,0,0,0,0,0,0,0,0,0,31,69,0,0,0,0,0,0,0
EOS_ITERATIONS_V1 stage=0 raw_iteration=2147483650 cells=504666 total=504666 bisections=2469 refused=0 bit_mismatch=0 lower_endpoint=504566 previous_temperature_bit_equal=504566 Tmin=300 Tmax=2300 scope=diagnostic_extra_dispatch histogram=504566,0,0,0,0,0,0,0,0,0,0,0,0,0,0,0,0,0,0,0,0,0,0,0,31,69,0,0,0,0,0,0,0
EOS_ITERATIONS_V1 stage=1 raw_iteration=4294967295 cells=504666 total=504666 bisections=2453 refused=0 bit_mismatch=0 lower_endpoint=504566 previous_temperature_bit_equal=504566 Tmin=300 Tmax=2300 scope=diagnostic_extra_dispatch histogram=504566,0,0,0,0,0,0,0,0,0,0,0,0,0,0,0,0,0,0,0,0,0,0,0,47,53,0,0,0,0,0,0,0
EOS_ITERATIONS_V1 stage=1 raw_iteration=0 cells=504666 total=504666 bisections=2471 refused=0 bit_mismatch=0 lower_endpoint=504566 previous_temperature_bit_equal=504566 Tmin=300 Tmax=2300 scope=diagnostic_extra_dispatch histogram=504566,0,0,0,0,0,0,0,0,0,0,0,0,0,0,0,0,0,0,0,0,0,0,0,29,71,0,0,0,0,0,0,0
EOS_ITERATIONS_V1 stage=1 raw_iteration=1 cells=504666 total=504666 bisections=2464 refused=0 bit_mismatch=0 lower_endpoint=504566 previous_temperature_bit_equal=504566 Tmin=300 Tmax=2300 scope=diagnostic_extra_dispatch histogram=504566,0,0,0,0,0,0,0,0,0,0,0,0,0,0,0,0,0,0,0,0,0,0,0,36,64,0,0,0,0,0,0,0
EOS_ITERATIONS_V1 stage=1 raw_iteration=2 cells=504666 total=504666 bisections=2464 refused=0 bit_mismatch=0 lower_endpoint=504566 previous_temperature_bit_equal=504566 Tmin=300 Tmax=2300 scope=diagnostic_extra_dispatch histogram=504566,0,0,0,0,0,0,0,0,0,0,0,0,0,0,0,0,0,0,0,0,0,0,0,36,64,0,0,0,0,0,0,0
EOS_ITERATIONS_V1 stage=1 raw_iteration=2147483650 cells=504666 total=504666 bisections=2464 refused=0 bit_mismatch=0 lower_endpoint=504566 previous_temperature_bit_equal=504566 Tmin=300 Tmax=2300 scope=diagnostic_extra_dispatch histogram=504566,0,0,0,0,0,0,0,0,0,0,0,0,0,0,0,0,0,0,0,0,0,0,0,36,64,0,0,0,0,0,0,0
EOS_ITERATIONS_V1 stage=2 raw_iteration=4294967295 cells=504666 total=504666 bisections=2464 refused=0 bit_mismatch=0 lower_endpoint=504566 previous_temperature_bit_equal=504666 Tmin=300 Tmax=2300 scope=diagnostic_extra_dispatch histogram=504566,0,0,0,0,0,0,0,0,0,0,0,0,0,0,0,0,0,0,0,0,0,0,0,36,64,0,0,0,0,0,0,0
EOS_ITERATIONS_V1 stage=2 raw_iteration=0 cells=504666 total=504666 bisections=2464 refused=0 bit_mismatch=0 lower_endpoint=504566 previous_temperature_bit_equal=504666 Tmin=300 Tmax=2300 scope=diagnostic_extra_dispatch histogram=504566,0,0,0,0,0,0,0,0,0,0,0,0,0,0,0,0,0,0,0,0,0,0,0,36,64,0,0,0,0,0,0,0
EOS_ITERATIONS_V1 stage=2 raw_iteration=1 cells=504666 total=504666 bisections=2464 refused=0 bit_mismatch=0 lower_endpoint=504566 previous_temperature_bit_equal=504666 Tmin=300 Tmax=2300 scope=diagnostic_extra_dispatch histogram=504566,0,0,0,0,0,0,0,0,0,0,0,0,0,0,0,0,0,0,0,0,0,0,0,36,64,0,0,0,0,0,0,0
EOS_ITERATIONS_V1 stage=2 raw_iteration=2 cells=504666 total=504666 bisections=2464 refused=0 bit_mismatch=0 lower_endpoint=504566 previous_temperature_bit_equal=504666 Tmin=300 Tmax=2300 scope=diagnostic_extra_dispatch histogram=504566,0,0,0,0,0,0,0,0,0,0,0,0,0,0,0,0,0,0,0,0,0,0,0,36,64,0,0,0,0,0,0,0
EOS_ITERATIONS_V1 stage=2 raw_iteration=2147483650 cells=504666 total=504666 bisections=2464 refused=0 bit_mismatch=0 lower_endpoint=504566 previous_temperature_bit_equal=504666 Tmin=300 Tmax=2300 scope=diagnostic_extra_dispatch histogram=504566,0,0,0,0,0,0,0,0,0,0,0,0,0,0,0,0,0,0,0,0,0,0,0,36,64,0,0,0,0,0,0,0
capstone accepted step=3 time=0.00493879791 dt=0.00164626597 Tmax=307.866404 qmax=0 eos_max=7.67236907e-05 approach_eos_max=7.67236907e-05 limiter_class=continuous limiter_discrepancy=0 active_set_class=continuous active_set_discrepancy=0 active_set_cycle=0 active_set_faces=0
capstone pilot diagnostic Tmax=307.866045 CH4max=8.07286779e-06 O2max=0.265995681 eos_max=7.67236907e-05 approach_eos_max=7.67236907e-05
OWNER_COST_PREFIX complete=1 steps=3 time=0.004938797908835113 wall_s=32.580174499999998 outcome_sha256=d50508be39f07b276e668c14429905b8f6395fb859c4d319fe39cf9a64d4e78d full_verdict=unavailable error=
