capstone probe workers=8 target=3.5 grid=69x69x106 dx=0.0305931161 t_ft=2.09320803
capstone resumed checkpoint step=1300 time=2.1080244191689417 path=rendered/fire_production_calibration/r211_resident_migration/continuation.v2/latest.checkpoint
OWNER_CONVERGENCE_CROSSING path=rendered/fire_production_calibration/r211_resident_migration/continuation.v2/budgets/reference_composition_candidate_fixed_column.raw.csv.convergence.v1 sha256=a9e8108d5d53535c6369cbf98ffd69cfa0ee4e950f02e9c2c59070c1045bcc4f csv_sha256=facca1f2af06b3df0c87490e8f3ea2b725fe58da90a4febdb0834c534e5c1eb8 terminal_bit_identity=1 diagnostic_wall_ms=19593.469709000001 passed=1
capstone durable checkpoint count=129 step=1305 time=2.1162557490170002 path=rendered/fire_production_calibration/r211_resident_migration/continuation.v2/latest.checkpoint
capstone retained checkpoint step=1305 time=2.1162557490170002 path=rendered/fire_production_calibration/r211_resident_migration/continuation.v2/checkpoints/step_0000001305.checkpoint
capstone accepted step=1310 time=2.12448708 dt=0.00164626597 Tmax=1983.18296 qmax=11619804.1 eos_max=0.0136334926 approach_eos_max=0.00566360967 limiter_class=continuous limiter_discrepancy=0 active_set_class=continuous active_set_discrepancy=0 active_set_cycle=0 active_set_faces=0
capstone durable checkpoint count=130 step=1311 time=2.1261333448346704 path=rendered/fire_production_calibration/r211_resident_migration/continuation.v2/latest.checkpoint
capstone retained checkpoint step=1311 time=2.1261333448346704 path=rendered/fire_production_calibration/r211_resident_migration/continuation.v2/checkpoints/step_0000001311.checkpoint
capstone durable checkpoint count=131 step=1317 time=2.1360109406523407 path=rendered/fire_production_calibration/r211_resident_migration/continuation.v2/latest.checkpoint
capstone retained checkpoint step=1317 time=2.1360109406523407 path=rendered/fire_production_calibration/r211_resident_migration/continuation.v2/checkpoints/step_0000001317.checkpoint
capstone accepted step=1320 time=2.14094974 dt=0.00164626597 Tmax=1967.7965 qmax=10641539.1 eos_max=0.0136334926 approach_eos_max=0.00566360967 limiter_class=continuous limiter_discrepancy=0 active_set_class=continuous active_set_discrepancy=0 active_set_cycle=0 active_set_faces=0
capstone durable checkpoint count=132 step=1323 time=2.1458885364700109 path=rendered/fire_production_calibration/r211_resident_migration/continuation.v2/latest.checkpoint
capstone retained checkpoint step=1323 time=2.1458885364700109 path=rendered/fire_production_calibration/r211_resident_migration/continuation.v2/checkpoints/step_0000001323.checkpoint
capstone durable checkpoint count=133 step=1328 time=2.1541198663180694 path=rendered/fire_production_calibration/r211_resident_migration/continuation.v2/latest.checkpoint
capstone retained checkpoint step=1328 time=2.1541198663180694 path=rendered/fire_production_calibration/r211_resident_migration/continuation.v2/checkpoints/step_0000001328.checkpoint
capstone accepted step=1330 time=2.1574124 dt=0.00164626597 Tmax=1963.76244 qmax=10822464.2 eos_max=0.0136334926 approach_eos_max=0.00566360967 limiter_class=continuous limiter_discrepancy=0 active_set_class=continuous active_set_discrepancy=0 active_set_cycle=0 active_set_faces=0
capstone durable checkpoint count=134 step=1333 time=2.1623511961661279 path=rendered/fire_production_calibration/r211_resident_migration/continuation.v2/latest.checkpoint
capstone retained checkpoint step=1333 time=2.1623511961661279 path=rendered/fire_production_calibration/r211_resident_migration/continuation.v2/checkpoints/step_0000001333.checkpoint
capstone durable checkpoint count=135 step=1339 time=2.1722287919837981 path=rendered/fire_production_calibration/r211_resident_migration/continuation.v2/latest.checkpoint
capstone retained checkpoint step=1339 time=2.1722287919837981 path=rendered/fire_production_calibration/r211_resident_migration/continuation.v2/checkpoints/step_0000001339.checkpoint
capstone accepted step=1340 time=2.17385811 dt=0.00162932219 Tmax=1973.16768 qmax=10886537 eos_max=0.0136334926 approach_eos_max=0.00566360967 limiter_class=continuous limiter_discrepancy=0 active_set_class=continuous active_set_discrepancy=0 active_set_cycle=0 active_set_faces=0
capstone durable checkpoint count=136 step=1344 time=2.1804246437968686 path=rendered/fire_production_calibration/r211_resident_migration/continuation.v2/latest.checkpoint
capstone retained checkpoint step=1344 time=2.1804246437968686 path=rendered/fire_production_calibration/r211_resident_migration/continuation.v2/checkpoints/step_0000001344.checkpoint
capstone durable checkpoint count=137 step=1350 time=2.1903022396145388 path=rendered/fire_production_calibration/r211_resident_migration/continuation.v2/latest.checkpoint
capstone retained checkpoint step=1350 time=2.1903022396145388 path=rendered/fire_production_calibration/r211_resident_migration/continuation.v2/checkpoints/step_0000001350.checkpoint
capstone accepted step=1350 time=2.19030224 dt=0.00164626597 Tmax=1978.7689 qmax=11079605.3 eos_max=0.0136334926 approach_eos_max=0.00566360967 limiter_class=continuous limiter_discrepancy=0 active_set_class=continuous active_set_discrepancy=0 active_set_cycle=0 active_set_faces=0
capstone durable checkpoint count=138 step=1356 time=2.2001798354322091 path=rendered/fire_production_calibration/r211_resident_migration/continuation.v2/latest.checkpoint
capstone retained checkpoint step=1356 time=2.2001798354322091 path=rendered/fire_production_calibration/r211_resident_migration/continuation.v2/checkpoints/step_0000001356.checkpoint
capstone accepted step=1360 time=2.2067649 dt=0.00164626597 Tmax=1999.87248 qmax=12455172.9 eos_max=0.0136334926 approach_eos_max=0.00566360967 limiter_class=continuous limiter_discrepancy=0 active_set_class=continuous active_set_discrepancy=0 active_set_cycle=0 active_set_faces=0
capstone durable checkpoint count=139 step=1362 time=2.2100574312498793 path=rendered/fire_production_calibration/r211_resident_migration/continuation.v2/latest.checkpoint
capstone retained checkpoint step=1362 time=2.2100574312498793 path=rendered/fire_production_calibration/r211_resident_migration/continuation.v2/checkpoints/step_0000001362.checkpoint
capstone durable checkpoint count=140 step=1368 time=2.2199350270675495 path=rendered/fire_production_calibration/r211_resident_migration/continuation.v2/latest.checkpoint
capstone retained checkpoint step=1368 time=2.2199350270675495 path=rendered/fire_production_calibration/r211_resident_migration/continuation.v2/checkpoints/step_0000001368.checkpoint
capstone accepted step=1370 time=2.22322756 dt=0.00164626597 Tmax=1991.5232 qmax=10996311.5 eos_max=0.0136334926 approach_eos_max=0.00566360967 limiter_class=continuous limiter_discrepancy=0 active_set_class=continuous active_set_discrepancy=0 active_set_cycle=0 active_set_faces=0
capstone durable checkpoint count=141 step=1374 time=2.2298126228852198 path=rendered/fire_production_calibration/r211_resident_migration/continuation.v2/latest.checkpoint
capstone retained checkpoint step=1374 time=2.2298126228852198 path=rendered/fire_production_calibration/r211_resident_migration/continuation.v2/checkpoints/step_0000001374.checkpoint
capstone durable checkpoint count=142 step=1380 time=2.23969021870289 path=rendered/fire_production_calibration/r211_resident_migration/continuation.v2/latest.checkpoint
capstone retained checkpoint step=1380 time=2.23969021870289 path=rendered/fire_production_calibration/r211_resident_migration/continuation.v2/checkpoints/step_0000001380.checkpoint
capstone accepted step=1380 time=2.23969022 dt=0.00164626597 Tmax=1966.64756 qmax=12550313.8 eos_max=0.0136334926 approach_eos_max=0.00566360967 limiter_class=continuous limiter_discrepancy=0 active_set_class=continuous active_set_discrepancy=0 active_set_cycle=0 active_set_faces=0
capstone durable checkpoint count=143 step=1386 time=2.2495678145205602 path=rendered/fire_production_calibration/r211_resident_migration/continuation.v2/latest.checkpoint
capstone retained checkpoint step=1386 time=2.2495678145205602 path=rendered/fire_production_calibration/r211_resident_migration/continuation.v2/checkpoints/step_0000001386.checkpoint
capstone accepted step=1390 time=2.25615288 dt=0.00164626597 Tmax=1923.74759 qmax=12084045.6 eos_max=0.0136334926 approach_eos_max=0.00566360967 limiter_class=continuous limiter_discrepancy=0 active_set_class=continuous active_set_discrepancy=0 active_set_cycle=0 active_set_faces=0
capstone durable checkpoint count=144 step=1392 time=2.2594454103382304 path=rendered/fire_production_calibration/r211_resident_migration/continuation.v2/latest.checkpoint
capstone retained checkpoint step=1392 time=2.2594454103382304 path=rendered/fire_production_calibration/r211_resident_migration/continuation.v2/checkpoints/step_0000001392.checkpoint
capstone durable checkpoint count=145 step=1398 time=2.2693230061559007 path=rendered/fire_production_calibration/r211_resident_migration/continuation.v2/latest.checkpoint
capstone retained checkpoint step=1398 time=2.2693230061559007 path=rendered/fire_production_calibration/r211_resident_migration/continuation.v2/checkpoints/step_0000001398.checkpoint
capstone accepted step=1400 time=2.27261554 dt=0.00164626597 Tmax=1915.41424 qmax=13020292.6 eos_max=0.0136334926 approach_eos_max=0.00566360967 limiter_class=continuous limiter_discrepancy=0 active_set_class=continuous active_set_discrepancy=0 active_set_cycle=0 active_set_faces=0
capstone durable checkpoint count=146 step=1404 time=2.2792006019735709 path=rendered/fire_production_calibration/r211_resident_migration/continuation.v2/latest.checkpoint
capstone retained checkpoint step=1404 time=2.2792006019735709 path=rendered/fire_production_calibration/r211_resident_migration/continuation.v2/checkpoints/step_0000001404.checkpoint
capstone durable checkpoint count=147 step=1410 time=2.2890781977912411 path=rendered/fire_production_calibration/r211_resident_migration/continuation.v2/latest.checkpoint
capstone retained checkpoint step=1410 time=2.2890781977912411 path=rendered/fire_production_calibration/r211_resident_migration/continuation.v2/checkpoints/step_0000001410.checkpoint
capstone accepted step=1410 time=2.2890782 dt=0.00164626597 Tmax=1871.32948 qmax=11891966.9 eos_max=0.0136334926 approach_eos_max=0.00566360967 limiter_class=continuous limiter_discrepancy=0 active_set_class=continuous active_set_discrepancy=0 active_set_cycle=0 active_set_faces=0
capstone durable checkpoint count=148 step=1416 time=2.2989557936089113 path=rendered/fire_production_calibration/r211_resident_migration/continuation.v2/latest.checkpoint
capstone retained checkpoint step=1416 time=2.2989557936089113 path=rendered/fire_production_calibration/r211_resident_migration/continuation.v2/checkpoints/step_0000001416.checkpoint
capstone accepted step=1420 time=2.30554086 dt=0.00164626597 Tmax=1843.01164 qmax=12755678.9 eos_max=0.0136334926 approach_eos_max=0.00566360967 limiter_class=continuous limiter_discrepancy=0 active_set_class=continuous active_set_discrepancy=0 active_set_cycle=0 active_set_faces=0
capstone durable checkpoint count=149 step=1422 time=2.3088333894265816 path=rendered/fire_production_calibration/r211_resident_migration/continuation.v2/latest.checkpoint
capstone retained checkpoint step=1422 time=2.3088333894265816 path=rendered/fire_production_calibration/r211_resident_migration/continuation.v2/checkpoints/step_0000001422.checkpoint
capstone durable checkpoint count=150 step=1428 time=2.3187109852442518 path=rendered/fire_production_calibration/r211_resident_migration/continuation.v2/latest.checkpoint
capstone retained checkpoint step=1428 time=2.3187109852442518 path=rendered/fire_production_calibration/r211_resident_migration/continuation.v2/checkpoints/step_0000001428.checkpoint
capstone accepted step=1430 time=2.32200352 dt=0.00164626597 Tmax=1836.63733 qmax=13301457.5 eos_max=0.0136334926 approach_eos_max=0.00566360967 limiter_class=continuous limiter_discrepancy=0 active_set_class=continuous active_set_discrepancy=0 active_set_cycle=0 active_set_faces=0
capstone durable checkpoint count=151 step=1433 time=2.3269423150923103 path=rendered/fire_production_calibration/r211_resident_migration/continuation.v2/latest.checkpoint
capstone retained checkpoint step=1433 time=2.3269423150923103 path=rendered/fire_production_calibration/r211_resident_migration/continuation.v2/checkpoints/step_0000001433.checkpoint
capstone durable checkpoint count=152 step=1438 time=2.3351736449403688 path=rendered/fire_production_calibration/r211_resident_migration/continuation.v2/latest.checkpoint
capstone retained checkpoint step=1438 time=2.3351736449403688 path=rendered/fire_production_calibration/r211_resident_migration/continuation.v2/checkpoints/step_0000001438.checkpoint
capstone accepted step=1440 time=2.33846618 dt=0.00164626597 Tmax=1833.21126 qmax=13603588.5 eos_max=0.0136334926 approach_eos_max=0.00566360967 limiter_class=continuous limiter_discrepancy=0 active_set_class=continuous active_set_discrepancy=0 active_set_cycle=0 active_set_faces=0
capstone durable checkpoint count=153 step=1444 time=2.3450512407580391 path=rendered/fire_production_calibration/r211_resident_migration/continuation.v2/latest.checkpoint
capstone retained checkpoint step=1444 time=2.3450512407580391 path=rendered/fire_production_calibration/r211_resident_migration/continuation.v2/checkpoints/step_0000001444.checkpoint
capstone durable checkpoint count=154 step=1449 time=2.3532825706060976 path=rendered/fire_production_calibration/r211_resident_migration/continuation.v2/latest.checkpoint
capstone retained checkpoint step=1449 time=2.3532825706060976 path=rendered/fire_production_calibration/r211_resident_migration/continuation.v2/checkpoints/step_0000001449.checkpoint
capstone accepted step=1450 time=2.35492884 dt=0.00164626597 Tmax=1790.6024 qmax=13704893.8 eos_max=0.0136334926 approach_eos_max=0.00566360967 limiter_class=continuous limiter_discrepancy=0 active_set_class=continuous active_set_discrepancy=0 active_set_cycle=0 active_set_faces=0
capstone durable checkpoint count=155 step=1455 time=2.3631601664237678 path=rendered/fire_production_calibration/r211_resident_migration/continuation.v2/latest.checkpoint
capstone retained checkpoint step=1455 time=2.3631601664237678 path=rendered/fire_production_calibration/r211_resident_migration/continuation.v2/checkpoints/step_0000001455.checkpoint
capstone accepted step=1460 time=2.3713915 dt=0.00164626597 Tmax=1740.24548 qmax=18129480.5 eos_max=0.0136334926 approach_eos_max=0.00566360967 limiter_class=continuous limiter_discrepancy=0 active_set_class=continuous active_set_discrepancy=0 active_set_cycle=0 active_set_faces=0
capstone durable checkpoint count=156 step=1461 time=2.373037762241438 path=rendered/fire_production_calibration/r211_resident_migration/continuation.v2/latest.checkpoint
capstone retained checkpoint step=1461 time=2.373037762241438 path=rendered/fire_production_calibration/r211_resident_migration/continuation.v2/checkpoints/step_0000001461.checkpoint
capstone durable checkpoint count=157 step=1467 time=2.3829153580591083 path=rendered/fire_production_calibration/r211_resident_migration/continuation.v2/latest.checkpoint
capstone retained checkpoint step=1467 time=2.3829153580591083 path=rendered/fire_production_calibration/r211_resident_migration/continuation.v2/checkpoints/step_0000001467.checkpoint
capstone accepted step=1470 time=2.38785416 dt=0.00164626597 Tmax=1673.14911 qmax=14531302.3 eos_max=0.0136334926 approach_eos_max=0.00566360967 limiter_class=continuous limiter_discrepancy=0 active_set_class=continuous active_set_discrepancy=0 active_set_cycle=0 active_set_faces=0
capstone durable checkpoint count=158 step=1473 time=2.3927929538767785 path=rendered/fire_production_calibration/r211_resident_migration/continuation.v2/latest.checkpoint
capstone retained checkpoint step=1473 time=2.3927929538767785 path=rendered/fire_production_calibration/r211_resident_migration/continuation.v2/checkpoints/step_0000001473.checkpoint
capstone durable checkpoint count=159 step=1479 time=2.4026705496944487 path=rendered/fire_production_calibration/r211_resident_migration/continuation.v2/latest.checkpoint
capstone retained checkpoint step=1479 time=2.4026705496944487 path=rendered/fire_production_calibration/r211_resident_migration/continuation.v2/checkpoints/step_0000001479.checkpoint
capstone accepted step=1480 time=2.40431682 dt=0.00164626597 Tmax=1669.77907 qmax=15783744.7 eos_max=0.0136334926 approach_eos_max=0.00566360967 limiter_class=continuous limiter_discrepancy=0 active_set_class=continuous active_set_discrepancy=0 active_set_cycle=0 active_set_faces=0
capstone durable checkpoint count=160 step=1485 time=2.4125481455121189 path=rendered/fire_production_calibration/r211_resident_migration/continuation.v2/latest.checkpoint
capstone retained checkpoint step=1485 time=2.4125481455121189 path=rendered/fire_production_calibration/r211_resident_migration/continuation.v2/checkpoints/step_0000001485.checkpoint
capstone accepted step=1490 time=2.42077948 dt=0.00164626597 Tmax=1588.52823 qmax=16261018.7 eos_max=0.0136334926 approach_eos_max=0.00566360967 limiter_class=continuous limiter_discrepancy=0 active_set_class=continuous active_set_discrepancy=0 active_set_cycle=0 active_set_faces=0
capstone durable checkpoint count=161 step=1491 time=2.4224257413297892 path=rendered/fire_production_calibration/r211_resident_migration/continuation.v2/latest.checkpoint
capstone retained checkpoint step=1491 time=2.4224257413297892 path=rendered/fire_production_calibration/r211_resident_migration/continuation.v2/checkpoints/step_0000001491.checkpoint
capstone durable checkpoint count=162 step=1497 time=2.4323033371474594 path=rendered/fire_production_calibration/r211_resident_migration/continuation.v2/latest.checkpoint
capstone retained checkpoint step=1497 time=2.4323033371474594 path=rendered/fire_production_calibration/r211_resident_migration/continuation.v2/checkpoints/step_0000001497.checkpoint
capstone accepted step=1500 time=2.43724214 dt=0.00164626597 Tmax=1590.78695 qmax=15538109.1 eos_max=0.0136334926 approach_eos_max=0.00566360967 limiter_class=continuous limiter_discrepancy=0 active_set_class=continuous active_set_discrepancy=0 active_set_cycle=0 active_set_faces=0
capstone durable checkpoint count=163 step=1503 time=2.4421809329651296 path=rendered/fire_production_calibration/r211_resident_migration/continuation.v2/latest.checkpoint
capstone retained checkpoint step=1503 time=2.4421809329651296 path=rendered/fire_production_calibration/r211_resident_migration/continuation.v2/checkpoints/step_0000001503.checkpoint
capstone durable checkpoint count=164 step=1509 time=2.4520585287827998 path=rendered/fire_production_calibration/r211_resident_migration/continuation.v2/latest.checkpoint
capstone retained checkpoint step=1509 time=2.4520585287827998 path=rendered/fire_production_calibration/r211_resident_migration/continuation.v2/checkpoints/step_0000001509.checkpoint
capstone accepted step=1510 time=2.45370479 dt=0.00164626597 Tmax=1605.9419 qmax=14980089.2 eos_max=0.0136334926 approach_eos_max=0.00566360967 limiter_class=continuous limiter_discrepancy=0 active_set_class=continuous active_set_discrepancy=0 active_set_cycle=0 active_set_faces=0
capstone durable checkpoint count=165 step=1515 time=2.4619361246004701 path=rendered/fire_production_calibration/r211_resident_migration/continuation.v2/latest.checkpoint
capstone retained checkpoint step=1515 time=2.4619361246004701 path=rendered/fire_production_calibration/r211_resident_migration/continuation.v2/checkpoints/step_0000001515.checkpoint
capstone accepted step=1520 time=2.47016745 dt=0.00164626597 Tmax=1606.1317 qmax=14942567.5 eos_max=0.0136334926 approach_eos_max=0.00566360967 limiter_class=continuous limiter_discrepancy=0 active_set_class=continuous active_set_discrepancy=0 active_set_cycle=0 active_set_faces=0
capstone durable checkpoint count=166 step=1521 time=2.4718137204181403 path=rendered/fire_production_calibration/r211_resident_migration/continuation.v2/latest.checkpoint
capstone retained checkpoint step=1521 time=2.4718137204181403 path=rendered/fire_production_calibration/r211_resident_migration/continuation.v2/checkpoints/step_0000001521.checkpoint
capstone durable checkpoint count=167 step=1527 time=2.4816913162358105 path=rendered/fire_production_calibration/r211_resident_migration/continuation.v2/latest.checkpoint
capstone retained checkpoint step=1527 time=2.4816913162358105 path=rendered/fire_production_calibration/r211_resident_migration/continuation.v2/checkpoints/step_0000001527.checkpoint
capstone accepted step=1530 time=2.48663011 dt=0.00164626597 Tmax=1614.2753 qmax=16822054.9 eos_max=0.0136334926 approach_eos_max=0.00566360967 limiter_class=continuous limiter_discrepancy=0 active_set_class=continuous active_set_discrepancy=0 active_set_cycle=0 active_set_faces=0
capstone durable checkpoint count=168 step=1533 time=2.4915689120534807 path=rendered/fire_production_calibration/r211_resident_migration/continuation.v2/latest.checkpoint
capstone retained checkpoint step=1533 time=2.4915689120534807 path=rendered/fire_production_calibration/r211_resident_migration/continuation.v2/checkpoints/step_0000001533.checkpoint
capstone durable checkpoint count=169 step=1539 time=2.501446507871151 path=rendered/fire_production_calibration/r211_resident_migration/continuation.v2/latest.checkpoint
capstone retained checkpoint step=1539 time=2.501446507871151 path=rendered/fire_production_calibration/r211_resident_migration/continuation.v2/checkpoints/step_0000001539.checkpoint
capstone accepted step=1540 time=2.50309277 dt=0.00164626597 Tmax=1617.61273 qmax=13706348.8 eos_max=0.0136334926 approach_eos_max=0.00566360967 limiter_class=continuous limiter_discrepancy=0 active_set_class=continuous active_set_discrepancy=0 active_set_cycle=0 active_set_faces=0
capstone durable checkpoint count=170 step=1546 time=2.5129703696584329 path=rendered/fire_production_calibration/r211_resident_migration/continuation.v2/latest.checkpoint
capstone retained checkpoint step=1546 time=2.5129703696584329 path=rendered/fire_production_calibration/r211_resident_migration/continuation.v2/checkpoints/step_0000001546.checkpoint
capstone accepted step=1550 time=2.51955543 dt=0.00164626597 Tmax=1602.83168 qmax=14353766.3 eos_max=0.0136334926 approach_eos_max=0.00566360967 limiter_class=continuous limiter_discrepancy=0 active_set_class=continuous active_set_discrepancy=0 active_set_cycle=0 active_set_faces=0
capstone durable checkpoint count=171 step=1552 time=2.5228479654761031 path=rendered/fire_production_calibration/r211_resident_migration/continuation.v2/latest.checkpoint
capstone retained checkpoint step=1552 time=2.5228479654761031 path=rendered/fire_production_calibration/r211_resident_migration/continuation.v2/checkpoints/step_0000001552.checkpoint
capstone durable checkpoint count=172 step=1558 time=2.5327255612937734 path=rendered/fire_production_calibration/r211_resident_migration/continuation.v2/latest.checkpoint
capstone retained checkpoint step=1558 time=2.5327255612937734 path=rendered/fire_production_calibration/r211_resident_migration/continuation.v2/checkpoints/step_0000001558.checkpoint
capstone accepted step=1560 time=2.53601809 dt=0.00164626597 Tmax=1541.47759 qmax=16836833.8 eos_max=0.0136334926 approach_eos_max=0.00566360967 limiter_class=continuous limiter_discrepancy=0 active_set_class=continuous active_set_discrepancy=0 active_set_cycle=0 active_set_faces=0
capstone durable checkpoint count=173 step=1564 time=2.5426031571114436 path=rendered/fire_production_calibration/r211_resident_migration/continuation.v2/latest.checkpoint
capstone retained checkpoint step=1564 time=2.5426031571114436 path=rendered/fire_production_calibration/r211_resident_migration/continuation.v2/checkpoints/step_0000001564.checkpoint
capstone durable checkpoint count=174 step=1570 time=2.5524807529291138 path=rendered/fire_production_calibration/r211_resident_migration/continuation.v2/latest.checkpoint
capstone retained checkpoint step=1570 time=2.5524807529291138 path=rendered/fire_production_calibration/r211_resident_migration/continuation.v2/checkpoints/step_0000001570.checkpoint
capstone accepted step=1570 time=2.55248075 dt=0.00164626597 Tmax=1496.05993 qmax=15641120.4 eos_max=0.0136334926 approach_eos_max=0.00566360967 limiter_class=continuous limiter_discrepancy=0 active_set_class=continuous active_set_discrepancy=0 active_set_cycle=0 active_set_faces=0
capstone durable checkpoint count=175 step=1576 time=2.562358348746784 path=rendered/fire_production_calibration/r211_resident_migration/continuation.v2/latest.checkpoint
capstone retained checkpoint step=1576 time=2.562358348746784 path=rendered/fire_production_calibration/r211_resident_migration/continuation.v2/checkpoints/step_0000001576.checkpoint
capstone accepted step=1580 time=2.56894341 dt=0.00164626597 Tmax=1535.85935 qmax=15629948.1 eos_max=0.0136334926 approach_eos_max=0.00566360967 limiter_class=continuous limiter_discrepancy=0 active_set_class=continuous active_set_discrepancy=0 active_set_cycle=0 active_set_faces=0
capstone durable checkpoint count=176 step=1582 time=2.5722359445644543 path=rendered/fire_production_calibration/r211_resident_migration/continuation.v2/latest.checkpoint
capstone retained checkpoint step=1582 time=2.5722359445644543 path=rendered/fire_production_calibration/r211_resident_migration/continuation.v2/checkpoints/step_0000001582.checkpoint
capstone durable checkpoint count=177 step=1588 time=2.5821135403821245 path=rendered/fire_production_calibration/r211_resident_migration/continuation.v2/latest.checkpoint
capstone retained checkpoint step=1588 time=2.5821135403821245 path=rendered/fire_production_calibration/r211_resident_migration/continuation.v2/checkpoints/step_0000001588.checkpoint
capstone accepted step=1590 time=2.58540607 dt=0.00164626597 Tmax=1543.5043 qmax=15261841.4 eos_max=0.0136334926 approach_eos_max=0.00566360967 limiter_class=continuous limiter_discrepancy=0 active_set_class=continuous active_set_discrepancy=0 active_set_cycle=0 active_set_faces=0
capstone durable checkpoint count=178 step=1595 time=2.5936374021694064 path=rendered/fire_production_calibration/r211_resident_migration/continuation.v2/latest.checkpoint
capstone retained checkpoint step=1595 time=2.5936374021694064 path=rendered/fire_production_calibration/r211_resident_migration/continuation.v2/checkpoints/step_0000001595.checkpoint
capstone accepted step=1600 time=2.60186873 dt=0.00164626597 Tmax=1552.72473 qmax=14320709.2 eos_max=0.0136334926 approach_eos_max=0.00566360967 limiter_class=continuous limiter_discrepancy=0 active_set_class=continuous active_set_discrepancy=0 active_set_cycle=0 active_set_faces=0
capstone durable checkpoint count=179 step=1602 time=2.6051612639566883 path=rendered/fire_production_calibration/r211_resident_migration/continuation.v2/latest.checkpoint
capstone retained checkpoint step=1602 time=2.6051612639566883 path=rendered/fire_production_calibration/r211_resident_migration/continuation.v2/checkpoints/step_0000001602.checkpoint
capstone durable checkpoint count=180 step=1609 time=2.6166851257439703 path=rendered/fire_production_calibration/r211_resident_migration/continuation.v2/latest.checkpoint
capstone retained checkpoint step=1609 time=2.6166851257439703 path=rendered/fire_production_calibration/r211_resident_migration/continuation.v2/checkpoints/step_0000001609.checkpoint
capstone accepted step=1610 time=2.61833139 dt=0.00164626597 Tmax=1580.4345 qmax=14683280.3 eos_max=0.0136334926 approach_eos_max=0.00566360967 limiter_class=continuous limiter_discrepancy=0 active_set_class=continuous active_set_discrepancy=0 active_set_cycle=0 active_set_faces=0
capstone durable checkpoint count=181 step=1616 time=2.6282089875312522 path=rendered/fire_production_calibration/r211_resident_migration/continuation.v2/latest.checkpoint
capstone retained checkpoint step=1616 time=2.6282089875312522 path=rendered/fire_production_calibration/r211_resident_migration/continuation.v2/checkpoints/step_0000001616.checkpoint
capstone accepted step=1620 time=2.63479405 dt=0.00164626597 Tmax=1606.80677 qmax=14314976.5 eos_max=0.0136334926 approach_eos_max=0.00566360967 limiter_class=continuous limiter_discrepancy=0 active_set_class=continuous active_set_discrepancy=0 active_set_cycle=0 active_set_faces=0
capstone durable checkpoint count=182 step=1623 time=2.6397328493185341 path=rendered/fire_production_calibration/r211_resident_migration/continuation.v2/latest.checkpoint
capstone retained checkpoint step=1623 time=2.6397328493185341 path=rendered/fire_production_calibration/r211_resident_migration/continuation.v2/checkpoints/step_0000001623.checkpoint
capstone durable checkpoint count=183 step=1630 time=2.6512567111058161 path=rendered/fire_production_calibration/r211_resident_migration/continuation.v2/latest.checkpoint
capstone retained checkpoint step=1630 time=2.6512567111058161 path=rendered/fire_production_calibration/r211_resident_migration/continuation.v2/checkpoints/step_0000001630.checkpoint
capstone accepted step=1630 time=2.65125671 dt=0.00164626597 Tmax=1605.69278 qmax=14123692.5 eos_max=0.0136334926 approach_eos_max=0.00566360967 limiter_class=continuous limiter_discrepancy=0 active_set_class=continuous active_set_discrepancy=0 active_set_cycle=0 active_set_faces=0
capstone durable checkpoint count=184 step=1637 time=2.662780572893098 path=rendered/fire_production_calibration/r211_resident_migration/continuation.v2/latest.checkpoint
capstone retained checkpoint step=1637 time=2.662780572893098 path=rendered/fire_production_calibration/r211_resident_migration/continuation.v2/checkpoints/step_0000001637.checkpoint
capstone accepted step=1640 time=2.66771937 dt=0.00164626597 Tmax=1643.79325 qmax=15038536.1 eos_max=0.0136334926 approach_eos_max=0.00566360967 limiter_class=continuous limiter_discrepancy=0 active_set_class=continuous active_set_discrepancy=0 active_set_cycle=0 active_set_faces=0
capstone durable checkpoint count=185 step=1644 time=2.6743044346803799 path=rendered/fire_production_calibration/r211_resident_migration/continuation.v2/latest.checkpoint
capstone retained checkpoint step=1644 time=2.6743044346803799 path=rendered/fire_production_calibration/r211_resident_migration/continuation.v2/checkpoints/step_0000001644.checkpoint
capstone accepted step=1650 time=2.68418203 dt=0.00164626597 Tmax=1632.02438 qmax=13973825.6 eos_max=0.0136334926 approach_eos_max=0.00566360967 limiter_class=continuous limiter_discrepancy=0 active_set_class=continuous active_set_discrepancy=0 active_set_cycle=0 active_set_faces=0
capstone durable checkpoint count=186 step=1651 time=2.6858282964676619 path=rendered/fire_production_calibration/r211_resident_migration/continuation.v2/latest.checkpoint
capstone retained checkpoint step=1651 time=2.6858282964676619 path=rendered/fire_production_calibration/r211_resident_migration/continuation.v2/checkpoints/step_0000001651.checkpoint
capstone durable checkpoint count=187 step=1658 time=2.6973521582549438 path=rendered/fire_production_calibration/r211_resident_migration/continuation.v2/latest.checkpoint
capstone retained checkpoint step=1658 time=2.6973521582549438 path=rendered/fire_production_calibration/r211_resident_migration/continuation.v2/checkpoints/step_0000001658.checkpoint
capstone accepted step=1660 time=2.70064469 dt=0.00164626597 Tmax=1626.786 qmax=14218213.1 eos_max=0.0136334926 approach_eos_max=0.00566360967 limiter_class=continuous limiter_discrepancy=0 active_set_class=continuous active_set_discrepancy=0 active_set_cycle=0 active_set_faces=0
capstone durable checkpoint count=188 step=1665 time=2.7088760200422257 path=rendered/fire_production_calibration/r211_resident_migration/continuation.v2/latest.checkpoint
capstone retained checkpoint step=1665 time=2.7088760200422257 path=rendered/fire_production_calibration/r211_resident_migration/continuation.v2/checkpoints/step_0000001665.checkpoint
capstone accepted step=1670 time=2.71710735 dt=0.00164626597 Tmax=1620.2228 qmax=14618809 eos_max=0.0136334926 approach_eos_max=0.00566360967 limiter_class=continuous limiter_discrepancy=0 active_set_class=continuous active_set_discrepancy=0 active_set_cycle=0 active_set_faces=0
capstone durable checkpoint count=189 step=1672 time=2.7203998818295076 path=rendered/fire_production_calibration/r211_resident_migration/continuation.v2/latest.checkpoint
capstone retained checkpoint step=1672 time=2.7203998818295076 path=rendered/fire_production_calibration/r211_resident_migration/continuation.v2/checkpoints/step_0000001672.checkpoint
capstone durable checkpoint count=190 step=1679 time=2.7319237436167896 path=rendered/fire_production_calibration/r211_resident_migration/continuation.v2/latest.checkpoint
capstone retained checkpoint step=1679 time=2.7319237436167896 path=rendered/fire_production_calibration/r211_resident_migration/continuation.v2/checkpoints/step_0000001679.checkpoint
capstone accepted step=1680 time=2.73357001 dt=0.00164626597 Tmax=1603.58252 qmax=15239429.6 eos_max=0.0136334926 approach_eos_max=0.00566360967 limiter_class=continuous limiter_discrepancy=0 active_set_class=continuous active_set_discrepancy=0 active_set_cycle=0 active_set_faces=0
capstone durable checkpoint count=191 step=1686 time=2.7434476054040715 path=rendered/fire_production_calibration/r211_resident_migration/continuation.v2/latest.checkpoint
capstone retained checkpoint step=1686 time=2.7434476054040715 path=rendered/fire_production_calibration/r211_resident_migration/continuation.v2/checkpoints/step_0000001686.checkpoint
capstone accepted step=1690 time=2.75003267 dt=0.00164626597 Tmax=1603.24073 qmax=14680762.2 eos_max=0.0136334926 approach_eos_max=0.00566360967 limiter_class=continuous limiter_discrepancy=0 active_set_class=continuous active_set_discrepancy=0 active_set_cycle=0 active_set_faces=0
capstone durable checkpoint count=192 step=1693 time=2.7549714671913534 path=rendered/fire_production_calibration/r211_resident_migration/continuation.v2/latest.checkpoint
capstone retained checkpoint step=1693 time=2.7549714671913534 path=rendered/fire_production_calibration/r211_resident_migration/continuation.v2/checkpoints/step_0000001693.checkpoint
capstone durable checkpoint count=193 step=1700 time=2.7664953289786354 path=rendered/fire_production_calibration/r211_resident_migration/continuation.v2/latest.checkpoint
capstone retained checkpoint step=1700 time=2.7664953289786354 path=rendered/fire_production_calibration/r211_resident_migration/continuation.v2/checkpoints/step_0000001700.checkpoint
capstone accepted step=1700 time=2.76649533 dt=0.00164626597 Tmax=1647.03333 qmax=15284103 eos_max=0.0136334926 approach_eos_max=0.00566360967 limiter_class=continuous limiter_discrepancy=0 active_set_class=continuous active_set_discrepancy=0 active_set_cycle=0 active_set_faces=0
capstone durable checkpoint count=194 step=1707 time=2.7780191907659173 path=rendered/fire_production_calibration/r211_resident_migration/continuation.v2/latest.checkpoint
capstone retained checkpoint step=1707 time=2.7780191907659173 path=rendered/fire_production_calibration/r211_resident_migration/continuation.v2/checkpoints/step_0000001707.checkpoint
capstone accepted step=1710 time=2.78295799 dt=0.00164626597 Tmax=1665.78164 qmax=14849637.3 eos_max=0.0136334926 approach_eos_max=0.00566360967 limiter_class=continuous limiter_discrepancy=0 active_set_class=continuous active_set_discrepancy=0 active_set_cycle=0 active_set_faces=0
capstone durable checkpoint count=195 step=1714 time=2.7895430525531992 path=rendered/fire_production_calibration/r211_resident_migration/continuation.v2/latest.checkpoint
capstone retained checkpoint step=1714 time=2.7895430525531992 path=rendered/fire_production_calibration/r211_resident_migration/continuation.v2/checkpoints/step_0000001714.checkpoint
capstone accepted step=1720 time=2.79942065 dt=0.00164626597 Tmax=1665.77576 qmax=14696908.6 eos_max=0.0136334926 approach_eos_max=0.00566360967 limiter_class=continuous limiter_discrepancy=0 active_set_class=continuous active_set_discrepancy=0 active_set_cycle=0 active_set_faces=0
capstone durable checkpoint count=196 step=1721 time=2.8010669143404812 path=rendered/fire_production_calibration/r211_resident_migration/continuation.v2/latest.checkpoint
capstone retained checkpoint step=1721 time=2.8010669143404812 path=rendered/fire_production_calibration/r211_resident_migration/continuation.v2/checkpoints/step_0000001721.checkpoint
capstone durable checkpoint count=197 step=1728 time=2.8125907761277631 path=rendered/fire_production_calibration/r211_resident_migration/continuation.v2/latest.checkpoint
capstone retained checkpoint step=1728 time=2.8125907761277631 path=rendered/fire_production_calibration/r211_resident_migration/continuation.v2/checkpoints/step_0000001728.checkpoint
capstone accepted step=1730 time=2.81588331 dt=0.00164626597 Tmax=1678.84381 qmax=16039388.9 eos_max=0.0136334926 approach_eos_max=0.00566360967 limiter_class=continuous limiter_discrepancy=0 active_set_class=continuous active_set_discrepancy=0 active_set_cycle=0 active_set_faces=0
capstone durable checkpoint count=198 step=1735 time=2.824114637915045 path=rendered/fire_production_calibration/r211_resident_migration/continuation.v2/latest.checkpoint
capstone retained checkpoint step=1735 time=2.824114637915045 path=rendered/fire_production_calibration/r211_resident_migration/continuation.v2/checkpoints/step_0000001735.checkpoint
capstone accepted step=1740 time=2.83234597 dt=0.00164626597 Tmax=1723.86387 qmax=16816782.9 eos_max=0.0136334926 approach_eos_max=0.00566360967 limiter_class=continuous limiter_discrepancy=0 active_set_class=continuous active_set_discrepancy=0 active_set_cycle=0 active_set_faces=0
capstone durable checkpoint count=199 step=1742 time=2.835638499702327 path=rendered/fire_production_calibration/r211_resident_migration/continuation.v2/latest.checkpoint
capstone retained checkpoint step=1742 time=2.835638499702327 path=rendered/fire_production_calibration/r211_resident_migration/continuation.v2/checkpoints/step_0000001742.checkpoint
capstone durable checkpoint count=200 step=1749 time=2.8471623614896089 path=rendered/fire_production_calibration/r211_resident_migration/continuation.v2/latest.checkpoint
capstone retained checkpoint step=1749 time=2.8471623614896089 path=rendered/fire_production_calibration/r211_resident_migration/continuation.v2/checkpoints/step_0000001749.checkpoint
capstone accepted step=1750 time=2.84880863 dt=0.00164626597 Tmax=1742.31595 qmax=17000763.7 eos_max=0.0136334926 approach_eos_max=0.00566360967 limiter_class=continuous limiter_discrepancy=0 active_set_class=continuous active_set_discrepancy=0 active_set_cycle=0 active_set_faces=0
capstone durable checkpoint count=201 step=1756 time=2.8586862232768908 path=rendered/fire_production_calibration/r211_resident_migration/continuation.v2/latest.checkpoint
capstone retained checkpoint step=1756 time=2.8586862232768908 path=rendered/fire_production_calibration/r211_resident_migration/continuation.v2/checkpoints/step_0000001756.checkpoint
capstone accepted step=1760 time=2.86527129 dt=0.00164626597 Tmax=1765.81868 qmax=16458031.2 eos_max=0.0136334926 approach_eos_max=0.00566360967 limiter_class=continuous limiter_discrepancy=0 active_set_class=continuous active_set_discrepancy=0 active_set_cycle=0 active_set_faces=0
capstone durable checkpoint count=202 step=1763 time=2.8702100850641727 path=rendered/fire_production_calibration/r211_resident_migration/continuation.v2/latest.checkpoint
capstone retained checkpoint step=1763 time=2.8702100850641727 path=rendered/fire_production_calibration/r211_resident_migration/continuation.v2/checkpoints/step_0000001763.checkpoint
capstone durable checkpoint count=203 step=1770 time=2.8817339468514547 path=rendered/fire_production_calibration/r211_resident_migration/continuation.v2/latest.checkpoint
capstone retained checkpoint step=1770 time=2.8817339468514547 path=rendered/fire_production_calibration/r211_resident_migration/continuation.v2/checkpoints/step_0000001770.checkpoint
capstone accepted step=1770 time=2.88173395 dt=0.00164626597 Tmax=1706.0416 qmax=15719491 eos_max=0.0136334926 approach_eos_max=0.00566360967 limiter_class=continuous limiter_discrepancy=0 active_set_class=continuous active_set_discrepancy=0 active_set_cycle=0 active_set_faces=0
capstone durable checkpoint count=204 step=1776 time=2.8916115426691249 path=rendered/fire_production_calibration/r211_resident_migration/continuation.v2/latest.checkpoint
capstone retained checkpoint step=1776 time=2.8916115426691249 path=rendered/fire_production_calibration/r211_resident_migration/continuation.v2/checkpoints/step_0000001776.checkpoint
capstone accepted step=1780 time=2.89819661 dt=0.00164626597 Tmax=1643.37231 qmax=16454579.9 eos_max=0.0136334926 approach_eos_max=0.00566360967 limiter_class=continuous limiter_discrepancy=0 active_set_class=continuous active_set_discrepancy=0 active_set_cycle=0 active_set_faces=0
capstone durable checkpoint count=205 step=1783 time=2.9031354044564068 path=rendered/fire_production_calibration/r211_resident_migration/continuation.v2/latest.checkpoint
capstone retained checkpoint step=1783 time=2.9031354044564068 path=rendered/fire_production_calibration/r211_resident_migration/continuation.v2/checkpoints/step_0000001783.checkpoint
capstone durable checkpoint count=206 step=1790 time=2.9146592662436888 path=rendered/fire_production_calibration/r211_resident_migration/continuation.v2/latest.checkpoint
capstone retained checkpoint step=1790 time=2.9146592662436888 path=rendered/fire_production_calibration/r211_resident_migration/continuation.v2/checkpoints/step_0000001790.checkpoint
capstone accepted step=1790 time=2.91465927 dt=0.00164626597 Tmax=1587.89642 qmax=15040612.7 eos_max=0.0136334926 approach_eos_max=0.00566360967 limiter_class=continuous limiter_discrepancy=0 active_set_class=continuous active_set_discrepancy=0 active_set_cycle=0 active_set_faces=0
capstone durable checkpoint count=207 step=1797 time=2.9261831280309707 path=rendered/fire_production_calibration/r211_resident_migration/continuation.v2/latest.checkpoint
capstone retained checkpoint step=1797 time=2.9261831280309707 path=rendered/fire_production_calibration/r211_resident_migration/continuation.v2/checkpoints/step_0000001797.checkpoint
capstone accepted step=1800 time=2.93112193 dt=0.00164626597 Tmax=1544.59141 qmax=16544834.7 eos_max=0.0136334926 approach_eos_max=0.00566360967 limiter_class=continuous limiter_discrepancy=0 active_set_class=continuous active_set_discrepancy=0 active_set_cycle=0 active_set_faces=0
capstone durable checkpoint count=208 step=1804 time=2.9377069898182526 path=rendered/fire_production_calibration/r211_resident_migration/continuation.v2/latest.checkpoint
capstone retained checkpoint step=1804 time=2.9377069898182526 path=rendered/fire_production_calibration/r211_resident_migration/continuation.v2/checkpoints/step_0000001804.checkpoint
capstone accepted step=1810 time=2.94758459 dt=0.00164626597 Tmax=1571.17052 qmax=14566887.9 eos_max=0.0136334926 approach_eos_max=0.00566360967 limiter_class=continuous limiter_discrepancy=0 active_set_class=continuous active_set_discrepancy=0 active_set_cycle=0 active_set_faces=0
capstone durable checkpoint count=209 step=1811 time=2.9492308516055346 path=rendered/fire_production_calibration/r211_resident_migration/continuation.v2/latest.checkpoint
capstone retained checkpoint step=1811 time=2.9492308516055346 path=rendered/fire_production_calibration/r211_resident_migration/continuation.v2/checkpoints/step_0000001811.checkpoint
capstone durable checkpoint count=210 step=1818 time=2.9607547133928165 path=rendered/fire_production_calibration/r211_resident_migration/continuation.v2/latest.checkpoint
capstone retained checkpoint step=1818 time=2.9607547133928165 path=rendered/fire_production_calibration/r211_resident_migration/continuation.v2/checkpoints/step_0000001818.checkpoint
capstone accepted step=1820 time=2.96404725 dt=0.00164626597 Tmax=1580.3396 qmax=22818672 eos_max=0.0136334926 approach_eos_max=0.00566360967 limiter_class=continuous limiter_discrepancy=0 active_set_class=continuous active_set_discrepancy=0 active_set_cycle=0 active_set_faces=0
capstone durable checkpoint count=211 step=1825 time=2.9722785751800984 path=rendered/fire_production_calibration/r211_resident_migration/continuation.v2/latest.checkpoint
capstone retained checkpoint step=1825 time=2.9722785751800984 path=rendered/fire_production_calibration/r211_resident_migration/continuation.v2/checkpoints/step_0000001825.checkpoint
capstone accepted step=1830 time=2.98050991 dt=0.00164626597 Tmax=1610.52168 qmax=14075064.9 eos_max=0.0136334926 approach_eos_max=0.00566360967 limiter_class=continuous limiter_discrepancy=0 active_set_class=continuous active_set_discrepancy=0 active_set_cycle=0 active_set_faces=0
capstone durable checkpoint count=212 step=1832 time=2.9838024369673803 path=rendered/fire_production_calibration/r211_resident_migration/continuation.v2/latest.checkpoint
capstone retained checkpoint step=1832 time=2.9838024369673803 path=rendered/fire_production_calibration/r211_resident_migration/continuation.v2/checkpoints/step_0000001832.checkpoint
capstone durable checkpoint count=213 step=1839 time=2.9953262987546623 path=rendered/fire_production_calibration/r211_resident_migration/continuation.v2/latest.checkpoint
capstone retained checkpoint step=1839 time=2.9953262987546623 path=rendered/fire_production_calibration/r211_resident_migration/continuation.v2/checkpoints/step_0000001839.checkpoint
capstone accepted step=1840 time=2.99697256 dt=0.00164626597 Tmax=1621.05883 qmax=14348347.7 eos_max=0.0136334926 approach_eos_max=0.00566360967 limiter_class=continuous limiter_discrepancy=0 active_set_class=continuous active_set_discrepancy=0 active_set_cycle=0 active_set_faces=0
capstone durable checkpoint count=214 step=1846 time=3.0068501605419442 path=rendered/fire_production_calibration/r211_resident_migration/continuation.v2/latest.checkpoint
capstone retained checkpoint step=1846 time=3.0068501605419442 path=rendered/fire_production_calibration/r211_resident_migration/continuation.v2/checkpoints/step_0000001846.checkpoint
capstone accepted step=1850 time=3.01343522 dt=0.00164626597 Tmax=1606.26346 qmax=14500731.6 eos_max=0.0136334926 approach_eos_max=0.00566360967 limiter_class=continuous limiter_discrepancy=0 active_set_class=continuous active_set_discrepancy=0 active_set_cycle=0 active_set_faces=0
capstone durable checkpoint count=215 step=1853 time=3.0183740223292261 path=rendered/fire_production_calibration/r211_resident_migration/continuation.v2/latest.checkpoint
capstone retained checkpoint step=1853 time=3.0183740223292261 path=rendered/fire_production_calibration/r211_resident_migration/continuation.v2/checkpoints/step_0000001853.checkpoint
capstone durable checkpoint count=216 step=1860 time=3.0298978841165081 path=rendered/fire_production_calibration/r211_resident_migration/continuation.v2/latest.checkpoint
capstone retained checkpoint step=1860 time=3.0298978841165081 path=rendered/fire_production_calibration/r211_resident_migration/continuation.v2/checkpoints/step_0000001860.checkpoint
capstone accepted step=1860 time=3.02989788 dt=0.00164626597 Tmax=1618.81116 qmax=14722986.9 eos_max=0.0136334926 approach_eos_max=0.00566360967 limiter_class=continuous limiter_discrepancy=0 active_set_class=continuous active_set_discrepancy=0 active_set_cycle=0 active_set_faces=0
capstone durable checkpoint count=217 step=1867 time=3.04142174590379 path=rendered/fire_production_calibration/r211_resident_migration/continuation.v2/latest.checkpoint
capstone retained checkpoint step=1867 time=3.04142174590379 path=rendered/fire_production_calibration/r211_resident_migration/continuation.v2/checkpoints/step_0000001867.checkpoint
capstone accepted step=1870 time=3.04636054 dt=0.00164626597 Tmax=1628.69187 qmax=15664598.6 eos_max=0.0136334926 approach_eos_max=0.00566360967 limiter_class=continuous limiter_discrepancy=0 active_set_class=continuous active_set_discrepancy=0 active_set_cycle=0 active_set_faces=0
capstone durable checkpoint count=218 step=1874 time=3.0529456076910719 path=rendered/fire_production_calibration/r211_resident_migration/continuation.v2/latest.checkpoint
capstone retained checkpoint step=1874 time=3.0529456076910719 path=rendered/fire_production_calibration/r211_resident_migration/continuation.v2/checkpoints/step_0000001874.checkpoint
capstone accepted step=1880 time=3.0628232 dt=0.00164626597 Tmax=1646.55534 qmax=17204373.5 eos_max=0.0136334926 approach_eos_max=0.00566360967 limiter_class=continuous limiter_discrepancy=0 active_set_class=continuous active_set_discrepancy=0 active_set_cycle=0 active_set_faces=0
capstone durable checkpoint count=219 step=1881 time=3.0644694694783539 path=rendered/fire_production_calibration/r211_resident_migration/continuation.v2/latest.checkpoint
capstone retained checkpoint step=1881 time=3.0644694694783539 path=rendered/fire_production_calibration/r211_resident_migration/continuation.v2/checkpoints/step_0000001881.checkpoint
capstone durable checkpoint count=220 step=1888 time=3.0759933312656358 path=rendered/fire_production_calibration/r211_resident_migration/continuation.v2/latest.checkpoint
capstone retained checkpoint step=1888 time=3.0759933312656358 path=rendered/fire_production_calibration/r211_resident_migration/continuation.v2/checkpoints/step_0000001888.checkpoint
capstone accepted step=1890 time=3.07928586 dt=0.00164626597 Tmax=1682.65215 qmax=15870286.8 eos_max=0.0136334926 approach_eos_max=0.00566360967 limiter_class=continuous limiter_discrepancy=0 active_set_class=continuous active_set_discrepancy=0 active_set_cycle=0 active_set_faces=0
capstone durable checkpoint count=221 step=1894 time=3.085870927083306 path=rendered/fire_production_calibration/r211_resident_migration/continuation.v2/latest.checkpoint
capstone retained checkpoint step=1894 time=3.085870927083306 path=rendered/fire_production_calibration/r211_resident_migration/continuation.v2/checkpoints/step_0000001894.checkpoint
capstone accepted step=1900 time=3.09574852 dt=0.00164626597 Tmax=1684.12292 qmax=15509321.5 eos_max=0.0136334926 approach_eos_max=0.00566360967 limiter_class=continuous limiter_discrepancy=0 active_set_class=continuous active_set_discrepancy=0 active_set_cycle=0 active_set_faces=0
capstone durable checkpoint count=222 step=1901 time=3.0973947888705879 path=rendered/fire_production_calibration/r211_resident_migration/continuation.v2/latest.checkpoint
capstone retained checkpoint step=1901 time=3.0973947888705879 path=rendered/fire_production_calibration/r211_resident_migration/continuation.v2/checkpoints/step_0000001901.checkpoint
capstone durable checkpoint count=223 step=1908 time=3.1089186506578699 path=rendered/fire_production_calibration/r211_resident_migration/continuation.v2/latest.checkpoint
capstone retained checkpoint step=1908 time=3.1089186506578699 path=rendered/fire_production_calibration/r211_resident_migration/continuation.v2/checkpoints/step_0000001908.checkpoint
capstone accepted step=1910 time=3.11221118 dt=0.00164626597 Tmax=1670.68998 qmax=14478765.7 eos_max=0.0136334926 approach_eos_max=0.00566360967 limiter_class=continuous limiter_discrepancy=0 active_set_class=continuous active_set_discrepancy=0 active_set_cycle=0 active_set_faces=0
capstone durable checkpoint count=224 step=1915 time=3.1204425124451518 path=rendered/fire_production_calibration/r211_resident_migration/continuation.v2/latest.checkpoint
capstone retained checkpoint step=1915 time=3.1204425124451518 path=rendered/fire_production_calibration/r211_resident_migration/continuation.v2/checkpoints/step_0000001915.checkpoint
capstone accepted step=1920 time=3.12867384 dt=0.00164626597 Tmax=1631.21643 qmax=17219941.7 eos_max=0.0136334926 approach_eos_max=0.00566360967 limiter_class=continuous limiter_discrepancy=0 active_set_class=continuous active_set_discrepancy=0 active_set_cycle=0 active_set_faces=0
capstone durable checkpoint count=225 step=1922 time=3.1319663742324337 path=rendered/fire_production_calibration/r211_resident_migration/continuation.v2/latest.checkpoint
capstone retained checkpoint step=1922 time=3.1319663742324337 path=rendered/fire_production_calibration/r211_resident_migration/continuation.v2/checkpoints/step_0000001922.checkpoint
capstone durable checkpoint count=226 step=1929 time=3.1434902360197157 path=rendered/fire_production_calibration/r211_resident_migration/continuation.v2/latest.checkpoint
capstone retained checkpoint step=1929 time=3.1434902360197157 path=rendered/fire_production_calibration/r211_resident_migration/continuation.v2/checkpoints/step_0000001929.checkpoint
capstone accepted step=1930 time=3.1451365 dt=0.00164626597 Tmax=1625.35152 qmax=13406610.3 eos_max=0.0136334926 approach_eos_max=0.00566360967 limiter_class=continuous limiter_discrepancy=0 active_set_class=continuous active_set_discrepancy=0 active_set_cycle=0 active_set_faces=0
capstone durable checkpoint count=227 step=1936 time=3.1550140978069976 path=rendered/fire_production_calibration/r211_resident_migration/continuation.v2/latest.checkpoint
capstone retained checkpoint step=1936 time=3.1550140978069976 path=rendered/fire_production_calibration/r211_resident_migration/continuation.v2/checkpoints/step_0000001936.checkpoint
capstone accepted step=1940 time=3.16159916 dt=0.00164626597 Tmax=1606.89101 qmax=14501247.9 eos_max=0.0136334926 approach_eos_max=0.00566360967 limiter_class=continuous limiter_discrepancy=0 active_set_class=continuous active_set_discrepancy=0 active_set_cycle=0 active_set_faces=0
capstone durable checkpoint count=228 step=1943 time=3.1665379595942795 path=rendered/fire_production_calibration/r211_resident_migration/continuation.v2/latest.checkpoint
capstone retained checkpoint step=1943 time=3.1665379595942795 path=rendered/fire_production_calibration/r211_resident_migration/continuation.v2/checkpoints/step_0000001943.checkpoint
capstone durable checkpoint count=229 step=1950 time=3.1780618213815615 path=rendered/fire_production_calibration/r211_resident_migration/continuation.v2/latest.checkpoint
capstone retained checkpoint step=1950 time=3.1780618213815615 path=rendered/fire_production_calibration/r211_resident_migration/continuation.v2/checkpoints/step_0000001950.checkpoint
capstone accepted step=1950 time=3.17806182 dt=0.00164626597 Tmax=1627.00791 qmax=14729485.2 eos_max=0.0136334926 approach_eos_max=0.00566360967 limiter_class=continuous limiter_discrepancy=0 active_set_class=continuous active_set_discrepancy=0 active_set_cycle=0 active_set_faces=0
capstone durable checkpoint count=230 step=1957 time=3.1895856831688434 path=rendered/fire_production_calibration/r211_resident_migration/continuation.v2/latest.checkpoint
capstone retained checkpoint step=1957 time=3.1895856831688434 path=rendered/fire_production_calibration/r211_resident_migration/continuation.v2/checkpoints/step_0000001957.checkpoint
capstone accepted step=1960 time=3.19452448 dt=0.00164626597 Tmax=1644.19269 qmax=14342841.3 eos_max=0.0136334926 approach_eos_max=0.00566360967 limiter_class=continuous limiter_discrepancy=0 active_set_class=continuous active_set_discrepancy=0 active_set_cycle=0 active_set_faces=0
capstone durable checkpoint count=231 step=1964 time=3.2011095449561253 path=rendered/fire_production_calibration/r211_resident_migration/continuation.v2/latest.checkpoint
capstone retained checkpoint step=1964 time=3.2011095449561253 path=rendered/fire_production_calibration/r211_resident_migration/continuation.v2/checkpoints/step_0000001964.checkpoint
capstone accepted step=1970 time=3.21098714 dt=0.00164626597 Tmax=1674.86153 qmax=14247656.4 eos_max=0.0136334926 approach_eos_max=0.00566360967 limiter_class=continuous limiter_discrepancy=0 active_set_class=continuous active_set_discrepancy=0 active_set_cycle=0 active_set_faces=0
capstone durable checkpoint count=232 step=1971 time=3.2126334067434072 path=rendered/fire_production_calibration/r211_resident_migration/continuation.v2/latest.checkpoint
capstone retained checkpoint step=1971 time=3.2126334067434072 path=rendered/fire_production_calibration/r211_resident_migration/continuation.v2/checkpoints/step_0000001971.checkpoint
capstone durable checkpoint count=233 step=1978 time=3.2241572685306892 path=rendered/fire_production_calibration/r211_resident_migration/continuation.v2/latest.checkpoint
capstone retained checkpoint step=1978 time=3.2241572685306892 path=rendered/fire_production_calibration/r211_resident_migration/continuation.v2/checkpoints/step_0000001978.checkpoint
capstone accepted step=1980 time=3.2274498 dt=0.00164626597 Tmax=1647.358 qmax=15050626.1 eos_max=0.0136334926 approach_eos_max=0.00566360967 limiter_class=continuous limiter_discrepancy=0 active_set_class=continuous active_set_discrepancy=0 active_set_cycle=0 active_set_faces=0
capstone durable checkpoint count=234 step=1985 time=3.2356811303179711 path=rendered/fire_production_calibration/r211_resident_migration/continuation.v2/latest.checkpoint
capstone retained checkpoint step=1985 time=3.2356811303179711 path=rendered/fire_production_calibration/r211_resident_migration/continuation.v2/checkpoints/step_0000001985.checkpoint
capstone accepted step=1990 time=3.24391246 dt=0.00164626597 Tmax=1610.84488 qmax=15089148.1 eos_max=0.0136334926 approach_eos_max=0.00566360967 limiter_class=continuous limiter_discrepancy=0 active_set_class=continuous active_set_discrepancy=0 active_set_cycle=0 active_set_faces=0
capstone durable checkpoint count=235 step=1992 time=3.247204992105253 path=rendered/fire_production_calibration/r211_resident_migration/continuation.v2/latest.checkpoint
capstone retained checkpoint step=1992 time=3.247204992105253 path=rendered/fire_production_calibration/r211_resident_migration/continuation.v2/checkpoints/step_0000001992.checkpoint
capstone durable checkpoint count=236 step=2000 time=3.2603751198621467 path=rendered/fire_production_calibration/r211_resident_migration/continuation.v2/latest.checkpoint
capstone retained checkpoint step=2000 time=3.2603751198621467 path=rendered/fire_production_calibration/r211_resident_migration/continuation.v2/checkpoints/step_0000002000.checkpoint
capstone accepted step=2000 time=3.26037512 dt=0.00164626597 Tmax=1565.4954 qmax=14777383.7 eos_max=0.0136334926 approach_eos_max=0.00566360967 limiter_class=continuous limiter_discrepancy=0 active_set_class=continuous active_set_discrepancy=0 active_set_cycle=0 active_set_faces=0
capstone durable checkpoint count=237 step=2007 time=3.2718989816494286 path=rendered/fire_production_calibration/r211_resident_migration/continuation.v2/latest.checkpoint
capstone retained checkpoint step=2007 time=3.2718989816494286 path=rendered/fire_production_calibration/r211_resident_migration/continuation.v2/checkpoints/step_0000002007.checkpoint
capstone accepted step=2010 time=3.27683778 dt=0.00164626597 Tmax=1575.90579 qmax=15067214.5 eos_max=0.0136334926 approach_eos_max=0.00566360967 limiter_class=continuous limiter_discrepancy=0 active_set_class=continuous active_set_discrepancy=0 active_set_cycle=0 active_set_faces=0
capstone durable checkpoint count=238 step=2015 time=3.2850691094063222 path=rendered/fire_production_calibration/r211_resident_migration/continuation.v2/latest.checkpoint
capstone retained checkpoint step=2015 time=3.2850691094063222 path=rendered/fire_production_calibration/r211_resident_migration/continuation.v2/checkpoints/step_0000002015.checkpoint
capstone accepted step=2020 time=3.29330044 dt=0.00164626597 Tmax=1603.80848 qmax=17499448.7 eos_max=0.0136334926 approach_eos_max=0.00566360967 limiter_class=continuous limiter_discrepancy=0 active_set_class=continuous active_set_discrepancy=0 active_set_cycle=0 active_set_faces=0
capstone durable checkpoint count=239 step=2023 time=3.2982392371632159 path=rendered/fire_production_calibration/r211_resident_migration/continuation.v2/latest.checkpoint
capstone retained checkpoint step=2023 time=3.2982392371632159 path=rendered/fire_production_calibration/r211_resident_migration/continuation.v2/checkpoints/step_0000002023.checkpoint
capstone durable checkpoint count=240 step=2030 time=3.3097630989504978 path=rendered/fire_production_calibration/r211_resident_migration/continuation.v2/latest.checkpoint
capstone retained checkpoint step=2030 time=3.3097630989504978 path=rendered/fire_production_calibration/r211_resident_migration/continuation.v2/checkpoints/step_0000002030.checkpoint
capstone accepted step=2030 time=3.3097631 dt=0.00164626597 Tmax=1629.24347 qmax=18869863.5 eos_max=0.0136334926 approach_eos_max=0.00566360967 limiter_class=continuous limiter_discrepancy=0 active_set_class=continuous active_set_discrepancy=0 active_set_cycle=0 active_set_faces=0
capstone durable checkpoint count=241 step=2037 time=3.3212869607377797 path=rendered/fire_production_calibration/r211_resident_migration/continuation.v2/latest.checkpoint
capstone retained checkpoint step=2037 time=3.3212869607377797 path=rendered/fire_production_calibration/r211_resident_migration/continuation.v2/checkpoints/step_0000002037.checkpoint
capstone accepted step=2040 time=3.32622576 dt=0.00164626597 Tmax=1636.18735 qmax=18851975.1 eos_max=0.0136334926 approach_eos_max=0.00566360967 limiter_class=continuous limiter_discrepancy=0 active_set_class=continuous active_set_discrepancy=0 active_set_cycle=0 active_set_faces=0
capstone durable checkpoint count=242 step=2044 time=3.3328108225250617 path=rendered/fire_production_calibration/r211_resident_migration/continuation.v2/latest.checkpoint
capstone retained checkpoint step=2044 time=3.3328108225250617 path=rendered/fire_production_calibration/r211_resident_migration/continuation.v2/checkpoints/step_0000002044.checkpoint
capstone accepted step=2050 time=3.34268842 dt=0.00164626597 Tmax=1661.68463 qmax=16067340.3 eos_max=0.0136334926 approach_eos_max=0.00566360967 limiter_class=continuous limiter_discrepancy=0 active_set_class=continuous active_set_discrepancy=0 active_set_cycle=0 active_set_faces=0
capstone durable checkpoint count=243 step=2051 time=3.3443346843123436 path=rendered/fire_production_calibration/r211_resident_migration/continuation.v2/latest.checkpoint
capstone retained checkpoint step=2051 time=3.3443346843123436 path=rendered/fire_production_calibration/r211_resident_migration/continuation.v2/checkpoints/step_0000002051.checkpoint
capstone durable checkpoint count=244 step=2059 time=3.3575048120692372 path=rendered/fire_production_calibration/r211_resident_migration/continuation.v2/latest.checkpoint
capstone retained checkpoint step=2059 time=3.3575048120692372 path=rendered/fire_production_calibration/r211_resident_migration/continuation.v2/checkpoints/step_0000002059.checkpoint
capstone accepted step=2060 time=3.35915108 dt=0.00164626597 Tmax=1670.0252 qmax=14071473.9 eos_max=0.0136334926 approach_eos_max=0.00566360967 limiter_class=continuous limiter_discrepancy=0 active_set_class=continuous active_set_discrepancy=0 active_set_cycle=0 active_set_faces=0
capstone durable checkpoint count=245 step=2066 time=3.3690286738565192 path=rendered/fire_production_calibration/r211_resident_migration/continuation.v2/latest.checkpoint
capstone retained checkpoint step=2066 time=3.3690286738565192 path=rendered/fire_production_calibration/r211_resident_migration/continuation.v2/checkpoints/step_0000002066.checkpoint
capstone accepted step=2070 time=3.37561374 dt=0.00164626597 Tmax=1692.49045 qmax=14498694.1 eos_max=0.0136334926 approach_eos_max=0.00566360967 limiter_class=continuous limiter_discrepancy=0 active_set_class=continuous active_set_discrepancy=0 active_set_cycle=0 active_set_faces=0
capstone durable checkpoint count=246 step=2074 time=3.3821988016134128 path=rendered/fire_production_calibration/r211_resident_migration/continuation.v2/latest.checkpoint
capstone retained checkpoint step=2074 time=3.3821988016134128 path=rendered/fire_production_calibration/r211_resident_migration/continuation.v2/checkpoints/step_0000002074.checkpoint
capstone accepted step=2080 time=3.3920764 dt=0.00164626597 Tmax=1696.26488 qmax=14764879.2 eos_max=0.0136334926 approach_eos_max=0.00566360967 limiter_class=continuous limiter_discrepancy=0 active_set_class=continuous active_set_discrepancy=0 active_set_cycle=0 active_set_faces=0
capstone durable checkpoint count=247 step=2081 time=3.3937226634006947 path=rendered/fire_production_calibration/r211_resident_migration/continuation.v2/latest.checkpoint
capstone retained checkpoint step=2081 time=3.3937226634006947 path=rendered/fire_production_calibration/r211_resident_migration/continuation.v2/checkpoints/step_0000002081.checkpoint
capstone durable checkpoint count=248 step=2088 time=3.4052465251879767 path=rendered/fire_production_calibration/r211_resident_migration/continuation.v2/latest.checkpoint
capstone retained checkpoint step=2088 time=3.4052465251879767 path=rendered/fire_production_calibration/r211_resident_migration/continuation.v2/checkpoints/step_0000002088.checkpoint
capstone accepted step=2090 time=3.40853906 dt=0.00164626597 Tmax=1666.5054 qmax=14101606.9 eos_max=0.0136334926 approach_eos_max=0.00566360967 limiter_class=continuous limiter_discrepancy=0 active_set_class=continuous active_set_discrepancy=0 active_set_cycle=0 active_set_faces=0
capstone durable checkpoint count=249 step=2095 time=3.4167703869752586 path=rendered/fire_production_calibration/r211_resident_migration/continuation.v2/latest.checkpoint
capstone retained checkpoint step=2095 time=3.4167703869752586 path=rendered/fire_production_calibration/r211_resident_migration/continuation.v2/checkpoints/step_0000002095.checkpoint
capstone accepted step=2100 time=3.42500172 dt=0.00164626597 Tmax=1686.96345 qmax=13964744.8 eos_max=0.0136334926 approach_eos_max=0.00566360967 limiter_class=continuous limiter_discrepancy=0 active_set_class=continuous active_set_discrepancy=0 active_set_cycle=0 active_set_faces=0
capstone durable checkpoint count=250 step=2102 time=3.4282942487625405 path=rendered/fire_production_calibration/r211_resident_migration/continuation.v2/latest.checkpoint
capstone retained checkpoint step=2102 time=3.4282942487625405 path=rendered/fire_production_calibration/r211_resident_migration/continuation.v2/checkpoints/step_0000002102.checkpoint
capstone durable checkpoint count=251 step=2110 time=3.4414643765194342 path=rendered/fire_production_calibration/r211_resident_migration/continuation.v2/latest.checkpoint
capstone retained checkpoint step=2110 time=3.4414643765194342 path=rendered/fire_production_calibration/r211_resident_migration/continuation.v2/checkpoints/step_0000002110.checkpoint
capstone accepted step=2110 time=3.44146438 dt=0.00164626597 Tmax=1709.30279 qmax=13852183.1 eos_max=0.0136334926 approach_eos_max=0.00566360967 limiter_class=continuous limiter_discrepancy=0 active_set_class=continuous active_set_discrepancy=0 active_set_cycle=0 active_set_faces=0
capstone durable checkpoint count=252 step=2118 time=3.4546345042763278 path=rendered/fire_production_calibration/r211_resident_migration/continuation.v2/latest.checkpoint
capstone retained checkpoint step=2118 time=3.4546345042763278 path=rendered/fire_production_calibration/r211_resident_migration/continuation.v2/checkpoints/step_0000002118.checkpoint
capstone accepted step=2120 time=3.45792704 dt=0.00164626597 Tmax=1716.49761 qmax=14426560.4 eos_max=0.0136334926 approach_eos_max=0.00566360967 limiter_class=continuous limiter_discrepancy=0 active_set_class=continuous active_set_discrepancy=0 active_set_cycle=0 active_set_faces=0
capstone durable checkpoint count=253 step=2125 time=3.4661583660636097 path=rendered/fire_production_calibration/r211_resident_migration/continuation.v2/latest.checkpoint
capstone retained checkpoint step=2125 time=3.4661583660636097 path=rendered/fire_production_calibration/r211_resident_migration/continuation.v2/checkpoints/step_0000002125.checkpoint
capstone accepted step=2130 time=3.4743897 dt=0.00164626597 Tmax=1700.63938 qmax=15558940.9 eos_max=0.0136334926 approach_eos_max=0.00566360967 limiter_class=continuous limiter_discrepancy=0 active_set_class=continuous active_set_discrepancy=0 active_set_cycle=0 active_set_faces=0
capstone durable checkpoint count=254 step=2132 time=3.4776822278508916 path=rendered/fire_production_calibration/r211_resident_migration/continuation.v2/latest.checkpoint
capstone retained checkpoint step=2132 time=3.4776822278508916 path=rendered/fire_production_calibration/r211_resident_migration/continuation.v2/checkpoints/step_0000002132.checkpoint
capstone durable checkpoint count=255 step=2139 time=3.4892060896381736 path=rendered/fire_production_calibration/r211_resident_migration/continuation.v2/latest.checkpoint
capstone retained checkpoint step=2139 time=3.4892060896381736 path=rendered/fire_production_calibration/r211_resident_migration/continuation.v2/checkpoints/step_0000002139.checkpoint
capstone accepted step=2140 time=3.49085236 dt=0.00164626597 Tmax=1674.28513 qmax=15587717.4 eos_max=0.0136334926 approach_eos_max=0.00566360967 limiter_class=continuous limiter_discrepancy=0 active_set_class=continuous active_set_discrepancy=0 active_set_cycle=0 active_set_faces=0
capstone durable checkpoint count=256 step=2146 time=3.5 path=rendered/fire_production_calibration/r211_resident_migration/continuation.v2/final.checkpoint
capstone accepted step=2146 time=3.5 dt=0.000916314544 Tmax=1686.70797 qmax=15358652.1 eos_max=0.0136334926 approach_eos_max=0.00566360967 limiter_class=continuous limiter_discrepancy=0 active_set_class=continuous active_set_discrepancy=0 active_set_cycle=0 active_set_faces=0
capstone pilot diagnostic Tmax=318.363305 CH4max=0.0196604207 O2max=0.272965759 eos_max=0.0136334926 approach_eos_max=0.00566360967
PRODUCTION_ONSET_CAMPAIGN tier=8 target=3.5 time=3.5 steps=2146 wall_s=16890.882721416001 operator=section_3_7_projected_heun_resident_owner build=5f2502e69768c636321181869576d9fb9dd60bf5c4f13ab43eec327d7382de8c trajectory=cb10278dc49f33c9a9718496804bf81fe5493faf4af0eb27cd1a3b7db3d1a057 summary=0593230f7bc977d543f45d0b8627c88a3066631e8c171c32a0df1dca2e06d66a
