temporal scalar component=0 production_D=1.6942790595291717e-06/8.4721427251158928e-07 order=0.99987271726794091 E=3.3888571164267637e-06 accepted=1 oracle_D=1.3782195067652245e-09/1.0737890569106537e-09 order=0.36009507458048789 E=6.239484288564373e-09 accepted=1
temporal scalar component=1 production_D=1.3553885019165863e-06/6.7770434539507742e-07 order=0.99997851083226919 E=2.7108173821817564e-06 accepted=1 oracle_D=1.1025756055408244e-09/8.590312454822359e-10 order=0.36009507482655323 E=4.9915874284309687e-09 accepted=1
temporal scalar component=2 production_D=8.0796824054171963e-06/4.039607322515702e-06 order=1 E=1.6159364810834396e-05 accepted=1 oracle_D=2.1447504370579448e-09/1.7735240154225192e-09 order=0.27419091959527919 E=1.239123663934076e-08 accepted=1
temporal scalar component=3 production_D=3.0944595568937883e-05/1.5473409672071412e-05 order=0.99989632715729293 E=6.1893639007923478e-05 accepted=1 oracle_D=4.2484143416607066e-09/3.7831553368604864e-09 order=0.16733446209571934 E=3.8793498314296024e-08 accepted=1
temporal scalar component=4 production_D=9.0187003378353007e-07/4.509312899473588e-07 order=1 E=1.8037400675670603e-06 accepted=1 oracle_D=7.3364359073499529e-10/5.7159143044707204e-10 order=0.36009507469381791 E=3.3213560206185572e-09 accepted=1
temporal scalar component=5 production_D=7.6103488932832567e-07/3.8049409472236459e-07 order=1 E=1.5220697786566516e-06 accepted=1 oracle_D=6.1908236803420663e-10/4.8233526572781917e-10 order=0.36009507478578484 E=2.8027137098095474e-09 accepted=1
temporal scalar component=6 production_D=1.1833063566744148e-08/5.9160416232136161e-09 order=1 E=2.3666127133488299e-08 accepted=1 oracle_D=9.6254729522026227e-12/7.4993333572073552e-12 order=0.36009507500291499 E=4.3576503523885752e-11 accepted=1
temporal scalar component=7 production_D=2.4862008863574816e-09/1.2431302277775311e-09 order=0.99996543354285372 E=4.9725209139647414e-09 accepted=1 oracle_D=2.0224221733365533e-12/1.5756958797589006e-12 order=0.36009507455985634 E=9.155922778680957e-12 accepted=1
temporal scalar component=8 production_D=1.3664113219736267/0.68316914382060645 order=1 E=2.7328226439472538 accepted=1 oracle_D=0.0012312438866646748/0.001273209006325096 order=0 E=0 accepted=0
temporal velocity production_D=6.7800078709060773e-06/3.735511745788258e-06 order=0.85998104987383395 E=1.5098888236479335e-05 accepted=1 oracle_D=6.2907169766867145e-06/5.3409610560218166e-06 order=0.23612509109838353 E=4.1666621096787029e-05 accepted=1
temporal ledger component=0 production_D=2.1976342287621797e-07/1.1098299067952011e-07 order=0.98561270087643604 E=4.439765595612102e-07 accepted=1 oracle_D=5.366557471533917e-07/3.2277086721432813e-07 order=0.73348655867855972 E=1.3465158969386569e-06 accepted=1
temporal ledger component=1 production_D=1.7578813731738974e-07/8.8854043414632322e-08 order=0.98432838210182283 E=3.5545857596541104e-07 accepted=1 oracle_D=4.2932459771993781e-07/2.5821669377007472e-07 order=0.73348655867698653 E=1.0772127175457343e-06 accepted=1
temporal ledger component=2 production_D=6.1143542581798549e-07/3.1947770889884097e-07 order=0.93648486992960345 E=1.2805048754671455e-06 accepted=1 oracle_D=9.6040419864107385e-07/5.7540989806259546e-07 order=0.73905167249161385 E=2.3958178689437078e-06 accepted=1
temporal ledger component=3 production_D=1.4415272375778443e-06/7.6345172661529404e-07 order=0.91698925395000408 E=3.0645565915350953e-06 accepted=1 oracle_D=1.7667946293764558e-06/1.0553121132517163e-06 order=0.74346460653991708 E=4.3874068464757684e-06 accepted=1
temporal ledger component=4 production_D=1.1697136822336196e-07/5.9126210445042959e-08 order=0.98428571694274891 E=2.3653321227820405e-07 accepted=1 oracle_D=2.85668608945161e-07/1.7181499524163146e-07 order=0.73348655870337842 E=7.1676736013986942e-07 accepted=1
temporal ledger component=5 production_D=9.8695310080804122e-08/4.9849155900338893e-08 order=0.98541245507771269 E=1.994172191316885e-07 accepted=1 oracle_D=2.4106037474491693e-07/1.4498543362065353e-07 order=0.73348655870410051 E=6.0484142474779291e-07 accepted=1
temporal ledger component=6 production_D=1.5346249868748371e-09/7.7592536638481507e-10 order=0.98389635398742525 E=3.1040925640894887e-09 accepted=1 oracle_D=3.7479990333652742e-09/2.2542289069464941e-09 order=0.73348655868527246 E=9.4040552195169564e-09 accepted=1
temporal ledger component=7 production_D=3.2245351498655242e-10/1.629521230610601e-10 order=0.98464304739582087 E=6.5188314704960754e-10 accepted=1 oracle_D=7.8749754820980379e-10/4.7363932635419333e-10 order=0.73348655867286572 E=1.9758997701890746e-09 accepted=1
temporal ledger component=8 production_D=0.17831901254248805/0.090026079429662786 order=0.98604563486195251 E=0.36013833851793453 accepted=1 oracle_D=0.42647305166610749/0.25347865437652217 order=0.75059032027376704 E=1.0513592731731316 accepted=1
temporal refinement complete baseline=0.0018513043178245425 horizon=0.01481043454259634 target_sha256=1cf6244040426b2704f8ac2c4b953c32efd1d0c71cdebea7eacef85f2217d05c/1f6a95c059bf63224b63697689e3498a05add9418f9470b1e4c3f8d6e9e30cf1/95e0f5032efb2171bc412d4e26411e7dedd91962d171b187a752555862112551 accepted=0
