Compiling strict calibration owner: ../../../tests/FireSequenceTest.cpp
Compiling strict fp64 calibration mirror: ../../../tests/fire_production_fp64/FireProductionAdvection.cpp
Compiling strict fp64 calibration mirror: ../../../tests/fire_production_fp64/FireProductionForce.cpp
Compiling strict fp64 calibration mirror: ../../../tests/fire_production_fp64/FireProductionProjection.cpp
Compiling strict fp64 calibration mirror: ../../../tests/fire_production_fp64/FireProductionTransport.cpp
Compiling strict roundoff trace: ../../../tests/fire_production_trace/FireProductionAdvection.cpp
Compiling strict roundoff trace: ../../../tests/fire_production_trace/FireProductionForce.cpp
Compiling strict roundoff trace: ../../../tests/fire_production_trace/FireProductionProjection.cpp
Compiling strict roundoff trace: ../../../tests/fire_production_trace/FireProductionTransport.cpp
Compiling: ../../../src/Library/Materials/IMaterial.cpp
Compiling: ../../../src/Library/Agent/AgentChatCodecs.cpp
Compiling: ../../../src/Library/Agent/AgentChatLoop.cpp
Compiling: ../../../src/Library/Agent/AgentEvalRunner.cpp
Compiling: ../../../src/Library/Agent/AgentLoopbackHttpServer.cpp
Compiling: ../../../src/Library/Agent/AgentMcpAdapter.cpp
Compiling: ../../../src/Library/Agent/AgentRpc.cpp
Compiling: ../../../src/Library/Agent/AgentSession.cpp
Compiling: ../../../src/Library/Agent/Base64.cpp
Compiling: ../../../src/Library/Agent/ChatTrajectory.cpp
Compiling: ../../../src/Library/Agent/InMemoryRasterizerOutput.cpp
Compiling: ../../../src/Library/Agent/Json.cpp
Compiling: ../../../src/Library/Agent/SchemaGen.cpp
Compiling: ../../../src/Library/Cst/Cst.cpp
Compiling: ../../../src/Library/Utilities/Color/Color.cpp
Compiling: ../../../src/Library/Utilities/Color/ColorUtils.cpp
Compiling: ../../../src/Library/Utilities/Color/RGBToSpectrumTable.cpp
Compiling: ../../../src/Library/Utilities/Color/RGBToSpectrumTable_LUTData.cpp
Compiling: ../../../src/Library/Utilities/Color/RGBSpectra.cpp
Compiling: ../../../src/Library/Utilities/HosekWilkieSkyModel.cpp
Compiling: ../../../src/Library/Rendering/HosekWilkieSpectralRadianceMap.cpp
Compiling: ../../../src/Library/Utilities/Log/Log.cpp
Compiling: ../../../src/Library/Utilities/Log/MemoryTracker.cpp
Compiling: ../../../src/Library/Utilities/Log/StreamPrinter.cpp
Compiling: ../../../src/Library/Utilities/Threads/ThreadsPTHREADs.cpp
Compiling: ../../../src/Library/Utilities/ThreadPool.cpp
Compiling: ../../../src/Library/Utilities/CPUTopology.cpp
Compiling: ../../../src/Library/Utilities/CPU_Count.cpp
Compiling: ../../../src/Library/Utilities/DiskBuffer.cpp
Compiling: ../../../src/Library/Utilities/DiskFileReadBuffer.cpp
Compiling: ../../../src/Library/Utilities/DiskFileWriteBuffer.cpp
Compiling: ../../../src/Library/Utilities/RenderParallelScope.cpp
Compiling: ../../../src/Library/Utilities/DynamicProperties.cpp
Compiling: ../../../src/Library/Utilities/GeometricUtilities.cpp
Compiling: ../../../src/Library/Utilities/MediaPathLocator.cpp
Compiling: ../../../src/Library/Utilities/MemoryBuffer.cpp
Compiling: ../../../src/Library/Utilities/BSSRDFSampling.cpp
Compiling: ../../../src/Library/Utilities/RandomWalkSSS.cpp
Compiling: ../../../src/Library/Utilities/MersenneTwister.cpp
Compiling: ../../../src/Library/Utilities/ManifoldSolver.cpp
Compiling: ../../../src/Library/Utilities/SMSPhotonMap.cpp
Compiling: ../../../src/Library/Utilities/CompletePathGuide.cpp
Compiling: ../../../src/Library/Utilities/PathGuidingField.cpp
Compiling: ../../../src/Library/Utilities/Optics.cpp
Compiling: ../../../src/Library/Utilities/RISECBOR64.cpp
Compiling: ../../../src/Library/Utilities/FireOptics.cpp
Compiling: ../../../src/Library/Utilities/FireSimulationRecords.cpp
Compiling: ../../../src/Library/Utilities/FireProductionTables.cpp
Compiling (safe fp32): ../../../src/Library/Utilities/FireProductionAdvection.cpp
Compiling (safe fp32): ../../../src/Library/Utilities/FireProductionProjection.cpp
Compiling (safe fp32): ../../../src/Library/Utilities/FireProductionTransport.cpp
Compiling (safe fp32): ../../../src/Library/Utilities/FireProductionSource.cpp
Compiling (safe fp32): ../../../src/Library/Utilities/FireProductionForce.cpp
Compiling: ../../../src/Library/Utilities/FireCase.cpp
Compiling: ../../../src/Library/Utilities/FireSequence.cpp
Compiling: ../../../src/Library/Utilities/PlanckRadiance.cpp
Compiling: ../../../src/Library/Utilities/GaussLegendreQuadrature.cpp
Compiling: ../../../src/Library/Utilities/OrthonormalBasis3D.cpp
Compiling: ../../../src/Library/Utilities/Primes.cpp
Compiling: ../../../src/Library/Utilities/ProbabilityDensityFunction.cpp
Compiling: ../../../src/Library/Utilities/Reference.cpp
Compiling: ../../../src/Library/Utilities/PSSMLTSampler.cpp
Compiling: ../../../src/Library/Utilities/Profiling.cpp
Compiling: ../../../src/Library/Utilities/RenderETAEstimator.cpp
Compiling: ../../../src/Library/Utilities/RTime.cpp
Compiling: ../../../src/Library/Utilities/Transformable.cpp
Compiling: ../../../src/Library/Utilities/MediumTransport.cpp
Compiling: ../../../src/Library/Utilities/MajorantGrid.cpp
Compiling: ../../../src/Library/Utilities/OptimalMISAccumulator.cpp
Compiling: ../../../src/Library/Functions/BezierRootFinder.cpp
Compiling: ../../../src/Library/Functions/Polynomial.cpp
Compiling: ../../../src/Library/Functions/PolynomialGCD.cpp
Compiling: ../../../src/Library/Functions/Resultant.cpp
Compiling (ObjC++): ../../../src/Library/Agent/TlsTransportMac.mm
Compiling (ObjC++): ../../../src/Library/Utilities/FireProductionComputeMac.mm
Compiling (safe fp32 ObjC++): ../../../src/Library/Utilities/FireProductionAdvectionMac.mm
Compiling (safe fp32 ObjC++): ../../../src/Library/Utilities/FireProductionProjectionMac.mm
Compiling (safe fp32 ObjC++): ../../../src/Library/Utilities/FireProductionForceMac.mm
Compiling: ../../../src/Library/Noise/InterpolatedNoise.cpp
Compiling: ../../../src/Library/Noise/PerlinNoise1D.cpp
Compiling: ../../../src/Library/Noise/PerlinNoise2D.cpp
Compiling: ../../../src/Library/Noise/PerlinNoise3D.cpp
Compiling: ../../../src/Library/Noise/TurbulenceNoise3D.cpp
Compiling: ../../../src/Library/Noise/WorleyNoise3D.cpp
Compiling: ../../../src/Library/Noise/PerlinWorleyNoise3D.cpp
Compiling: ../../../src/Library/Noise/DomainWarpNoise3D.cpp
Compiling: ../../../src/Library/Noise/CurlNoise3D.cpp
Compiling: ../../../src/Library/Noise/SDFPrimitives3D.cpp
Compiling: ../../../src/Library/Noise/SimplexNoise3D.cpp
Compiling: ../../../src/Library/Noise/GaborNoise3D.cpp
Compiling: ../../../src/Library/Noise/WaveletNoise3D.cpp
Compiling: ../../../src/Library/Noise/ReactionDiffusion3D.cpp
Compiling: ../../../src/Library/Painters/BlackBodyPainter.cpp
Compiling: ../../../src/Library/Painters/CheckerPainter.cpp
Compiling: ../../../src/Library/Painters/IridescentPainter.cpp
Compiling: ../../../src/Library/Painters/LinesPainter.cpp
Compiling: ../../../src/Library/Painters/MandelbrotPainter.cpp
Compiling: ../../../src/Library/Painters/Painter.cpp
Compiling: ../../../src/Library/Importers/GLTFSceneImporter.cpp
Compiling: ../../../src/Library/Painters/Perlin2DPainter.cpp
Compiling: ../../../src/Library/Painters/ControlledSmoothness2DPainter.cpp
Compiling: ../../../src/Library/Painters/CompositeFunction2DPainter.cpp
Compiling: ../../../src/Library/Painters/PolynomialFunction2DPainter.cpp
Compiling: ../../../src/Library/Painters/GerstnerWavePainter.cpp
Compiling: ../../../src/Library/Painters/Perlin3DPainter.cpp
Compiling: ../../../src/Library/Painters/Turbulence3DPainter.cpp
Compiling: ../../../src/Library/Painters/Worley3DPainter.cpp
Compiling: ../../../src/Library/Painters/PerlinWorley3DPainter.cpp
Compiling: ../../../src/Library/Painters/DomainWarp3DPainter.cpp
Compiling: ../../../src/Library/Painters/CurlNoise3DPainter.cpp
Compiling: ../../../src/Library/Painters/SDF3DPainter.cpp
Compiling: ../../../src/Library/Painters/Simplex3DPainter.cpp
Compiling: ../../../src/Library/Painters/Gabor3DPainter.cpp
Compiling: ../../../src/Library/Painters/Wavelet3DPainter.cpp
Compiling: ../../../src/Library/Painters/ReactionDiffusion3DPainter.cpp
Compiling: ../../../src/Library/Painters/SpectralColorPainter.cpp
Compiling: ../../../src/Library/Painters/TexturePainter.cpp
Compiling: ../../../src/Library/Painters/Voronoi2DPainter.cpp
Compiling: ../../../src/Library/Painters/Voronoi3DPainter.cpp
Compiling: ../../../src/Library/Materials/AshikminShirleyAnisotropicPhongBRDF.cpp
Compiling: ../../../src/Library/Materials/AshikminShirleyAnisotropicPhongSPF.cpp
Compiling: ../../../src/Library/Materials/BioSpecSkinSPF.cpp
Compiling: ../../../src/Library/Materials/BioSpecSkinSPFHelpers.cpp
Compiling: ../../../src/Library/Materials/DonnerJensenSkinDiffusionProfile.cpp
Compiling: ../../../src/Library/Materials/MultipoleDiffusion.cpp
Compiling: ../../../src/Library/Materials/CompositeEmitter.cpp
Compiling: ../../../src/Library/Materials/CompositeSPF.cpp
Compiling: ../../../src/Library/Materials/CookTorranceBRDF.cpp
Compiling: ../../../src/Library/Materials/CookTorranceSPF.cpp
Compiling: ../../../src/Library/Materials/DataDrivenBSDF.cpp
Compiling: ../../../src/Library/Materials/DielectricSPF.cpp
Compiling: ../../../src/Library/Materials/GGXBRDF.cpp
Compiling: ../../../src/Library/Materials/GGXSPF.cpp
Compiling: ../../../src/Library/Materials/SheenBRDF.cpp
Compiling: ../../../src/Library/Materials/SheenSPF.cpp
Compiling: ../../../src/Library/Materials/GenericHumanTissueSPF.cpp
Compiling: ../../../src/Library/Materials/HenyeyGreensteinPhaseFunction.cpp
Compiling: ../../../src/Library/Materials/HeterogeneousMedium.cpp
Compiling: ../../../src/Library/Materials/ContinuationClosure.cpp
Compiling: ../../../src/Library/Materials/HomogeneousMedium.cpp
Compiling: ../../../src/Library/Materials/IsotropicPhongBRDF.cpp
Compiling: ../../../src/Library/Materials/IsotropicPhongSPF.cpp
Compiling: ../../../src/Library/Materials/LambertianBRDF.cpp
Compiling: ../../../src/Library/Materials/NullBoundaryMaterial.cpp
Compiling: ../../../src/Library/Materials/LambertianSPF.cpp
Compiling: ../../../src/Library/Materials/LambertianEmitter.cpp
Compiling: ../../../src/Library/Materials/OrenNayarBRDF.cpp
Compiling: ../../../src/Library/Materials/OrenNayarSPF.cpp
Compiling: ../../../src/Library/Materials/PerfectReflectorSPF.cpp
Compiling: ../../../src/Library/Materials/PerfectRefractorSPF.cpp
Compiling: ../../../src/Library/Materials/PhongEmitter.cpp
Compiling: ../../../src/Library/Materials/PolishedSPF.cpp
Compiling: ../../../src/Library/Materials/ScatteredRayContainer.cpp
Compiling: ../../../src/Library/Materials/SchlickBRDF.cpp
Compiling: ../../../src/Library/Materials/SchlickSPF.cpp
Compiling: ../../../src/Library/Materials/SubSurfaceScatteringSPF.cpp
Compiling: ../../../src/Library/Materials/SubSurfaceScatteringBSDF.cpp
Compiling: ../../../src/Library/Materials/BurleyNormalizedDiffusionProfile.cpp
Compiling: ../../../src/Library/Materials/TranslucentBSDF.cpp
Compiling: ../../../src/Library/Materials/TranslucentSPF.cpp
Compiling: ../../../src/Library/Materials/WardIsotropicGaussianBRDF.cpp
Compiling: ../../../src/Library/Materials/WardIsotropicGaussianSPF.cpp
Compiling: ../../../src/Library/Materials/WardAnisotropicEllipticalGaussianBRDF.cpp
Compiling: ../../../src/Library/Materials/WardAnisotropicEllipticalGaussianSPF.cpp
Compiling: ../../../src/Library/Geometry/BezierPatchGeometry.cpp
Compiling: ../../../src/Library/Geometry/BezierTesselation.cpp
Compiling: ../../../src/Library/Geometry/BilinearPatchGeometry.cpp
Compiling: ../../../src/Library/Geometry/BoxGeometry.cpp
Compiling: ../../../src/Library/Geometry/BoxUVGenerator.cpp
Compiling: ../../../src/Library/Geometry/CircularDiskGeometry.cpp
Compiling: ../../../src/Library/Geometry/ClippedPlaneGeometry.cpp
Compiling: ../../../src/Library/Geometry/CylinderGeometry.cpp
Compiling: ../../../src/Library/Geometry/CylindricalUVGenerator.cpp
Compiling: ../../../src/Library/Geometry/DisplacedGeometry.cpp
Compiling: ../../../src/Library/Geometry/EllipsoidGeometry.cpp
Compiling: ../../../src/Library/Geometry/Geometry.cpp
Compiling: ../../../src/Library/Geometry/GeometryUtilities.cpp
Compiling: ../../../src/Library/Geometry/InfinitePlaneGeometry.cpp
Compiling: ../../../src/Library/Geometry/SphereGeometry.cpp
Compiling: ../../../src/Library/Geometry/SDFGeometry.cpp
Compiling: ../../../src/Library/Geometry/SphericalUVGenerator.cpp
Compiling: ../../../src/Library/Geometry/TorusGeometry.cpp
Compiling: ../../../src/Library/Geometry/TriangleMeshGeometry.cpp
Compiling: ../../../src/Library/Geometry/TriangleMeshGeometryIndexed.cpp
Compiling: ../../../src/Library/Geometry/TriangleMeshLoader3DS.cpp
Compiling: ../../../src/Library/Geometry/TriangleMeshLoaderPLY.cpp
Compiling: ../../../src/Library/Geometry/TriangleMeshLoaderRAW.cpp
Compiling: ../../../src/Library/Geometry/TriangleMeshLoaderRAW2.cpp
Compiling: ../../../src/Library/Objects/CSGObject.cpp
Compiling: ../../../src/Library/Objects/Object.cpp
Compiling: ../../../src/Library/Objects/SnapshotLeafClone.cpp
Compiling: ../../../src/Library/Intersection/RayBezierPatchIntersection.cpp
Compiling: ../../../src/Library/Intersection/RayBilinearPatchIntersection.cpp
Compiling: ../../../src/Library/Intersection/RayBoxIntersection.cpp
Compiling: ../../../src/Library/Intersection/RayCylinderIntersection.cpp
Compiling: ../../../src/Library/Intersection/RaySphereIntersection.cpp
Compiling: ../../../src/Library/Intersection/RayPlaneIntersection.cpp
Compiling: ../../../src/Library/Intersection/RayTorusIntersection.cpp
Compiling: ../../../src/Library/Intersection/RayTriangleIntersection.cpp
Compiling: ../../../src/Library/Intersection/RayQuadricIntersection.cpp
Compiling: ../../../src/Library/Sampling/HaltonPointsSampling2D.cpp
Compiling: ../../../src/Library/Sampling/JitteredSampling1D.cpp
Compiling: ../../../src/Library/Sampling/MultiJitteredSampling2D.cpp
Compiling: ../../../src/Library/Sampling/NRooksSampling2D.cpp
Compiling: ../../../src/Library/Sampling/PoissonDiskSampling2D.cpp
Compiling: ../../../src/Library/Sampling/RandomSampling2D.cpp
Compiling: ../../../src/Library/Sampling/SincPixelFilter.cpp
Compiling: ../../../src/Library/Sampling/StratifiedSampling2D.cpp
Compiling: ../../../src/Library/Sampling/UniformSampling1D.cpp
Compiling: ../../../src/Library/Sampling/UniformSampling2D.cpp
Compiling: ../../../src/Library/Sampling/SobolSampling2D.cpp
Compiling: ../../../src/Library/PhotonMapping/CausticPelPhotonMap.cpp
Compiling: ../../../src/Library/PhotonMapping/CausticPelPhotonTracer.cpp
Compiling: ../../../src/Library/PhotonMapping/CausticSpectralPhotonMap.cpp
Compiling: ../../../src/Library/PhotonMapping/CausticSpectralPhotonTracer.cpp
Compiling: ../../../src/Library/PhotonMapping/GlobalPelPhotonMap.cpp
Compiling: ../../../src/Library/PhotonMapping/GlobalPelPhotonTracer.cpp
Compiling: ../../../src/Library/PhotonMapping/GlobalSpectralPhotonMap.cpp
Compiling: ../../../src/Library/PhotonMapping/GlobalSpectralPhotonTracer.cpp
Compiling: ../../../src/Library/PhotonMapping/IrradianceCache.cpp
Compiling: ../../../src/Library/PhotonMapping/ShadowPhotonMap.cpp
Compiling: ../../../src/Library/PhotonMapping/ShadowPhotonTracer.cpp
Compiling: ../../../src/Library/PhotonMapping/TranslucentPelPhotonMap.cpp
Compiling: ../../../src/Library/PhotonMapping/TranslucentPelPhotonTracer.cpp
Compiling: ../../../src/Library/Cameras/CameraCommon.cpp
Compiling: ../../../src/Library/Cameras/CameraUtilities.cpp
Compiling: ../../../src/Library/Cameras/FisheyeCamera.cpp
Compiling: ../../../src/Library/Cameras/OrthographicCamera.cpp
Compiling: ../../../src/Library/Cameras/PinholeCamera.cpp
Compiling: ../../../src/Library/Cameras/ThinLensCamera.cpp
Compiling: ../../../src/Library/Rendering/FileRasterizerOutput.cpp
Compiling: ../../../src/Library/Rendering/DisplayTransformWriter.cpp
Compiling: ../../../src/Library/Rendering/PixelBasedPelRasterizer.cpp
Compiling: ../../../src/Library/Rendering/InteractivePelRasterizer.cpp
Compiling: ../../../src/Library/Rendering/PixelBasedRasterizerHelper.cpp
Compiling: ../../../src/Library/Rendering/PixelBasedSpectralIntegratingRasterizer.cpp
Compiling: ../../../src/Library/Rendering/Rasterizer.cpp
Compiling: ../../../src/Library/Rendering/RayCaster.cpp
Compiling: ../../../src/Library/Rendering/EnvironmentSampler.cpp
Compiling: ../../../src/Library/Rendering/Film.cpp
Compiling: ../../../src/Library/Rendering/SplatFilm.cpp
Compiling: ../../../src/Library/Rendering/ThreadLocalSplatBuffer.cpp
Compiling: ../../../src/Library/Rendering/FilteredFilm.cpp
Compiling: ../../../src/Library/Rendering/AdaptiveTileSizer.cpp
Compiling: ../../../src/Library/Rendering/PreviewScheduler.cpp
Compiling: ../../../src/Library/Rendering/BidirectionalRasterizerBase.cpp
Compiling: Compiling: ../../../src/Library/Rendering/BDPTRasterizerBase.cpp
../../../src/Library/Rendering/PathTracingPelRasterizer.cpp
Compiling: ../../../src/Library/Rendering/AutoRasterizer.cpp
Compiling: ../../../src/Library/Rendering/PathTracingSpectralRasterizer.cpp
Compiling: ../../../src/Library/Rendering/BDPTPelRasterizer.cpp
Compiling: ../../../src/Library/Rendering/BDPTSpectralRasterizer.cpp
Compiling: ../../../src/Library/Rendering/VCMRasterizerBase.cpp
Compiling: ../../../src/Library/Rendering/VCMPelRasterizer.cpp
Compiling: ../../../src/Library/Rendering/VCMSpectralRasterizer.cpp
Compiling: ../../../src/Library/Rendering/MLTRasterizer.cpp
Compiling: ../../../src/Library/Rendering/MLTSpectralRasterizer.cpp
Compiling: ../../../src/Library/Rendering/AOVBuffers.cpp
Compiling: ../../../src/Library/Rendering/OIDNDenoiser.cpp
Compiling: ../../../src/Library/Rendering/FrameStoreColorSpace.cpp
Compiling: ../../../src/Library/Rendering/TargetFormat.cpp
Compiling: ../../../src/Library/Rendering/ViewTransform.cpp
Compiling: ../../../src/Library/Rendering/FrameStore.cpp
Compiling: ../../../src/Library/Rendering/FrameEncoders.cpp
Compiling: ../../../src/Library/Rendering/FrameSink.cpp
Compiling: ../../../src/Library/Rendering/FileEncoderObserver.cpp
Compiling: ../../../src/Library/Rendering/ViewportFrameStore.cpp
Compiling: ../../../src/Library/Shaders/SSS/PointSetOctree.cpp
Compiling: ../../../src/Library/Shaders/SSS/SubSurfaceScatteringShaderOp.cpp
Compiling: ../../../src/Library/Shaders/SSS/DonnerJensenSkinSSSShaderOp.cpp
Compiling: ../../../src/Library/Shaders/SSS/SSSContainment.cpp
Compiling: ../../../src/Library/Shaders/AmbientOcclusionShaderOp.cpp
Compiling: ../../../src/Library/Shaders/AreaLightShaderOp.cpp
Compiling: ../../../src/Library/Shaders/CausticPelPhotonMapShaderOp.cpp
Compiling: ../../../src/Library/Shaders/CausticSpectralPhotonMapShaderOp.cpp
Compiling: ../../../src/Library/Shaders/DirectLightingShaderOp.cpp
Compiling: ../../../src/Library/Shaders/DistributionTracingShaderOp.cpp
Compiling: ../../../src/Library/Shaders/EmissionShaderOp.cpp
Compiling: ../../../src/Library/Shaders/FinalGatherShaderOp.cpp
Compiling: ../../../src/Library/Shaders/GlobalPelPhotonMapShaderOp.cpp
Compiling: ../../../src/Library/Shaders/GlobalSpectralPhotonMapShaderOp.cpp
Compiling: ../../../src/Library/Shaders/PathTracingShaderOp.cpp
Compiling: ../../../src/Library/Shaders/PathTracingIntegrator.cpp
Compiling: ../../../src/Library/Shaders/SMSShaderOp.cpp
Compiling: ../../../src/Library/Shaders/ReflectionShaderOp.cpp
Compiling: ../../../src/Library/Shaders/RefractionShaderOp.cpp
Compiling: ../../../src/Library/Shaders/ShadowPhotonMapShaderOp.cpp
Compiling: ../../../src/Library/Shaders/TransparencyShaderOp.cpp
Compiling: ../../../src/Library/Shaders/AlphaTestShaderOp.cpp
Compiling: ../../../src/Library/Shaders/TranslucentPelPhotonMapShaderOp.cpp
Compiling: ../../../src/Library/Shaders/BDPTIntegrator.cpp
Compiling: ../../../src/Library/Shaders/VCMRecurrence.cpp
Compiling: ../../../src/Library/Shaders/VCMLightVertexStore.cpp
Compiling: ../../../src/Library/Shaders/VCMPathOps.cpp
Compiling: ../../../src/Library/Shaders/VCMIntegrator.cpp
Compiling: ../../../src/Library/Shaders/AdvancedShader.cpp
Compiling: ../../../src/Library/Shaders/DirectVolumeRenderingShader.cpp
Compiling: ../../../src/Library/Shaders/StandardShader.cpp
Compiling: ../../../src/Library/Modifiers/BumpMap.cpp
Compiling: ../../../src/Library/Modifiers/GlintModifier.cpp
Compiling: ../../../src/Library/Modifiers/NormalMap.cpp
Compiling: ../../../src/Library/RasterImages/EXRReader.cpp
Compiling: ../../../src/Library/RasterImages/EXRWriter.cpp
Compiling: ../../../src/Library/RasterImages/HDRReader.cpp
Compiling: ../../../src/Library/RasterImages/HDRWriter.cpp
Compiling: ../../../src/Library/RasterImages/PPMWriter.cpp
Compiling: ../../../src/Library/RasterImages/JPEGReader.cpp
Compiling: ../../../src/Library/RasterImages/PNGReader.cpp
Compiling: ../../../src/Library/RasterImages/PNGWriter.cpp
Compiling: ../../../src/Library/RasterImages/RGBEAWriter.cpp
Compiling: ../../../src/Library/RasterImages/TGAReader.cpp
Compiling: ../../../src/Library/RasterImages/TGAWriter.cpp
Compiling: ../../../src/Library/RasterImages/TIFFReader.cpp
Compiling: ../../../src/Library/RasterImages/TIFFWriter.cpp
Compiling: ../../../src/Library/Lights/DirectionalLight.cpp
Compiling: ../../../src/Library/Lights/LightBVH.cpp
Compiling: ../../../src/Library/Lights/PointLight.cpp
Compiling: ../../../src/Library/Lights/SpotLight.cpp
Compiling: ../../../src/Library/Lights/LightSampler.cpp
Compiling: ../../../src/Library/Animation/Animator.cpp
Compiling: ../../../src/Library/Animation/ElementTimeline.cpp
Compiling: ../../../src/Library/Animation/KeyframableHelper.cpp
Compiling: ../../../src/Library/Animation/KeyframableStrictParse.cpp
Compiling: ../../../src/Library/Animation/Timeline.cpp
Compiling: ../../../src/Library/Parsers/AsciiCommandParser.cpp
Compiling: ../../../src/Library/Parsers/ChunkParserRegistry.cpp
Compiling: ../../../src/Library/Parsers/AsciiScriptParser.cpp
Compiling: ../../../src/Library/Parsers/MathExpressionEvaluator.cpp
Compiling: ../../../src/Library/Options.cpp
Compiling: ../../../src/Library/SceneEditorSuggestions/SceneGrammar.cpp
Compiling: ../../../src/Library/SceneEditorSuggestions/CompletionContext.cpp
Compiling: ../../../src/Library/SceneEditorSuggestions/NameIndex.cpp
Compiling: ../../../src/Library/SceneEditorSuggestions/SuggestionEngine.cpp
Compiling: ../../../src/Library/SceneEditor/EditHistory.cpp
Compiling: ../../../src/Library/SceneEditor/CancellableProgressCallback.cpp
Compiling: ../../../src/Library/SceneEditor/SceneEditor.cpp
Compiling: ../../../src/Library/SceneEditor/SceneEditController.cpp
Compiling: ../../../src/Library/SceneEditor/CameraIntrospection.cpp
Compiling: ../../../src/Library/SceneEditor/ObjectIntrospection.cpp
Compiling: ../../../src/Library/SceneEditor/LightIntrospection.cpp
Compiling: ../../../src/Library/SceneEditor/RasterizerIntrospection.cpp
Compiling: ../../../src/Library/SceneEditor/FilmIntrospection.cpp
Compiling: ../../../src/Library/SceneEditor/MaterialIntrospection.cpp
Compiling: ../../../src/Library/SceneEditor/MediaIntrospection.cpp
Compiling: ../../../src/Library/SceneEditor/ChunkDescriptorRegistry.cpp
Compiling: ../../../src/Library/SceneEditor/TransformSnapshot.cpp
Compiling: ../../../src/Library/SceneEditor/DirtyTracker.cpp
Compiling: ../../../src/Library/SceneEditor/SaveEngine.cpp
Compiling: ../../../src/Library/SceneEditor/CstIntrospection.cpp
Compiling: ../../../src/Library/SceneEditor/EntityTemplates.cpp
Compiling: ../../../src/Library/DetectorSpheres/DetectorSphere.cpp
Compiling: ../../../src/Library/DetectorSpheres/IsotropicRGBDetectorSphere.cpp
Compiling: ../../../src/Library/Managers/ObjectManager.cpp
Compiling: ../../../src/Library/Managers/LightManager.cpp
Compiling: ../../../src/Library/Rendering/LuminaryManager.cpp
Compiling: ../../../src/Library/Scene.cpp
Compiling: ../../../src/Library/RISE_API.cpp
Compiling: ../../../extlib/stb/stb_image.cpp
Compiling: ../../../extlib/cgltf/cgltf.cpp
Compiling: ../../../src/Library/Job.cpp
Linking ../../../bin/tests/FireSequenceTest
