capstone probe workers=8 target=3 grid=69x69x106 dx=0.0305931161 t_ft=2.09320803
capstone step-start=0 speed=0 gprime=0 nu=2.23472097e-05 selected=5.23521035 previous=0
capstone event-step=0.00164626597 pilot_ceiling=0.0115509308 ramp_end=0.209320803
capstone accepted step=1 time=0.00164626597 dt=0.00164626597 Tmax=302.592941 qmax=0 eos_max=1.45011372e-05 approach_eos_max=1.45011372e-05 limiter_class=continuous limiter_discrepancy=0 active_set_class=continuous active_set_discrepancy=0 active_set_cycle=0 active_set_faces=0
capstone step-start=1 speed=0.129151717 gprime=0.0884640856 nu=8.61405907e-05 selected=0.00181089257 previous=0.00164626597
capstone event-step=0.00164626597 pilot_ceiling=0.0115509308 ramp_end=0.209320803
capstone accepted step=2 time=0.00329253194 dt=0.00164626597 Tmax=305.218193 qmax=0 eos_max=4.70601489e-05 approach_eos_max=4.70601489e-05 limiter_class=continuous limiter_discrepancy=0 active_set_class=continuous active_set_discrepancy=0 active_set_cycle=0 active_set_faces=0
capstone step-start=2 speed=0.154281661 gprime=0.178086095 nu=0.000104673754 selected=0.00181089257 previous=0.00164626597
capstone event-step=0.00164626597 pilot_ceiling=0.0115509308 ramp_end=0.209320803
capstone accepted step=3 time=0.00493879791 dt=0.00164626597 Tmax=307.866404 qmax=0 eos_max=7.67236907e-05 approach_eos_max=7.67236907e-05 limiter_class=continuous limiter_discrepancy=0 active_set_class=continuous active_set_discrepancy=0 active_set_cycle=0 active_set_faces=0
capstone step-start=3 speed=0.169075027 gprime=0.268541311 nu=0.000114246248 selected=0.00181089257 previous=0.00164626597
capstone event-step=0.00164626597 pilot_ceiling=0.0115509308 ramp_end=0.209320803
capstone accepted step=4 time=0.00658506388 dt=0.00164626597 Tmax=310.537707 qmax=0 eos_max=0.000108949748 approach_eos_max=0.000108949748 limiter_class=continuous limiter_discrepancy=0 active_set_class=continuous active_set_discrepancy=0 active_set_cycle=0 active_set_faces=0
capstone accepted step=10 time=0.0164626597 dt=0.00164626597 Tmax=327.059688 qmax=0 eos_max=0.000305027063 approach_eos_max=0.000305027063 limiter_class=continuous limiter_discrepancy=0 active_set_class=continuous active_set_discrepancy=0 active_set_cycle=0 active_set_faces=0
capstone accepted step=20 time=0.0329253194 dt=0.00164626597 Tmax=356.573189 qmax=0 eos_max=0.000642334378 approach_eos_max=0.000642334378 limiter_class=continuous limiter_discrepancy=0 active_set_class=continuous active_set_discrepancy=0 active_set_cycle=0 active_set_faces=0
capstone durable checkpoint count=1 step=23 time=0.0378641173010692 path=rendered/fire_production_calibration/r207_tier8_verdict/ported_from_zero.v1/latest.checkpoint
capstone retained checkpoint step=23 time=0.0378641173010692 path=rendered/fire_production_calibration/r207_tier8_verdict/ported_from_zero.v1/checkpoints/step_0000000023.checkpoint
capstone accepted step=30 time=0.0493879791 dt=0.00164626597 Tmax=388.750993 qmax=0 eos_max=0.00105047746 approach_eos_max=0.00105047746 limiter_class=continuous limiter_discrepancy=0 active_set_class=continuous active_set_discrepancy=0 active_set_cycle=0 active_set_faces=0
capstone accepted step=40 time=0.0658506388 dt=0.00164626597 Tmax=423.833586 qmax=0 eos_max=0.00154992404 approach_eos_max=0.00154992404 limiter_class=continuous limiter_discrepancy=0 active_set_class=continuous active_set_discrepancy=0 active_set_cycle=0 active_set_faces=0
capstone durable checkpoint count=2 step=47 time=0.077374500571750104 path=rendered/fire_production_calibration/r207_tier8_verdict/ported_from_zero.v1/latest.checkpoint
capstone retained checkpoint step=47 time=0.077374500571750104 path=rendered/fire_production_calibration/r207_tier8_verdict/ported_from_zero.v1/checkpoints/step_0000000047.checkpoint
capstone accepted step=50 time=0.0823132985 dt=0.00164626597 Tmax=462.083681 qmax=0 eos_max=0.00217077337 approach_eos_max=0.00217077337 limiter_class=continuous limiter_discrepancy=0 active_set_class=continuous active_set_discrepancy=0 active_set_cycle=0 active_set_faces=0
capstone accepted step=60 time=0.0987759582 dt=0.00164626597 Tmax=624.362035 qmax=12907534.1 eos_max=0.00231175293 approach_eos_max=0.00231175293 limiter_class=continuous limiter_discrepancy=0 active_set_class=continuous active_set_discrepancy=0 active_set_cycle=0 active_set_faces=0
capstone durable checkpoint count=3 step=69 time=0.1135923519032076 path=rendered/fire_production_calibration/r207_tier8_verdict/ported_from_zero.v1/latest.checkpoint
capstone retained checkpoint step=69 time=0.1135923519032076 path=rendered/fire_production_calibration/r207_tier8_verdict/ported_from_zero.v1/checkpoints/step_0000000069.checkpoint
capstone accepted step=70 time=0.115238618 dt=0.00164626597 Tmax=900.210951 qmax=13653059.5 eos_max=0.00231256252 approach_eos_max=0.00231256252 limiter_class=continuous limiter_discrepancy=0 active_set_class=continuous active_set_discrepancy=0 active_set_cycle=0 active_set_faces=0
capstone accepted step=80 time=0.131701278 dt=0.00164626597 Tmax=1159.83782 qmax=10926189.5 eos_max=0.00235514727 approach_eos_max=0.00235514727 limiter_class=continuous limiter_discrepancy=0 active_set_class=continuous active_set_discrepancy=0 active_set_cycle=0 active_set_faces=0
capstone accepted step=90 time=0.148163937 dt=0.00164626597 Tmax=1291.23174 qmax=8521295.56 eos_max=0.0027879485 approach_eos_max=0.0027879485 limiter_class=continuous limiter_discrepancy=0 active_set_class=continuous active_set_discrepancy=0 active_set_cycle=0 active_set_faces=0
capstone durable checkpoint count=4 step=92 time=0.1514564692042768 path=rendered/fire_production_calibration/r207_tier8_verdict/ported_from_zero.v1/latest.checkpoint
capstone retained checkpoint step=92 time=0.1514564692042768 path=rendered/fire_production_calibration/r207_tier8_verdict/ported_from_zero.v1/checkpoints/step_0000000092.checkpoint
capstone accepted step=100 time=0.164626597 dt=0.00164626597 Tmax=1316.77064 qmax=7886924.45 eos_max=0.00369869099 approach_eos_max=0.00369869099 limiter_class=continuous limiter_discrepancy=0 active_set_class=continuous active_set_discrepancy=0 active_set_cycle=0 active_set_faces=0
capstone accepted step=110 time=0.181089257 dt=0.00164626597 Tmax=1283.55291 qmax=7968508.51 eos_max=0.00432561953 approach_eos_max=0.00432561953 limiter_class=continuous limiter_discrepancy=0 active_set_class=continuous active_set_discrepancy=0 active_set_cycle=0 active_set_faces=0
capstone durable checkpoint count=5 step=114 time=0.1876743205357343 path=rendered/fire_production_calibration/r207_tier8_verdict/ported_from_zero.v1/latest.checkpoint
capstone retained checkpoint step=114 time=0.1876743205357343 path=rendered/fire_production_calibration/r207_tier8_verdict/ported_from_zero.v1/checkpoints/step_0000000114.checkpoint
capstone accepted step=120 time=0.197551916 dt=0.00164626597 Tmax=1232.71146 qmax=9457200.36 eos_max=0.00548601615 approach_eos_max=0.00548601615 limiter_class=continuous limiter_discrepancy=0 active_set_class=continuous active_set_discrepancy=0 active_set_cycle=0 active_set_faces=0
capstone accepted step=130 time=0.209886809 dt=0.000296479528 Tmax=1176.38195 qmax=9598656.68 eos_max=0.00566360967 approach_eos_max=0.00566360967 limiter_class=continuous limiter_discrepancy=0 active_set_class=continuous active_set_discrepancy=0 active_set_cycle=0 active_set_faces=0
capstone durable checkpoint count=6 step=134 time=0.21140036662109196 path=rendered/fire_production_calibration/r207_tier8_verdict/ported_from_zero.v1/latest.checkpoint
capstone retained checkpoint step=134 time=0.21140036662109196 path=rendered/fire_production_calibration/r207_tier8_verdict/ported_from_zero.v1/checkpoints/step_0000000134.checkpoint
capstone accepted step=140 time=0.215084441 dt=0.000768991595 Tmax=1251.71654 qmax=10009236.6 eos_max=0.00566360967 approach_eos_max=0.00566360967 limiter_class=continuous limiter_discrepancy=0 active_set_class=continuous active_set_discrepancy=0 active_set_cycle=0 active_set_faces=0
capstone accepted step=150 time=0.22804835 dt=0.00164626597 Tmax=1341.26771 qmax=10695109.4 eos_max=0.00583780822 approach_eos_max=0.00566360967 limiter_class=continuous limiter_discrepancy=0 active_set_class=continuous active_set_discrepancy=0 active_set_cycle=0 active_set_faces=0
capstone durable checkpoint count=7 step=153 time=0.23298714763950557 path=rendered/fire_production_calibration/r207_tier8_verdict/ported_from_zero.v1/latest.checkpoint
capstone retained checkpoint step=153 time=0.23298714763950557 path=rendered/fire_production_calibration/r207_tier8_verdict/ported_from_zero.v1/checkpoints/step_0000000153.checkpoint
capstone accepted step=160 time=0.244511009 dt=0.00164626597 Tmax=1383.54827 qmax=12271257.9 eos_max=0.00615217642 approach_eos_max=0.00566360967 limiter_class=continuous limiter_discrepancy=0 active_set_class=continuous active_set_discrepancy=0 active_set_cycle=0 active_set_faces=0
capstone accepted step=170 time=0.260973669 dt=0.00164626597 Tmax=1367.43472 qmax=12772227.7 eos_max=0.00615217642 approach_eos_max=0.00566360967 limiter_class=continuous limiter_discrepancy=0 active_set_class=continuous active_set_discrepancy=0 active_set_cycle=0 active_set_faces=0
capstone durable checkpoint count=8 step=172 time=0.26426620106212795 path=rendered/fire_production_calibration/r207_tier8_verdict/ported_from_zero.v1/latest.checkpoint
capstone retained checkpoint step=172 time=0.26426620106212795 path=rendered/fire_production_calibration/r207_tier8_verdict/ported_from_zero.v1/checkpoints/step_0000000172.checkpoint
capstone accepted step=180 time=0.277436329 dt=0.00164626597 Tmax=1371.71045 qmax=13113659.8 eos_max=0.00615217642 approach_eos_max=0.00566360967 limiter_class=continuous limiter_discrepancy=0 active_set_class=continuous active_set_discrepancy=0 active_set_cycle=0 active_set_faces=0
capstone durable checkpoint count=9 step=190 time=0.29389898851513863 path=rendered/fire_production_calibration/r207_tier8_verdict/ported_from_zero.v1/latest.checkpoint
capstone retained checkpoint step=190 time=0.29389898851513863 path=rendered/fire_production_calibration/r207_tier8_verdict/ported_from_zero.v1/checkpoints/step_0000000190.checkpoint
capstone accepted step=190 time=0.293898989 dt=0.00164626597 Tmax=1424.77505 qmax=13211504.9 eos_max=0.00615217642 approach_eos_max=0.00566360967 limiter_class=continuous limiter_discrepancy=0 active_set_class=continuous active_set_discrepancy=0 active_set_cycle=0 active_set_faces=0
capstone accepted step=200 time=0.310361648 dt=0.00164626597 Tmax=1465.26679 qmax=13042975.1 eos_max=0.00615217642 approach_eos_max=0.00566360967 limiter_class=continuous limiter_discrepancy=0 active_set_class=continuous active_set_discrepancy=0 active_set_cycle=0 active_set_faces=0
capstone durable checkpoint count=10 step=208 time=0.3235317759681493 path=rendered/fire_production_calibration/r207_tier8_verdict/ported_from_zero.v1/latest.checkpoint
capstone retained checkpoint step=208 time=0.3235317759681493 path=rendered/fire_production_calibration/r207_tier8_verdict/ported_from_zero.v1/checkpoints/step_0000000208.checkpoint
capstone accepted step=210 time=0.326824308 dt=0.00164626597 Tmax=1479.09908 qmax=12868776.1 eos_max=0.00615217642 approach_eos_max=0.00566360967 limiter_class=continuous limiter_discrepancy=0 active_set_class=continuous active_set_discrepancy=0 active_set_cycle=0 active_set_faces=0
capstone accepted step=220 time=0.343286968 dt=0.00164626597 Tmax=1508.7611 qmax=12806026.2 eos_max=0.00660018664 approach_eos_max=0.00566360967 limiter_class=continuous limiter_discrepancy=0 active_set_class=continuous active_set_discrepancy=0 active_set_cycle=0 active_set_faces=0
capstone durable checkpoint count=11 step=226 time=0.35316456342115998 path=rendered/fire_production_calibration/r207_tier8_verdict/ported_from_zero.v1/latest.checkpoint
capstone retained checkpoint step=226 time=0.35316456342115998 path=rendered/fire_production_calibration/r207_tier8_verdict/ported_from_zero.v1/checkpoints/step_0000000226.checkpoint
capstone accepted step=230 time=0.359749627 dt=0.00164626597 Tmax=1542.34474 qmax=12968828.5 eos_max=0.0076256718 approach_eos_max=0.00566360967 limiter_class=continuous limiter_discrepancy=0 active_set_class=continuous active_set_discrepancy=0 active_set_cycle=0 active_set_faces=0
capstone accepted step=240 time=0.376212287 dt=0.00164626597 Tmax=1574.32268 qmax=13688388.4 eos_max=0.00923432652 approach_eos_max=0.00566360967 limiter_class=continuous limiter_discrepancy=0 active_set_class=continuous active_set_discrepancy=0 active_set_cycle=0 active_set_faces=0
capstone durable checkpoint count=12 step=244 time=0.38279735087417066 path=rendered/fire_production_calibration/r207_tier8_verdict/ported_from_zero.v1/latest.checkpoint
capstone retained checkpoint step=244 time=0.38279735087417066 path=rendered/fire_production_calibration/r207_tier8_verdict/ported_from_zero.v1/checkpoints/step_0000000244.checkpoint
capstone accepted step=250 time=0.392674947 dt=0.00164626597 Tmax=1552.61723 qmax=14147968.2 eos_max=0.00935237224 approach_eos_max=0.00566360967 limiter_class=continuous limiter_discrepancy=0 active_set_class=continuous active_set_discrepancy=0 active_set_cycle=0 active_set_faces=0
capstone accepted step=260 time=0.409137606 dt=0.00164626597 Tmax=1489.94087 qmax=14409559.3 eos_max=0.00935237224 approach_eos_max=0.00566360967 limiter_class=continuous limiter_discrepancy=0 active_set_class=continuous active_set_discrepancy=0 active_set_cycle=0 active_set_faces=0
capstone durable checkpoint count=13 step=261 time=0.41078387235756963 path=rendered/fire_production_calibration/r207_tier8_verdict/ported_from_zero.v1/latest.checkpoint
capstone retained checkpoint step=261 time=0.41078387235756963 path=rendered/fire_production_calibration/r207_tier8_verdict/ported_from_zero.v1/checkpoints/step_0000000261.checkpoint
capstone accepted step=270 time=0.425600266 dt=0.00164626597 Tmax=1570.19674 qmax=14673667.2 eos_max=0.0093561083 approach_eos_max=0.00566360967 limiter_class=continuous limiter_discrepancy=0 active_set_class=continuous active_set_discrepancy=0 active_set_cycle=0 active_set_faces=0
capstone durable checkpoint count=14 step=278 time=0.43877039384096861 path=rendered/fire_production_calibration/r207_tier8_verdict/ported_from_zero.v1/latest.checkpoint
capstone retained checkpoint step=278 time=0.43877039384096861 path=rendered/fire_production_calibration/r207_tier8_verdict/ported_from_zero.v1/checkpoints/step_0000000278.checkpoint
capstone accepted step=280 time=0.442062926 dt=0.00164626597 Tmax=1611.84856 qmax=14875202.6 eos_max=0.00971607608 approach_eos_max=0.00566360967 limiter_class=continuous limiter_discrepancy=0 active_set_class=continuous active_set_discrepancy=0 active_set_cycle=0 active_set_faces=0
capstone accepted step=290 time=0.458525585 dt=0.00164626597 Tmax=1633.98933 qmax=14582042.9 eos_max=0.00971607608 approach_eos_max=0.00566360967 limiter_class=continuous limiter_discrepancy=0 active_set_class=continuous active_set_discrepancy=0 active_set_cycle=0 active_set_faces=0
capstone durable checkpoint count=15 step=296 time=0.46840318129397929 path=rendered/fire_production_calibration/r207_tier8_verdict/ported_from_zero.v1/latest.checkpoint
capstone retained checkpoint step=296 time=0.46840318129397929 path=rendered/fire_production_calibration/r207_tier8_verdict/ported_from_zero.v1/checkpoints/step_0000000296.checkpoint
capstone accepted step=300 time=0.474988245 dt=0.00164626597 Tmax=1689.24584 qmax=14030873.4 eos_max=0.00971607608 approach_eos_max=0.00566360967 limiter_class=continuous limiter_discrepancy=0 active_set_class=continuous active_set_discrepancy=0 active_set_cycle=0 active_set_faces=0
capstone accepted step=310 time=0.491450905 dt=0.00164626597 Tmax=1673.82631 qmax=14059725.9 eos_max=0.00971607608 approach_eos_max=0.00566360967 limiter_class=continuous limiter_discrepancy=0 active_set_class=continuous active_set_discrepancy=0 active_set_cycle=0 active_set_faces=0
capstone durable checkpoint count=16 step=315 time=0.49968223471660167 path=rendered/fire_production_calibration/r207_tier8_verdict/ported_from_zero.v1/latest.checkpoint
capstone retained checkpoint step=315 time=0.49968223471660167 path=rendered/fire_production_calibration/r207_tier8_verdict/ported_from_zero.v1/checkpoints/step_0000000315.checkpoint
capstone accepted step=320 time=0.507913565 dt=0.00164626597 Tmax=1633.52228 qmax=14280197.8 eos_max=0.00971607608 approach_eos_max=0.00566360967 limiter_class=continuous limiter_discrepancy=0 active_set_class=continuous active_set_discrepancy=0 active_set_cycle=0 active_set_faces=0
capstone accepted step=330 time=0.524376224 dt=0.00164626597 Tmax=1676.66132 qmax=13745203.9 eos_max=0.00971607608 approach_eos_max=0.00566360967 limiter_class=continuous limiter_discrepancy=0 active_set_class=continuous active_set_discrepancy=0 active_set_cycle=0 active_set_faces=0
capstone durable checkpoint count=17 step=334 time=0.53096128813922405 path=rendered/fire_production_calibration/r207_tier8_verdict/ported_from_zero.v1/latest.checkpoint
capstone retained checkpoint step=334 time=0.53096128813922405 path=rendered/fire_production_calibration/r207_tier8_verdict/ported_from_zero.v1/checkpoints/step_0000000334.checkpoint
capstone accepted step=340 time=0.540838884 dt=0.00164626597 Tmax=1730.84477 qmax=12927053.5 eos_max=0.00971607608 approach_eos_max=0.00566360967 limiter_class=continuous limiter_discrepancy=0 active_set_class=continuous active_set_discrepancy=0 active_set_cycle=0 active_set_faces=0
capstone accepted step=350 time=0.557301544 dt=0.00164626597 Tmax=1730.93106 qmax=10856711.2 eos_max=0.00971607608 approach_eos_max=0.00566360967 limiter_class=continuous limiter_discrepancy=0 active_set_class=continuous active_set_discrepancy=0 active_set_cycle=0 active_set_faces=0
capstone durable checkpoint count=18 step=353 time=0.56224034156184644 path=rendered/fire_production_calibration/r207_tier8_verdict/ported_from_zero.v1/latest.checkpoint
capstone retained checkpoint step=353 time=0.56224034156184644 path=rendered/fire_production_calibration/r207_tier8_verdict/ported_from_zero.v1/checkpoints/step_0000000353.checkpoint
capstone accepted step=360 time=0.573764203 dt=0.00164626597 Tmax=1677.13289 qmax=8393637.99 eos_max=0.00971607608 approach_eos_max=0.00566360967 limiter_class=continuous limiter_discrepancy=0 active_set_class=continuous active_set_discrepancy=0 active_set_cycle=0 active_set_faces=0
capstone accepted step=370 time=0.590226863 dt=0.00164626597 Tmax=1652.73149 qmax=6800094.47 eos_max=0.00971607608 approach_eos_max=0.00566360967 limiter_class=continuous limiter_discrepancy=0 active_set_class=continuous active_set_discrepancy=0 active_set_cycle=0 active_set_faces=0
capstone durable checkpoint count=19 step=371 time=0.59187312901485711 path=rendered/fire_production_calibration/r207_tier8_verdict/ported_from_zero.v1/latest.checkpoint
capstone retained checkpoint step=371 time=0.59187312901485711 path=rendered/fire_production_calibration/r207_tier8_verdict/ported_from_zero.v1/checkpoints/step_0000000371.checkpoint
capstone accepted step=380 time=0.606689523 dt=0.00164626597 Tmax=1654.75629 qmax=1405280.16 eos_max=0.00971607608 approach_eos_max=0.00566360967 limiter_class=continuous limiter_discrepancy=0 active_set_class=continuous active_set_discrepancy=0 active_set_cycle=0 active_set_faces=0
capstone durable checkpoint count=20 step=388 time=0.61985965049825609 path=rendered/fire_production_calibration/r207_tier8_verdict/ported_from_zero.v1/latest.checkpoint
capstone retained checkpoint step=388 time=0.61985965049825609 path=rendered/fire_production_calibration/r207_tier8_verdict/ported_from_zero.v1/checkpoints/step_0000000388.checkpoint
capstone accepted step=390 time=0.623152182 dt=0.00164626597 Tmax=1671.42225 qmax=1331319.19 eos_max=0.00971607608 approach_eos_max=0.00566360967 limiter_class=continuous limiter_discrepancy=0 active_set_class=continuous active_set_discrepancy=0 active_set_cycle=0 active_set_faces=0
production rejection candidate=0 physical_valid=0 terminal_valid=0 token=0 plateau_passed=0 dynamics_passed=0 next_available=0 represented_dt=0 suggested_dt=0 field_max=0 invocations=0 cycles=0 pre=0 post=0 band=0 error=projected-Heun canonical source differs from persisted source fields: index=4039499 canonical=-0.048315051943063736 persisted=-0.048315037041902542
capstone solver diagnostic steps=390 time=0.6231521824374795: solver_failure:projected-Heun canonical source differs from persisted source fields: index=4039499 canonical=-0.048315051943063736 persisted=-0.048315037041902542
capstone accepted EOS drift history tail=0.00349695926,0.00329018524,0.00328263549,0.00314624486,0.00324671302,0.00324693336,0.00320288827,0.00308107839
production onset campaign failed: solver_failure:projected-Heun canonical source differs from persisted source fields: index=4039499 canonical=-0.048315051943063736 persisted=-0.048315037041902542
